File “/Users/lilla/residenza127/venv/lib/python3.12/site-packages/django/contrib/gis/locale/hsb/LC_MESSAGES/django.po” is already compiled and up to date.
File “/Users/lilla/residenza127/venv/lib/python3.12/site-packages/django/contrib/gis/locale/hy/LC_MESSAGES/django.po” is already compiled and up to date.
File “/Users/lilla/residenza127/venv/lib/python3.12/site-packages/django/contrib/gis/locale/gl/LC_MESSAGES/django.po” is already compiled and up to date.
File “/Users/lilla/residenza127/venv/lib/python3.12/site-packages/django/contrib/gis/locale/cs/LC_MESSAGES/django.po” is already compiled and up to date.
File “/Users/lilla/residenza127/venv/lib/python3.12/site-packages/django/contrib/gis/locale/pl/LC_MESSAGES/django.po” is already compiled and up to date.
File “/Users/lilla/residenza127/venv/lib/python3.12/site-packages/django/contrib/gis/locale/ru/LC_MESSAGES/django.po” is already compiled and up to date.
File “/Users/lilla/residenza127/venv/lib/python3.12/site-packages/django/contrib/gis/locale/da/LC_MESSAGES/django.po” is already compiled and up to date.
File “/Users/lilla/residenza127/venv/lib/python3.12/site-packages/django/contrib/gis/locale/it/LC_MESSAGES/django.po” is already compiled and up to date.
File “/Users/lilla/residenza127/venv/lib/python3.12/site-packages/django/contrib/gis/locale/ko/LC_MESSAGES/django.po” is already compiled and up to date.
File “/Users/lilla/residenza127/venv/lib/python3.12/site-packages/django/contrib/gis/locale/bg/LC_MESSAGES/django.po” is already compiled and up to date.
File “/Users/lilla/residenza127/venv/lib/python3.12/site-packages/django/contrib/gis/locale/zh_Hant/LC_MESSAGES/django.po” is already compiled and up to date.
File “/Users/lilla/residenza127/venv/lib/python3.12/site-packages/django/contrib/gis/locale/ro/LC_MESSAGES/django.po” is already compiled and up to date.
File “/Users/lilla/residenza127/venv/lib/python3.12/site-packages/django/contrib/gis/locale/pt/LC_MESSAGES/django.po” is already compiled and up to date.
File “/Users/lilla/residenza127/venv/lib/python3.12/site-packages/django/contrib/gis/locale/zh_Hans/LC_MESSAGES/django.po” is already compiled and up to date.
File “/Users/lilla/residenza127/venv/lib/python3.12/site-packages/django/contrib/gis/locale/gd/LC_MESSAGES/django.po” is already compiled and up to date.
File “/Users/lilla/residenza127/venv/lib/python3.12/site-packages/django/contrib/gis/locale/pt_BR/LC_MESSAGES/django.po” is already compiled and up to date.
File “/Users/lilla/residenza127/venv/lib/python3.12/site-packages/django/contrib/gis/locale/mn/LC_MESSAGES/django.po” is already compiled and up to date.
File “/Users/lilla/residenza127/venv/lib/python3.12/site-packages/django/contrib/gis/locale/sv/LC_MESSAGES/django.po” is already compiled and up to date.
File “/Users/lilla/residenza127/venv/lib/python3.12/site-packages/django/contrib/gis/locale/ug/LC_MESSAGES/django.po” is already compiled and up to date.
File “/Users/lilla/residenza127/venv/lib/python3.12/site-packages/django/contrib/gis/locale/sk/LC_MESSAGES/django.po” is already compiled and up to date.
File “/Users/lilla/residenza127/venv/lib/python3.12/site-packages/django/contrib/gis/locale/fr/LC_MESSAGES/django.po” is already compiled and up to date.
File “/Users/lilla/residenza127/venv/lib/python3.12/site-packages/django/contrib/gis/locale/ml/LC_MESSAGES/django.po” is already compiled and up to date.
File “/Users/lilla/residenza127/venv/lib/python3.12/site-packages/django/contrib/gis/locale/el/LC_MESSAGES/django.po” is already compiled and up to date.
File “/Users/lilla/residenza127/venv/lib/python3.12/site-packages/django/contrib/gis/locale/hu/LC_MESSAGES/django.po” is already compiled and up to date.
File “/Users/lilla/residenza127/venv/lib/python3.12/site-packages/django/contrib/gis/locale/hr/LC_MESSAGES/django.po” is already compiled and up to date.
File “/Users/lilla/residenza127/venv/lib/python3.12/site-packages/django/contrib/gis/locale/sr_Latn/LC_MESSAGES/django.po” is already compiled and up to date.
File “/Users/lilla/residenza127/venv/lib/python3.12/site-packages/django/contrib/gis/locale/ur/LC_MESSAGES/django.po” is already compiled and up to date.
File “/Users/lilla/residenza127/venv/lib/python3.12/site-packages/django/contrib/gis/locale/fi/LC_MESSAGES/django.po” is already compiled and up to date.
File “/Users/lilla/residenza127/venv/lib/python3.12/site-packages/django/contrib/gis/locale/es_VE/LC_MESSAGES/django.po” is already compiled and up to date.
File “/Users/lilla/residenza127/venv/lib/python3.12/site-packages/django/contrib/gis/locale/ia/LC_MESSAGES/django.po” is already compiled and up to date.
File “/Users/lilla/residenza127/venv/lib/python3.12/site-packages/django/contrib/gis/locale/ckb/LC_MESSAGES/django.po” is already compiled and up to date.
File “/Users/lilla/residenza127/venv/lib/python3.12/site-packages/django/contrib/gis/locale/tg/LC_MESSAGES/django.po” is already compiled and up to date.
File “/Users/lilla/residenza127/venv/lib/python3.12/site-packages/django/contrib/gis/locale/vi/LC_MESSAGES/django.po” is already compiled and up to date.
File “/Users/lilla/residenza127/venv/lib/python3.12/site-packages/django/contrib/gis/locale/es_CO/LC_MESSAGES/django.po” is already compiled and up to date.
File “/Users/lilla/residenza127/venv/lib/python3.12/site-packages/django/contrib/gis/locale/ja/LC_MESSAGES/django.po” is already compiled and up to date.
File “/Users/lilla/residenza127/venv/lib/python3.12/site-packages/django/contrib/gis/locale/be/LC_MESSAGES/django.po” is already compiled and up to date.
File “/Users/lilla/residenza127/venv/lib/python3.12/site-packages/django/contrib/gis/locale/br/LC_MESSAGES/django.po” is already compiled and up to date.
File “/Users/lilla/residenza127/venv/lib/python3.12/site-packages/django/contrib/gis/locale/ca/LC_MESSAGES/django.po” is already compiled and up to date.
File “/Users/lilla/residenza127/venv/lib/python3.12/site-packages/django/contrib/gis/locale/bn/LC_MESSAGES/django.po” is already compiled and up to date.
File “/Users/lilla/residenza127/venv/lib/python3.12/site-packages/django/contrib/gis/locale/es/LC_MESSAGES/django.po” is already compiled and up to date.
File “/Users/lilla/residenza127/venv/lib/python3.12/site-packages/django/contrib/gis/locale/nn/LC_MESSAGES/django.po” is already compiled and up to date.
File “/Users/lilla/residenza127/venv/lib/python3.12/site-packages/django/contrib/gis/locale/bs/LC_MESSAGES/django.po” is already compiled and up to date.
File “/Users/lilla/residenza127/venv/lib/python3.12/site-packages/django/contrib/gis/locale/eu/LC_MESSAGES/django.po” is already compiled and up to date.
File “/Users/lilla/residenza127/venv/lib/python3.12/site-packages/django/contrib/gis/locale/th/LC_MESSAGES/django.po” is already compiled and up to date.
File “/Users/lilla/residenza127/venv/lib/python3.12/site-packages/django/contrib/gis/locale/eo/LC_MESSAGES/django.po” is already compiled and up to date.
File “/Users/lilla/residenza127/venv/lib/python3.12/site-packages/django/contrib/gis/locale/sr/LC_MESSAGES/django.po” is already compiled and up to date.
File “/Users/lilla/residenza127/venv/lib/python3.12/site-packages/django/contrib/gis/locale/ky/LC_MESSAGES/django.po” is already compiled and up to date.
File “/Users/lilla/residenza127/venv/lib/python3.12/site-packages/django/contrib/gis/locale/id/LC_MESSAGES/django.po” is already compiled and up to date.
File “/Users/lilla/residenza127/venv/lib/python3.12/site-packages/django/contrib/gis/locale/es_AR/LC_MESSAGES/django.po” is already compiled and up to date.
File “/Users/lilla/residenza127/venv/lib/python3.12/site-packages/django/contrib/gis/locale/my/LC_MESSAGES/django.po” is already compiled and up to date.
File “/Users/lilla/residenza127/venv/lib/python3.12/site-packages/django/contrib/gis/locale/fa/LC_MESSAGES/django.po” is already compiled and up to date.
File “/Users/lilla/residenza127/venv/lib/python3.12/site-packages/django/contrib/gis/locale/sw/LC_MESSAGES/django.po” is already compiled and up to date.
File “/Users/lilla/residenza127/venv/lib/python3.12/site-packages/django/contrib/gis/locale/he/LC_MESSAGES/django.po” is already compiled and up to date.
File “/Users/lilla/residenza127/venv/lib/python3.12/site-packages/django/contrib/gis/locale/lb/LC_MESSAGES/django.po” is already compiled and up to date.
File “/Users/lilla/residenza127/venv/lib/python3.12/site-packages/django/contrib/gis/locale/ar/LC_MESSAGES/django.po” is already compiled and up to date.
File “/Users/lilla/residenza127/venv/lib/python3.12/site-packages/django/contrib/gis/locale/en_AU/LC_MESSAGES/django.po” is already compiled and up to date.
File “/Users/lilla/residenza127/venv/lib/python3.12/site-packages/django/contrib/gis/locale/lv/LC_MESSAGES/django.po” is already compiled and up to date.
File “/Users/lilla/residenza127/venv/lib/python3.12/site-packages/django/contrib/gis/locale/dsb/LC_MESSAGES/django.po” is already compiled and up to date.
File “/Users/lilla/residenza127/venv/lib/python3.12/site-packages/django/contrib/gis/locale/uk/LC_MESSAGES/django.po” is already compiled and up to date.
File “/Users/lilla/residenza127/venv/lib/python3.12/site-packages/django/contrib/gis/locale/et/LC_MESSAGES/django.po” is already compiled and up to date.
File “/Users/lilla/residenza127/venv/lib/python3.12/site-packages/django/contrib/gis/locale/nl/LC_MESSAGES/django.po” is already compiled and up to date.
File “/Users/lilla/residenza127/venv/lib/python3.12/site-packages/django/contrib/gis/locale/ka/LC_MESSAGES/django.po” is already compiled and up to date.
File “/Users/lilla/residenza127/venv/lib/python3.12/site-packages/django/contrib/gis/locale/ne/LC_MESSAGES/django.po” is already compiled and up to date.
File “/Users/lilla/residenza127/venv/lib/python3.12/site-packages/django/contrib/gis/locale/ms/LC_MESSAGES/django.po” is already compiled and up to date.
File “/Users/lilla/residenza127/venv/lib/python3.12/site-packages/django/contrib/gis/locale/sq/LC_MESSAGES/django.po” is already compiled and up to date.
File “/Users/lilla/residenza127/venv/lib/python3.12/site-packages/django/contrib/gis/locale/es_MX/LC_MESSAGES/django.po” is already compiled and up to date.
File “/Users/lilla/residenza127/venv/lib/python3.12/site-packages/django/contrib/gis/locale/en_GB/LC_MESSAGES/django.po” is already compiled and up to date.
File “/Users/lilla/residenza127/venv/lib/python3.12/site-packages/django/contrib/gis/locale/tr/LC_MESSAGES/django.po” is already compiled and up to date.
File “/Users/lilla/residenza127/venv/lib/python3.12/site-packages/django/contrib/gis/locale/km/LC_MESSAGES/django.po” is already compiled and up to date.
File “/Users/lilla/residenza127/venv/lib/python3.12/site-packages/django/contrib/gis/locale/kn/LC_MESSAGES/django.po” is already compiled and up to date.
File “/Users/lilla/residenza127/venv/lib/python3.12/site-packages/django/contrib/gis/locale/sl/LC_MESSAGES/django.po” is already compiled and up to date.
File “/Users/lilla/residenza127/venv/lib/python3.12/site-packages/django/contrib/gis/locale/ast/LC_MESSAGES/django.po” is already compiled and up to date.
File “/Users/lilla/residenza127/venv/lib/python3.12/site-packages/django/contrib/gis/locale/io/LC_MESSAGES/django.po” is already compiled and up to date.
File “/Users/lilla/residenza127/venv/lib/python3.12/site-packages/django/contrib/gis/locale/af/LC_MESSAGES/django.po” is already compiled and up to date.
File “/Users/lilla/residenza127/venv/lib/python3.12/site-packages/django/contrib/gis/locale/os/LC_MESSAGES/django.po” is already compiled and up to date.
File “/Users/lilla/residenza127/venv/lib/python3.12/site-packages/django/contrib/gis/locale/ta/LC_MESSAGES/django.po” is already compiled and up to date.
File “/Users/lilla/residenza127/venv/lib/python3.12/site-packages/django/contrib/gis/locale/ar_DZ/LC_MESSAGES/django.po” is already compiled and up to date.
File “/Users/lilla/residenza127/venv/lib/python3.12/site-packages/django/contrib/gis/locale/lt/LC_MESSAGES/django.po” is already compiled and up to date.
File “/Users/lilla/residenza127/venv/lib/python3.12/site-packages/django/contrib/gis/locale/fy/LC_MESSAGES/django.po” is already compiled and up to date.
File “/Users/lilla/residenza127/venv/lib/python3.12/site-packages/django/contrib/gis/locale/mr/LC_MESSAGES/django.po” is already compiled and up to date.
File “/Users/lilla/residenza127/venv/lib/python3.12/site-packages/django/contrib/gis/locale/cy/LC_MESSAGES/django.po” is already compiled and up to date.
File “/Users/lilla/residenza127/venv/lib/python3.12/site-packages/django/contrib/gis/locale/mk/LC_MESSAGES/django.po” is already compiled and up to date.
File “/Users/lilla/residenza127/venv/lib/python3.12/site-packages/django/contrib/gis/locale/nb/LC_MESSAGES/django.po” is already compiled and up to date.
File “/Users/lilla/residenza127/venv/lib/python3.12/site-packages/django/contrib/gis/locale/en/LC_MESSAGES/django.po” is already compiled and up to date.
File “/Users/lilla/residenza127/venv/lib/python3.12/site-packages/django/contrib/gis/locale/az/LC_MESSAGES/django.po” is already compiled and up to date.
File “/Users/lilla/residenza127/venv/lib/python3.12/site-packages/django/contrib/gis/locale/udm/LC_MESSAGES/django.po” is already compiled and up to date.
File “/Users/lilla/residenza127/venv/lib/python3.12/site-packages/django/contrib/gis/locale/is/LC_MESSAGES/django.po” is already compiled and up to date.
File “/Users/lilla/residenza127/venv/lib/python3.12/site-packages/django/contrib/gis/locale/kk/LC_MESSAGES/django.po” is already compiled and up to date.
File “/Users/lilla/residenza127/venv/lib/python3.12/site-packages/django/contrib/gis/locale/de/LC_MESSAGES/django.po” is already compiled and up to date.
File “/Users/lilla/residenza127/venv/lib/python3.12/site-packages/django/contrib/gis/locale/ga/LC_MESSAGES/django.po” is already compiled and up to date.
File “/Users/lilla/residenza127/venv/lib/python3.12/site-packages/django/contrib/gis/locale/pa/LC_MESSAGES/django.po” is already compiled and up to date.
File “/Users/lilla/residenza127/venv/lib/python3.12/site-packages/django/contrib/gis/locale/tt/LC_MESSAGES/django.po” is already compiled and up to date.
File “/Users/lilla/residenza127/venv/lib/python3.12/site-packages/django/contrib/gis/locale/hi/LC_MESSAGES/django.po” is already compiled and up to date.
File “/Users/lilla/residenza127/venv/lib/python3.12/site-packages/django/contrib/gis/locale/te/LC_MESSAGES/django.po” is already compiled and up to date.
File “/Users/lilla/residenza127/venv/lib/python3.12/site-packages/django/contrib/postgres/locale/hsb/LC_MESSAGES/django.po” is already compiled and up to date.
File “/Users/lilla/residenza127/venv/lib/python3.12/site-packages/django/contrib/postgres/locale/hy/LC_MESSAGES/django.po” is already compiled and up to date.
File “/Users/lilla/residenza127/venv/lib/python3.12/site-packages/django/contrib/postgres/locale/gl/LC_MESSAGES/django.po” is already compiled and up to date.
File “/Users/lilla/residenza127/venv/lib/python3.12/site-packages/django/contrib/postgres/locale/cs/LC_MESSAGES/django.po” is already compiled and up to date.
File “/Users/lilla/residenza127/venv/lib/python3.12/site-packages/django/contrib/postgres/locale/pl/LC_MESSAGES/django.po” is already compiled and up to date.
File “/Users/lilla/residenza127/venv/lib/python3.12/site-packages/django/contrib/postgres/locale/ru/LC_MESSAGES/django.po” is already compiled and up to date.
File “/Users/lilla/residenza127/venv/lib/python3.12/site-packages/django/contrib/postgres/locale/da/LC_MESSAGES/django.po” is already compiled and up to date.
File “/Users/lilla/residenza127/venv/lib/python3.12/site-packages/django/contrib/postgres/locale/it/LC_MESSAGES/django.po” is already compiled and up to date.
File “/Users/lilla/residenza127/venv/lib/python3.12/site-packages/django/contrib/postgres/locale/ko/LC_MESSAGES/django.po” is already compiled and up to date.
File “/Users/lilla/residenza127/venv/lib/python3.12/site-packages/django/contrib/postgres/locale/bg/LC_MESSAGES/django.po” is already compiled and up to date.
File “/Users/lilla/residenza127/venv/lib/python3.12/site-packages/django/contrib/postgres/locale/zh_Hant/LC_MESSAGES/django.po” is already compiled and up to date.
File “/Users/lilla/residenza127/venv/lib/python3.12/site-packages/django/contrib/postgres/locale/ro/LC_MESSAGES/django.po” is already compiled and up to date.
File “/Users/lilla/residenza127/venv/lib/python3.12/site-packages/django/contrib/postgres/locale/pt/LC_MESSAGES/django.po” is already compiled and up to date.
File “/Users/lilla/residenza127/venv/lib/python3.12/site-packages/django/contrib/postgres/locale/zh_Hans/LC_MESSAGES/django.po” is already compiled and up to date.
File “/Users/lilla/residenza127/venv/lib/python3.12/site-packages/django/contrib/postgres/locale/gd/LC_MESSAGES/django.po” is already compiled and up to date.
File “/Users/lilla/residenza127/venv/lib/python3.12/site-packages/django/contrib/postgres/locale/pt_BR/LC_MESSAGES/django.po” is already compiled and up to date.
File “/Users/lilla/residenza127/venv/lib/python3.12/site-packages/django/contrib/postgres/locale/mn/LC_MESSAGES/django.po” is already compiled and up to date.
File “/Users/lilla/residenza127/venv/lib/python3.12/site-packages/django/contrib/postgres/locale/sv/LC_MESSAGES/django.po” is already compiled and up to date.
File “/Users/lilla/residenza127/venv/lib/python3.12/site-packages/django/contrib/postgres/locale/ug/LC_MESSAGES/django.po” is already compiled and up to date.
File “/Users/lilla/residenza127/venv/lib/python3.12/site-packages/django/contrib/postgres/locale/sk/LC_MESSAGES/django.po” is already compiled and up to date.
File “/Users/lilla/residenza127/venv/lib/python3.12/site-packages/django/contrib/postgres/locale/fr/LC_MESSAGES/django.po” is already compiled and up to date.
File “/Users/lilla/residenza127/venv/lib/python3.12/site-packages/django/contrib/postgres/locale/ml/LC_MESSAGES/django.po” is already compiled and up to date.
File “/Users/lilla/residenza127/venv/lib/python3.12/site-packages/django/contrib/postgres/locale/el/LC_MESSAGES/django.po” is already compiled and up to date.
File “/Users/lilla/residenza127/venv/lib/python3.12/site-packages/django/contrib/postgres/locale/hu/LC_MESSAGES/django.po” is already compiled and up to date.
File “/Users/lilla/residenza127/venv/lib/python3.12/site-packages/django/contrib/postgres/locale/hr/LC_MESSAGES/django.po” is already compiled and up to date.
File “/Users/lilla/residenza127/venv/lib/python3.12/site-packages/django/contrib/postgres/locale/sr_Latn/LC_MESSAGES/django.po” is already compiled and up to date.
File “/Users/lilla/residenza127/venv/lib/python3.12/site-packages/django/contrib/postgres/locale/fi/LC_MESSAGES/django.po” is already compiled and up to date.
File “/Users/lilla/residenza127/venv/lib/python3.12/site-packages/django/contrib/postgres/locale/uz/LC_MESSAGES/django.po” is already compiled and up to date.
File “/Users/lilla/residenza127/venv/lib/python3.12/site-packages/django/contrib/postgres/locale/ia/LC_MESSAGES/django.po” is already compiled and up to date.
File “/Users/lilla/residenza127/venv/lib/python3.12/site-packages/django/contrib/postgres/locale/ckb/LC_MESSAGES/django.po” is already compiled and up to date.
File “/Users/lilla/residenza127/venv/lib/python3.12/site-packages/django/contrib/postgres/locale/tg/LC_MESSAGES/django.po” is already compiled and up to date.
File “/Users/lilla/residenza127/venv/lib/python3.12/site-packages/django/contrib/postgres/locale/es_CO/LC_MESSAGES/django.po” is already compiled and up to date.
File “/Users/lilla/residenza127/venv/lib/python3.12/site-packages/django/contrib/postgres/locale/ja/LC_MESSAGES/django.po” is already compiled and up to date.
File “/Users/lilla/residenza127/venv/lib/python3.12/site-packages/django/contrib/postgres/locale/be/LC_MESSAGES/django.po” is already compiled and up to date.
File “/Users/lilla/residenza127/venv/lib/python3.12/site-packages/django/contrib/postgres/locale/ca/LC_MESSAGES/django.po” is already compiled and up to date.
File “/Users/lilla/residenza127/venv/lib/python3.12/site-packages/django/contrib/postgres/locale/es/LC_MESSAGES/django.po” is already compiled and up to date.
File “/Users/lilla/residenza127/venv/lib/python3.12/site-packages/django/contrib/postgres/locale/nn/LC_MESSAGES/django.po” is already compiled and up to date.
File “/Users/lilla/residenza127/venv/lib/python3.12/site-packages/django/contrib/postgres/locale/eu/LC_MESSAGES/django.po” is already compiled and up to date.
File “/Users/lilla/residenza127/venv/lib/python3.12/site-packages/django/contrib/postgres/locale/eo/LC_MESSAGES/django.po” is already compiled and up to date.
File “/Users/lilla/residenza127/venv/lib/python3.12/site-packages/django/contrib/postgres/locale/sr/LC_MESSAGES/django.po” is already compiled and up to date.
File “/Users/lilla/residenza127/venv/lib/python3.12/site-packages/django/contrib/postgres/locale/ky/LC_MESSAGES/django.po” is already compiled and up to date.
File “/Users/lilla/residenza127/venv/lib/python3.12/site-packages/django/contrib/postgres/locale/tk/LC_MESSAGES/django.po” is already compiled and up to date.
File “/Users/lilla/residenza127/venv/lib/python3.12/site-packages/django/contrib/postgres/locale/id/LC_MESSAGES/django.po” is already compiled and up to date.
File “/Users/lilla/residenza127/venv/lib/python3.12/site-packages/django/contrib/postgres/locale/es_AR/LC_MESSAGES/django.po” is already compiled and up to date.
File “/Users/lilla/residenza127/venv/lib/python3.12/site-packages/django/contrib/postgres/locale/fa/LC_MESSAGES/django.po” is already compiled and up to date.
File “/Users/lilla/residenza127/venv/lib/python3.12/site-packages/django/contrib/postgres/locale/he/LC_MESSAGES/django.po” is already compiled and up to date.
File “/Users/lilla/residenza127/venv/lib/python3.12/site-packages/django/contrib/postgres/locale/ar/LC_MESSAGES/django.po” is already compiled and up to date.
File “/Users/lilla/residenza127/venv/lib/python3.12/site-packages/django/contrib/postgres/locale/en_AU/LC_MESSAGES/django.po” is already compiled and up to date.
File “/Users/lilla/residenza127/venv/lib/python3.12/site-packages/django/contrib/postgres/locale/lv/LC_MESSAGES/django.po” is already compiled and up to date.
File “/Users/lilla/residenza127/venv/lib/python3.12/site-packages/django/contrib/postgres/locale/dsb/LC_MESSAGES/django.po” is already compiled and up to date.
File “/Users/lilla/residenza127/venv/lib/python3.12/site-packages/django/contrib/postgres/locale/uk/LC_MESSAGES/django.po” is already compiled and up to date.
File “/Users/lilla/residenza127/venv/lib/python3.12/site-packages/django/contrib/postgres/locale/et/LC_MESSAGES/django.po” is already compiled and up to date.
File “/Users/lilla/residenza127/venv/lib/python3.12/site-packages/django/contrib/postgres/locale/nl/LC_MESSAGES/django.po” is already compiled and up to date.
File “/Users/lilla/residenza127/venv/lib/python3.12/site-packages/django/contrib/postgres/locale/ka/LC_MESSAGES/django.po” is already compiled and up to date.
File “/Users/lilla/residenza127/venv/lib/python3.12/site-packages/django/contrib/postgres/locale/ne/LC_MESSAGES/django.po” is already compiled and up to date.
File “/Users/lilla/residenza127/venv/lib/python3.12/site-packages/django/contrib/postgres/locale/ms/LC_MESSAGES/django.po” is already compiled and up to date.
File “/Users/lilla/residenza127/venv/lib/python3.12/site-packages/django/contrib/postgres/locale/sq/LC_MESSAGES/django.po” is already compiled and up to date.
File “/Users/lilla/residenza127/venv/lib/python3.12/site-packages/django/contrib/postgres/locale/es_MX/LC_MESSAGES/django.po” is already compiled and up to date.
File “/Users/lilla/residenza127/venv/lib/python3.12/site-packages/django/contrib/postgres/locale/tr/LC_MESSAGES/django.po” is already compiled and up to date.
File “/Users/lilla/residenza127/venv/lib/python3.12/site-packages/django/contrib/postgres/locale/sl/LC_MESSAGES/django.po” is already compiled and up to date.
File “/Users/lilla/residenza127/venv/lib/python3.12/site-packages/django/contrib/postgres/locale/af/LC_MESSAGES/django.po” is already compiled and up to date.
File “/Users/lilla/residenza127/venv/lib/python3.12/site-packages/django/contrib/postgres/locale/ar_DZ/LC_MESSAGES/django.po” is already compiled and up to date.
File “/Users/lilla/residenza127/venv/lib/python3.12/site-packages/django/contrib/postgres/locale/lt/LC_MESSAGES/django.po” is already compiled and up to date.
File “/Users/lilla/residenza127/venv/lib/python3.12/site-packages/django/contrib/postgres/locale/mr/LC_MESSAGES/django.po” is already compiled and up to date.
File “/Users/lilla/residenza127/venv/lib/python3.12/site-packages/django/contrib/postgres/locale/mk/LC_MESSAGES/django.po” is already compiled and up to date.
File “/Users/lilla/residenza127/venv/lib/python3.12/site-packages/django/contrib/postgres/locale/nb/LC_MESSAGES/django.po” is already compiled and up to date.
File “/Users/lilla/residenza127/venv/lib/python3.12/site-packages/django/contrib/postgres/locale/en/LC_MESSAGES/django.po” is already compiled and up to date.
File “/Users/lilla/residenza127/venv/lib/python3.12/site-packages/django/contrib/postgres/locale/az/LC_MESSAGES/django.po” is already compiled and up to date.
File “/Users/lilla/residenza127/venv/lib/python3.12/site-packages/django/contrib/postgres/locale/is/LC_MESSAGES/django.po” is already compiled and up to date.
File “/Users/lilla/residenza127/venv/lib/python3.12/site-packages/django/contrib/postgres/locale/kk/LC_MESSAGES/django.po” is already compiled and up to date.
File “/Users/lilla/residenza127/venv/lib/python3.12/site-packages/django/contrib/postgres/locale/de/LC_MESSAGES/django.po” is already compiled and up to date.
File “/Users/lilla/residenza127/venv/lib/python3.12/site-packages/django/contrib/admindocs/locale/hsb/LC_MESSAGES/django.po” is already compiled and up to date.
File “/Users/lilla/residenza127/venv/lib/python3.12/site-packages/django/contrib/admindocs/locale/gl/LC_MESSAGES/django.po” is already compiled and up to date.
File “/Users/lilla/residenza127/venv/lib/python3.12/site-packages/django/contrib/admindocs/locale/cs/LC_MESSAGES/django.po” is already compiled and up to date.
File “/Users/lilla/residenza127/venv/lib/python3.12/site-packages/django/contrib/admindocs/locale/pl/LC_MESSAGES/django.po” is already compiled and up to date.
File “/Users/lilla/residenza127/venv/lib/python3.12/site-packages/django/contrib/admindocs/locale/kab/LC_MESSAGES/django.po” is already compiled and up to date.
File “/Users/lilla/residenza127/venv/lib/python3.12/site-packages/django/contrib/admindocs/locale/ru/LC_MESSAGES/django.po” is already compiled and up to date.
File “/Users/lilla/residenza127/venv/lib/python3.12/site-packages/django/contrib/admindocs/locale/da/LC_MESSAGES/django.po” is already compiled and up to date.
File “/Users/lilla/residenza127/venv/lib/python3.12/site-packages/django/contrib/admindocs/locale/it/LC_MESSAGES/django.po” is already compiled and up to date.
File “/Users/lilla/residenza127/venv/lib/python3.12/site-packages/django/contrib/admindocs/locale/ko/LC_MESSAGES/django.po” is already compiled and up to date.
File “/Users/lilla/residenza127/venv/lib/python3.12/site-packages/django/contrib/admindocs/locale/bg/LC_MESSAGES/django.po” is already compiled and up to date.
File “/Users/lilla/residenza127/venv/lib/python3.12/site-packages/django/contrib/admindocs/locale/zh_Hant/LC_MESSAGES/django.po” is already compiled and up to date.
File “/Users/lilla/residenza127/venv/lib/python3.12/site-packages/django/contrib/admindocs/locale/ro/LC_MESSAGES/django.po” is already compiled and up to date.
File “/Users/lilla/residenza127/venv/lib/python3.12/site-packages/django/contrib/admindocs/locale/pt/LC_MESSAGES/django.po” is already compiled and up to date.
File “/Users/lilla/residenza127/venv/lib/python3.12/site-packages/django/contrib/admindocs/locale/zh_Hans/LC_MESSAGES/django.po” is already compiled and up to date.
File “/Users/lilla/residenza127/venv/lib/python3.12/site-packages/django/contrib/admindocs/locale/gd/LC_MESSAGES/django.po” is already compiled and up to date.
File “/Users/lilla/residenza127/venv/lib/python3.12/site-packages/django/contrib/admindocs/locale/pt_BR/LC_MESSAGES/django.po” is already compiled and up to date.
File “/Users/lilla/residenza127/venv/lib/python3.12/site-packages/django/contrib/admindocs/locale/mn/LC_MESSAGES/django.po” is already compiled and up to date.
File “/Users/lilla/residenza127/venv/lib/python3.12/site-packages/django/contrib/admindocs/locale/sv/LC_MESSAGES/django.po” is already compiled and up to date.
File “/Users/lilla/residenza127/venv/lib/python3.12/site-packages/django/contrib/admindocs/locale/ug/LC_MESSAGES/django.po” is already compiled and up to date.
File “/Users/lilla/residenza127/venv/lib/python3.12/site-packages/django/contrib/admindocs/locale/sk/LC_MESSAGES/django.po” is already compiled and up to date.
File “/Users/lilla/residenza127/venv/lib/python3.12/site-packages/django/contrib/admindocs/locale/fr/LC_MESSAGES/django.po” is already compiled and up to date.
File “/Users/lilla/residenza127/venv/lib/python3.12/site-packages/django/contrib/admindocs/locale/ml/LC_MESSAGES/django.po” is already compiled and up to date.
File “/Users/lilla/residenza127/venv/lib/python3.12/site-packages/django/contrib/admindocs/locale/el/LC_MESSAGES/django.po” is already compiled and up to date.
File “/Users/lilla/residenza127/venv/lib/python3.12/site-packages/django/contrib/admindocs/locale/hu/LC_MESSAGES/django.po” is already compiled and up to date.
File “/Users/lilla/residenza127/venv/lib/python3.12/site-packages/django/contrib/admindocs/locale/hr/LC_MESSAGES/django.po” is already compiled and up to date.
File “/Users/lilla/residenza127/venv/lib/python3.12/site-packages/django/contrib/admindocs/locale/sr_Latn/LC_MESSAGES/django.po” is already compiled and up to date.
File “/Users/lilla/residenza127/venv/lib/python3.12/site-packages/django/contrib/admindocs/locale/ur/LC_MESSAGES/django.po” is already compiled and up to date.
File “/Users/lilla/residenza127/venv/lib/python3.12/site-packages/django/contrib/admindocs/locale/fi/LC_MESSAGES/django.po” is already compiled and up to date.
File “/Users/lilla/residenza127/venv/lib/python3.12/site-packages/django/contrib/admindocs/locale/es_VE/LC_MESSAGES/django.po” is already compiled and up to date.
File “/Users/lilla/residenza127/venv/lib/python3.12/site-packages/django/contrib/admindocs/locale/ia/LC_MESSAGES/django.po” is already compiled and up to date.
File “/Users/lilla/residenza127/venv/lib/python3.12/site-packages/django/contrib/admindocs/locale/ckb/LC_MESSAGES/django.po” is already compiled and up to date.
File “/Users/lilla/residenza127/venv/lib/python3.12/site-packages/django/contrib/admindocs/locale/tg/LC_MESSAGES/django.po” is already compiled and up to date.
File “/Users/lilla/residenza127/venv/lib/python3.12/site-packages/django/contrib/admindocs/locale/vi/LC_MESSAGES/django.po” is already compiled and up to date.
File “/Users/lilla/residenza127/venv/lib/python3.12/site-packages/django/contrib/admindocs/locale/es_CO/LC_MESSAGES/django.po” is already compiled and up to date.
File “/Users/lilla/residenza127/venv/lib/python3.12/site-packages/django/contrib/admindocs/locale/ja/LC_MESSAGES/django.po” is already compiled and up to date.
File “/Users/lilla/residenza127/venv/lib/python3.12/site-packages/django/contrib/admindocs/locale/be/LC_MESSAGES/django.po” is already compiled and up to date.
File “/Users/lilla/residenza127/venv/lib/python3.12/site-packages/django/contrib/admindocs/locale/br/LC_MESSAGES/django.po” is already compiled and up to date.
File “/Users/lilla/residenza127/venv/lib/python3.12/site-packages/django/contrib/admindocs/locale/ca/LC_MESSAGES/django.po” is already compiled and up to date.
File “/Users/lilla/residenza127/venv/lib/python3.12/site-packages/django/contrib/admindocs/locale/bn/LC_MESSAGES/django.po” is already compiled and up to date.
File “/Users/lilla/residenza127/venv/lib/python3.12/site-packages/django/contrib/admindocs/locale/es/LC_MESSAGES/django.po” is already compiled and up to date.
File “/Users/lilla/residenza127/venv/lib/python3.12/site-packages/django/contrib/admindocs/locale/nn/LC_MESSAGES/django.po” is already compiled and up to date.
File “/Users/lilla/residenza127/venv/lib/python3.12/site-packages/django/contrib/admindocs/locale/bs/LC_MESSAGES/django.po” is already compiled and up to date.
File “/Users/lilla/residenza127/venv/lib/python3.12/site-packages/django/contrib/admindocs/locale/eu/LC_MESSAGES/django.po” is already compiled and up to date.
File “/Users/lilla/residenza127/venv/lib/python3.12/site-packages/django/contrib/admindocs/locale/th/LC_MESSAGES/django.po” is already compiled and up to date.
File “/Users/lilla/residenza127/venv/lib/python3.12/site-packages/django/contrib/admindocs/locale/eo/LC_MESSAGES/django.po” is already compiled and up to date.
File “/Users/lilla/residenza127/venv/lib/python3.12/site-packages/django/contrib/admindocs/locale/sr/LC_MESSAGES/django.po” is already compiled and up to date.
File “/Users/lilla/residenza127/venv/lib/python3.12/site-packages/django/contrib/admindocs/locale/ky/LC_MESSAGES/django.po” is already compiled and up to date.
File “/Users/lilla/residenza127/venv/lib/python3.12/site-packages/django/contrib/admindocs/locale/id/LC_MESSAGES/django.po” is already compiled and up to date.
File “/Users/lilla/residenza127/venv/lib/python3.12/site-packages/django/contrib/admindocs/locale/es_AR/LC_MESSAGES/django.po” is already compiled and up to date.
File “/Users/lilla/residenza127/venv/lib/python3.12/site-packages/django/contrib/admindocs/locale/my/LC_MESSAGES/django.po” is already compiled and up to date.
File “/Users/lilla/residenza127/venv/lib/python3.12/site-packages/django/contrib/admindocs/locale/fa/LC_MESSAGES/django.po” is already compiled and up to date.
File “/Users/lilla/residenza127/venv/lib/python3.12/site-packages/django/contrib/admindocs/locale/sw/LC_MESSAGES/django.po” is already compiled and up to date.
File “/Users/lilla/residenza127/venv/lib/python3.12/site-packages/django/contrib/admindocs/locale/he/LC_MESSAGES/django.po” is already compiled and up to date.
File “/Users/lilla/residenza127/venv/lib/python3.12/site-packages/django/contrib/admindocs/locale/lb/LC_MESSAGES/django.po” is already compiled and up to date.
File “/Users/lilla/residenza127/venv/lib/python3.12/site-packages/django/contrib/admindocs/locale/ar/LC_MESSAGES/django.po” is already compiled and up to date.
File “/Users/lilla/residenza127/venv/lib/python3.12/site-packages/django/contrib/admindocs/locale/en_AU/LC_MESSAGES/django.po” is already compiled and up to date.
File “/Users/lilla/residenza127/venv/lib/python3.12/site-packages/django/contrib/admindocs/locale/lv/LC_MESSAGES/django.po” is already compiled and up to date.
File “/Users/lilla/residenza127/venv/lib/python3.12/site-packages/django/contrib/admindocs/locale/dsb/LC_MESSAGES/django.po” is already compiled and up to date.
File “/Users/lilla/residenza127/venv/lib/python3.12/site-packages/django/contrib/admindocs/locale/uk/LC_MESSAGES/django.po” is already compiled and up to date.
File “/Users/lilla/residenza127/venv/lib/python3.12/site-packages/django/contrib/admindocs/locale/et/LC_MESSAGES/django.po” is already compiled and up to date.
File “/Users/lilla/residenza127/venv/lib/python3.12/site-packages/django/contrib/admindocs/locale/nl/LC_MESSAGES/django.po” is already compiled and up to date.
File “/Users/lilla/residenza127/venv/lib/python3.12/site-packages/django/contrib/admindocs/locale/ka/LC_MESSAGES/django.po” is already compiled and up to date.
File “/Users/lilla/residenza127/venv/lib/python3.12/site-packages/django/contrib/admindocs/locale/ne/LC_MESSAGES/django.po” is already compiled and up to date.
File “/Users/lilla/residenza127/venv/lib/python3.12/site-packages/django/contrib/admindocs/locale/ms/LC_MESSAGES/django.po” is already compiled and up to date.
File “/Users/lilla/residenza127/venv/lib/python3.12/site-packages/django/contrib/admindocs/locale/sq/LC_MESSAGES/django.po” is already compiled and up to date.
File “/Users/lilla/residenza127/venv/lib/python3.12/site-packages/django/contrib/admindocs/locale/es_MX/LC_MESSAGES/django.po” is already compiled and up to date.
File “/Users/lilla/residenza127/venv/lib/python3.12/site-packages/django/contrib/admindocs/locale/en_GB/LC_MESSAGES/django.po” is already compiled and up to date.
File “/Users/lilla/residenza127/venv/lib/python3.12/site-packages/django/contrib/admindocs/locale/tr/LC_MESSAGES/django.po” is already compiled and up to date.
File “/Users/lilla/residenza127/venv/lib/python3.12/site-packages/django/contrib/admindocs/locale/km/LC_MESSAGES/django.po” is already compiled and up to date.
File “/Users/lilla/residenza127/venv/lib/python3.12/site-packages/django/contrib/admindocs/locale/kn/LC_MESSAGES/django.po” is already compiled and up to date.
File “/Users/lilla/residenza127/venv/lib/python3.12/site-packages/django/contrib/admindocs/locale/sl/LC_MESSAGES/django.po” is already compiled and up to date.
File “/Users/lilla/residenza127/venv/lib/python3.12/site-packages/django/contrib/admindocs/locale/ast/LC_MESSAGES/django.po” is already compiled and up to date.
File “/Users/lilla/residenza127/venv/lib/python3.12/site-packages/django/contrib/admindocs/locale/io/LC_MESSAGES/django.po” is already compiled and up to date.
File “/Users/lilla/residenza127/venv/lib/python3.12/site-packages/django/contrib/admindocs/locale/af/LC_MESSAGES/django.po” is already compiled and up to date.
File “/Users/lilla/residenza127/venv/lib/python3.12/site-packages/django/contrib/admindocs/locale/os/LC_MESSAGES/django.po” is already compiled and up to date.
File “/Users/lilla/residenza127/venv/lib/python3.12/site-packages/django/contrib/admindocs/locale/ta/LC_MESSAGES/django.po” is already compiled and up to date.
File “/Users/lilla/residenza127/venv/lib/python3.12/site-packages/django/contrib/admindocs/locale/ar_DZ/LC_MESSAGES/django.po” is already compiled and up to date.
File “/Users/lilla/residenza127/venv/lib/python3.12/site-packages/django/contrib/admindocs/locale/lt/LC_MESSAGES/django.po” is already compiled and up to date.
File “/Users/lilla/residenza127/venv/lib/python3.12/site-packages/django/contrib/admindocs/locale/fy/LC_MESSAGES/django.po” is already compiled and up to date.
File “/Users/lilla/residenza127/venv/lib/python3.12/site-packages/django/contrib/admindocs/locale/mr/LC_MESSAGES/django.po” is already compiled and up to date.
File “/Users/lilla/residenza127/venv/lib/python3.12/site-packages/django/contrib/admindocs/locale/cy/LC_MESSAGES/django.po” is already compiled and up to date.
File “/Users/lilla/residenza127/venv/lib/python3.12/site-packages/django/contrib/admindocs/locale/mk/LC_MESSAGES/django.po” is already compiled and up to date.
File “/Users/lilla/residenza127/venv/lib/python3.12/site-packages/django/contrib/admindocs/locale/nb/LC_MESSAGES/django.po” is already compiled and up to date.
File “/Users/lilla/residenza127/venv/lib/python3.12/site-packages/django/contrib/admindocs/locale/en/LC_MESSAGES/django.po” is already compiled and up to date.
File “/Users/lilla/residenza127/venv/lib/python3.12/site-packages/django/contrib/admindocs/locale/az/LC_MESSAGES/django.po” is already compiled and up to date.
File “/Users/lilla/residenza127/venv/lib/python3.12/site-packages/django/contrib/admindocs/locale/udm/LC_MESSAGES/django.po” is already compiled and up to date.
File “/Users/lilla/residenza127/venv/lib/python3.12/site-packages/django/contrib/admindocs/locale/is/LC_MESSAGES/django.po” is already compiled and up to date.
File “/Users/lilla/residenza127/venv/lib/python3.12/site-packages/django/contrib/admindocs/locale/kk/LC_MESSAGES/django.po” is already compiled and up to date.
File “/Users/lilla/residenza127/venv/lib/python3.12/site-packages/django/contrib/admindocs/locale/de/LC_MESSAGES/django.po” is already compiled and up to date.
File “/Users/lilla/residenza127/venv/lib/python3.12/site-packages/django/contrib/admindocs/locale/ga/LC_MESSAGES/django.po” is already compiled and up to date.
File “/Users/lilla/residenza127/venv/lib/python3.12/site-packages/django/contrib/admindocs/locale/pa/LC_MESSAGES/django.po” is already compiled and up to date.
File “/Users/lilla/residenza127/venv/lib/python3.12/site-packages/django/contrib/admindocs/locale/tt/LC_MESSAGES/django.po” is already compiled and up to date.
File “/Users/lilla/residenza127/venv/lib/python3.12/site-packages/django/contrib/admindocs/locale/hi/LC_MESSAGES/django.po” is already compiled and up to date.
File “/Users/lilla/residenza127/venv/lib/python3.12/site-packages/django/contrib/admindocs/locale/te/LC_MESSAGES/django.po” is already compiled and up to date.
File “/Users/lilla/residenza127/venv/lib/python3.12/site-packages/django/conf/locale/hsb/LC_MESSAGES/django.po” is already compiled and up to date.
File “/Users/lilla/residenza127/venv/lib/python3.12/site-packages/django/conf/locale/hy/LC_MESSAGES/django.po” is already compiled and up to date.
File “/Users/lilla/residenza127/venv/lib/python3.12/site-packages/django/conf/locale/gl/LC_MESSAGES/django.po” is already compiled and up to date.
File “/Users/lilla/residenza127/venv/lib/python3.12/site-packages/django/conf/locale/cs/LC_MESSAGES/django.po” is already compiled and up to date.
File “/Users/lilla/residenza127/venv/lib/python3.12/site-packages/django/conf/locale/pl/LC_MESSAGES/django.po” is already compiled and up to date.
File “/Users/lilla/residenza127/venv/lib/python3.12/site-packages/django/conf/locale/kab/LC_MESSAGES/django.po” is already compiled and up to date.
File “/Users/lilla/residenza127/venv/lib/python3.12/site-packages/django/conf/locale/ru/LC_MESSAGES/django.po” is already compiled and up to date.
File “/Users/lilla/residenza127/venv/lib/python3.12/site-packages/django/conf/locale/da/LC_MESSAGES/django.po” is already compiled and up to date.
File “/Users/lilla/residenza127/venv/lib/python3.12/site-packages/django/conf/locale/it/LC_MESSAGES/django.po” is already compiled and up to date.
File “/Users/lilla/residenza127/venv/lib/python3.12/site-packages/django/conf/locale/ko/LC_MESSAGES/django.po” is already compiled and up to date.
File “/Users/lilla/residenza127/venv/lib/python3.12/site-packages/django/conf/locale/bg/LC_MESSAGES/django.po” is already compiled and up to date.
File “/Users/lilla/residenza127/venv/lib/python3.12/site-packages/django/conf/locale/zh_Hant/LC_MESSAGES/django.po” is already compiled and up to date.
File “/Users/lilla/residenza127/venv/lib/python3.12/site-packages/django/conf/locale/ro/LC_MESSAGES/django.po” is already compiled and up to date.
File “/Users/lilla/residenza127/venv/lib/python3.12/site-packages/django/conf/locale/pt/LC_MESSAGES/django.po” is already compiled and up to date.
File “/Users/lilla/residenza127/venv/lib/python3.12/site-packages/django/conf/locale/zh_Hans/LC_MESSAGES/django.po” is already compiled and up to date.
File “/Users/lilla/residenza127/venv/lib/python3.12/site-packages/django/conf/locale/gd/LC_MESSAGES/django.po” is already compiled and up to date.
File “/Users/lilla/residenza127/venv/lib/python3.12/site-packages/django/conf/locale/pt_BR/LC_MESSAGES/django.po” is already compiled and up to date.
File “/Users/lilla/residenza127/venv/lib/python3.12/site-packages/django/conf/locale/mn/LC_MESSAGES/django.po” is already compiled and up to date.
File “/Users/lilla/residenza127/venv/lib/python3.12/site-packages/django/conf/locale/sv/LC_MESSAGES/django.po” is already compiled and up to date.
File “/Users/lilla/residenza127/venv/lib/python3.12/site-packages/django/conf/locale/ug/LC_MESSAGES/django.po” is already compiled and up to date.
File “/Users/lilla/residenza127/venv/lib/python3.12/site-packages/django/conf/locale/sk/LC_MESSAGES/django.po” is already compiled and up to date.
File “/Users/lilla/residenza127/venv/lib/python3.12/site-packages/django/conf/locale/fr/LC_MESSAGES/django.po” is already compiled and up to date.
File “/Users/lilla/residenza127/venv/lib/python3.12/site-packages/django/conf/locale/ml/LC_MESSAGES/django.po” is already compiled and up to date.
File “/Users/lilla/residenza127/venv/lib/python3.12/site-packages/django/conf/locale/el/LC_MESSAGES/django.po” is already compiled and up to date.
File “/Users/lilla/residenza127/venv/lib/python3.12/site-packages/django/conf/locale/hu/LC_MESSAGES/django.po” is already compiled and up to date.
File “/Users/lilla/residenza127/venv/lib/python3.12/site-packages/django/conf/locale/hr/LC_MESSAGES/django.po” is already compiled and up to date.
File “/Users/lilla/residenza127/venv/lib/python3.12/site-packages/django/conf/locale/sr_Latn/LC_MESSAGES/django.po” is already compiled and up to date.
File “/Users/lilla/residenza127/venv/lib/python3.12/site-packages/django/conf/locale/ur/LC_MESSAGES/django.po” is already compiled and up to date.
File “/Users/lilla/residenza127/venv/lib/python3.12/site-packages/django/conf/locale/fi/LC_MESSAGES/django.po” is already compiled and up to date.
File “/Users/lilla/residenza127/venv/lib/python3.12/site-packages/django/conf/locale/uz/LC_MESSAGES/django.po” is already compiled and up to date.
File “/Users/lilla/residenza127/venv/lib/python3.12/site-packages/django/conf/locale/es_VE/LC_MESSAGES/django.po” is already compiled and up to date.
File “/Users/lilla/residenza127/venv/lib/python3.12/site-packages/django/conf/locale/ia/LC_MESSAGES/django.po” is already compiled and up to date.
File “/Users/lilla/residenza127/venv/lib/python3.12/site-packages/django/conf/locale/ckb/LC_MESSAGES/django.po” is already compiled and up to date.
File “/Users/lilla/residenza127/venv/lib/python3.12/site-packages/django/conf/locale/tg/LC_MESSAGES/django.po” is already compiled and up to date.
File “/Users/lilla/residenza127/venv/lib/python3.12/site-packages/django/conf/locale/vi/LC_MESSAGES/django.po” is already compiled and up to date.
File “/Users/lilla/residenza127/venv/lib/python3.12/site-packages/django/conf/locale/es_CO/LC_MESSAGES/django.po” is already compiled and up to date.
File “/Users/lilla/residenza127/venv/lib/python3.12/site-packages/django/conf/locale/ja/LC_MESSAGES/django.po” is already compiled and up to date.
File “/Users/lilla/residenza127/venv/lib/python3.12/site-packages/django/conf/locale/be/LC_MESSAGES/django.po” is already compiled and up to date.
File “/Users/lilla/residenza127/venv/lib/python3.12/site-packages/django/conf/locale/br/LC_MESSAGES/django.po” is already compiled and up to date.
File “/Users/lilla/residenza127/venv/lib/python3.12/site-packages/django/conf/locale/ca/LC_MESSAGES/django.po” is already compiled and up to date.
File “/Users/lilla/residenza127/venv/lib/python3.12/site-packages/django/conf/locale/bn/LC_MESSAGES/django.po” is already compiled and up to date.
File “/Users/lilla/residenza127/venv/lib/python3.12/site-packages/django/conf/locale/es/LC_MESSAGES/django.po” is already compiled and up to date.
File “/Users/lilla/residenza127/venv/lib/python3.12/site-packages/django/conf/locale/nn/LC_MESSAGES/django.po” is already compiled and up to date.
File “/Users/lilla/residenza127/venv/lib/python3.12/site-packages/django/conf/locale/bs/LC_MESSAGES/django.po” is already compiled and up to date.
File “/Users/lilla/residenza127/venv/lib/python3.12/site-packages/django/conf/locale/eu/LC_MESSAGES/django.po” is already compiled and up to date.
File “/Users/lilla/residenza127/venv/lib/python3.12/site-packages/django/conf/locale/th/LC_MESSAGES/django.po” is already compiled and up to date.
File “/Users/lilla/residenza127/venv/lib/python3.12/site-packages/django/conf/locale/eo/LC_MESSAGES/django.po” is already compiled and up to date.
File “/Users/lilla/residenza127/venv/lib/python3.12/site-packages/django/conf/locale/sr/LC_MESSAGES/django.po” is already compiled and up to date.
File “/Users/lilla/residenza127/venv/lib/python3.12/site-packages/django/conf/locale/ky/LC_MESSAGES/django.po” is already compiled and up to date.
File “/Users/lilla/residenza127/venv/lib/python3.12/site-packages/django/conf/locale/tk/LC_MESSAGES/django.po” is already compiled and up to date.
File “/Users/lilla/residenza127/venv/lib/python3.12/site-packages/django/conf/locale/id/LC_MESSAGES/django.po” is already compiled and up to date.
File “/Users/lilla/residenza127/venv/lib/python3.12/site-packages/django/conf/locale/es_AR/LC_MESSAGES/django.po” is already compiled and up to date.
File “/Users/lilla/residenza127/venv/lib/python3.12/site-packages/django/conf/locale/my/LC_MESSAGES/django.po” is already compiled and up to date.
File “/Users/lilla/residenza127/venv/lib/python3.12/site-packages/django/conf/locale/fa/LC_MESSAGES/django.po” is already compiled and up to date.
File “/Users/lilla/residenza127/venv/lib/python3.12/site-packages/django/conf/locale/sw/LC_MESSAGES/django.po” is already compiled and up to date.
File “/Users/lilla/residenza127/venv/lib/python3.12/site-packages/django/conf/locale/he/LC_MESSAGES/django.po” is already compiled and up to date.
File “/Users/lilla/residenza127/venv/lib/python3.12/site-packages/django/conf/locale/lb/LC_MESSAGES/django.po” is already compiled and up to date.
File “/Users/lilla/residenza127/venv/lib/python3.12/site-packages/django/conf/locale/ar/LC_MESSAGES/django.po” is already compiled and up to date.
File “/Users/lilla/residenza127/venv/lib/python3.12/site-packages/django/conf/locale/en_AU/LC_MESSAGES/django.po” is already compiled and up to date.
File “/Users/lilla/residenza127/venv/lib/python3.12/site-packages/django/conf/locale/lv/LC_MESSAGES/django.po” is already compiled and up to date.
File “/Users/lilla/residenza127/venv/lib/python3.12/site-packages/django/conf/locale/dsb/LC_MESSAGES/django.po” is already compiled and up to date.
File “/Users/lilla/residenza127/venv/lib/python3.12/site-packages/django/conf/locale/uk/LC_MESSAGES/django.po” is already compiled and up to date.
File “/Users/lilla/residenza127/venv/lib/python3.12/site-packages/django/conf/locale/et/LC_MESSAGES/django.po” is already compiled and up to date.
File “/Users/lilla/residenza127/venv/lib/python3.12/site-packages/django/conf/locale/nl/LC_MESSAGES/django.po” is already compiled and up to date.
File “/Users/lilla/residenza127/venv/lib/python3.12/site-packages/django/conf/locale/ka/LC_MESSAGES/django.po” is already compiled and up to date.
File “/Users/lilla/residenza127/venv/lib/python3.12/site-packages/django/conf/locale/ne/LC_MESSAGES/django.po” is already compiled and up to date.
File “/Users/lilla/residenza127/venv/lib/python3.12/site-packages/django/conf/locale/ms/LC_MESSAGES/django.po” is already compiled and up to date.
File “/Users/lilla/residenza127/venv/lib/python3.12/site-packages/django/conf/locale/sq/LC_MESSAGES/django.po” is already compiled and up to date.
File “/Users/lilla/residenza127/venv/lib/python3.12/site-packages/django/conf/locale/es_MX/LC_MESSAGES/django.po” is already compiled and up to date.
File “/Users/lilla/residenza127/venv/lib/python3.12/site-packages/django/conf/locale/en_GB/LC_MESSAGES/django.po” is already compiled and up to date.
File “/Users/lilla/residenza127/venv/lib/python3.12/site-packages/django/conf/locale/tr/LC_MESSAGES/django.po” is already compiled and up to date.
File “/Users/lilla/residenza127/venv/lib/python3.12/site-packages/django/conf/locale/km/LC_MESSAGES/django.po” is already compiled and up to date.
File “/Users/lilla/residenza127/venv/lib/python3.12/site-packages/django/conf/locale/kn/LC_MESSAGES/django.po” is already compiled and up to date.
File “/Users/lilla/residenza127/venv/lib/python3.12/site-packages/django/conf/locale/sl/LC_MESSAGES/django.po” is already compiled and up to date.
File “/Users/lilla/residenza127/venv/lib/python3.12/site-packages/django/conf/locale/ast/LC_MESSAGES/django.po” is already compiled and up to date.
File “/Users/lilla/residenza127/venv/lib/python3.12/site-packages/django/conf/locale/io/LC_MESSAGES/django.po” is already compiled and up to date.
File “/Users/lilla/residenza127/venv/lib/python3.12/site-packages/django/conf/locale/af/LC_MESSAGES/django.po” is already compiled and up to date.
File “/Users/lilla/residenza127/venv/lib/python3.12/site-packages/django/conf/locale/os/LC_MESSAGES/django.po” is already compiled and up to date.
File “/Users/lilla/residenza127/venv/lib/python3.12/site-packages/django/conf/locale/ta/LC_MESSAGES/django.po” is already compiled and up to date.
File “/Users/lilla/residenza127/venv/lib/python3.12/site-packages/django/conf/locale/ar_DZ/LC_MESSAGES/django.po” is already compiled and up to date.
File “/Users/lilla/residenza127/venv/lib/python3.12/site-packages/django/conf/locale/lt/LC_MESSAGES/django.po” is already compiled and up to date.
File “/Users/lilla/residenza127/venv/lib/python3.12/site-packages/django/conf/locale/fy/LC_MESSAGES/django.po” is already compiled and up to date.
File “/Users/lilla/residenza127/venv/lib/python3.12/site-packages/django/conf/locale/mr/LC_MESSAGES/django.po” is already compiled and up to date.
File “/Users/lilla/residenza127/venv/lib/python3.12/site-packages/django/conf/locale/cy/LC_MESSAGES/django.po” is already compiled and up to date.
File “/Users/lilla/residenza127/venv/lib/python3.12/site-packages/django/conf/locale/mk/LC_MESSAGES/django.po” is already compiled and up to date.
File “/Users/lilla/residenza127/venv/lib/python3.12/site-packages/django/conf/locale/nb/LC_MESSAGES/django.po” is already compiled and up to date.
File “/Users/lilla/residenza127/venv/lib/python3.12/site-packages/django/conf/locale/en/LC_MESSAGES/django.po” is already compiled and up to date.
File “/Users/lilla/residenza127/venv/lib/python3.12/site-packages/django/conf/locale/az/LC_MESSAGES/django.po” is already compiled and up to date.
File “/Users/lilla/residenza127/venv/lib/python3.12/site-packages/django/conf/locale/udm/LC_MESSAGES/django.po” is already compiled and up to date.
File “/Users/lilla/residenza127/venv/lib/python3.12/site-packages/django/conf/locale/is/LC_MESSAGES/django.po” is already compiled and up to date.
File “/Users/lilla/residenza127/venv/lib/python3.12/site-packages/django/conf/locale/kk/LC_MESSAGES/django.po” is already compiled and up to date.
File “/Users/lilla/residenza127/venv/lib/python3.12/site-packages/django/conf/locale/ig/LC_MESSAGES/django.po” is already compiled and up to date.
File “/Users/lilla/residenza127/venv/lib/python3.12/site-packages/django/conf/locale/de/LC_MESSAGES/django.po” is already compiled and up to date.
File “/Users/lilla/residenza127/venv/lib/python3.12/site-packages/django/conf/locale/ga/LC_MESSAGES/django.po” is already compiled and up to date.
File “/Users/lilla/residenza127/venv/lib/python3.12/site-packages/django/conf/locale/pa/LC_MESSAGES/django.po” is already compiled and up to date.
File “/Users/lilla/residenza127/venv/lib/python3.12/site-packages/django/conf/locale/tt/LC_MESSAGES/django.po” is already compiled and up to date.
File “/Users/lilla/residenza127/venv/lib/python3.12/site-packages/django/conf/locale/hi/LC_MESSAGES/django.po” is already compiled and up to date.
File “/Users/lilla/residenza127/venv/lib/python3.12/site-packages/django/conf/locale/te/LC_MESSAGES/django.po” is already compiled and up to date.
File “/Users/lilla/residenza127/locale/it/LC_MESSAGES/django.po” is already compiled and up to date.
File “/Users/lilla/residenza127/venv/lib/python3.12/site-packages/django_extensions/locale/pl/LC_MESSAGES/django.po” is already compiled and up to date.
File “/Users/lilla/residenza127/venv/lib/python3.12/site-packages/django_extensions/locale/ru/LC_MESSAGES/django.po” is already compiled and up to date.
File “/Users/lilla/residenza127/venv/lib/python3.12/site-packages/django_extensions/locale/da/LC_MESSAGES/django.po” is already compiled and up to date.
File “/Users/lilla/residenza127/venv/lib/python3.12/site-packages/django_extensions/locale/it/LC_MESSAGES/django.po” is already compiled and up to date.
File “/Users/lilla/residenza127/venv/lib/python3.12/site-packages/django_extensions/locale/ro/LC_MESSAGES/django.po” is already compiled and up to date.
File “/Users/lilla/residenza127/venv/lib/python3.12/site-packages/django_extensions/locale/pt/LC_MESSAGES/django.po” is already compiled and up to date.
File “/Users/lilla/residenza127/venv/lib/python3.12/site-packages/django_extensions/locale/pt_BR/LC_MESSAGES/django.po” is already compiled and up to date.
File “/Users/lilla/residenza127/venv/lib/python3.12/site-packages/django_extensions/locale/fr/LC_MESSAGES/django.po” is already compiled and up to date.
File “/Users/lilla/residenza127/venv/lib/python3.12/site-packages/django_extensions/locale/el/LC_MESSAGES/django.po” is already compiled and up to date.
File “/Users/lilla/residenza127/venv/lib/python3.12/site-packages/django_extensions/locale/hu/LC_MESSAGES/django.po” is already compiled and up to date.
File “/Users/lilla/residenza127/venv/lib/python3.12/site-packages/django_extensions/locale/ja/LC_MESSAGES/django.po” is already compiled and up to date.
File “/Users/lilla/residenza127/venv/lib/python3.12/site-packages/django_extensions/locale/es/LC_MESSAGES/django.po” is already compiled and up to date.
File “/Users/lilla/residenza127/venv/lib/python3.12/site-packages/django_extensions/locale/id/LC_MESSAGES/django.po” is already compiled and up to date.
File “/Users/lilla/residenza127/venv/lib/python3.12/site-packages/django_extensions/locale/ar/LC_MESSAGES/django.po” is already compiled and up to date.
File “/Users/lilla/residenza127/venv/lib/python3.12/site-packages/django_extensions/locale/en/LC_MESSAGES/django.po” is already compiled and up to date.
File “/Users/lilla/residenza127/venv/lib/python3.12/site-packages/django_extensions/locale/de/LC_MESSAGES/django.po” is already compiled and up to date.
File “/Users/lilla/residenza127/venv/lib/python3.12/site-packages/django/contrib/sites/locale/hsb/LC_MESSAGES/django.po” is already compiled and up to date.
File “/Users/lilla/residenza127/venv/lib/python3.12/site-packages/django/contrib/sites/locale/hy/LC_MESSAGES/django.po” is already compiled and up to date.
File “/Users/lilla/residenza127/venv/lib/python3.12/site-packages/django/contrib/sites/locale/gl/LC_MESSAGES/django.po” is already compiled and up to date.
File “/Users/lilla/residenza127/venv/lib/python3.12/site-packages/django/contrib/sites/locale/cs/LC_MESSAGES/django.po” is already compiled and up to date.
File “/Users/lilla/residenza127/venv/lib/python3.12/site-packages/django/contrib/sites/locale/pl/LC_MESSAGES/django.po” is already compiled and up to date.
File “/Users/lilla/residenza127/venv/lib/python3.12/site-packages/django/contrib/sites/locale/kab/LC_MESSAGES/django.po” is already compiled and up to date.
File “/Users/lilla/residenza127/venv/lib/python3.12/site-packages/django/contrib/sites/locale/ru/LC_MESSAGES/django.po” is already compiled and up to date.
File “/Users/lilla/residenza127/venv/lib/python3.12/site-packages/django/contrib/sites/locale/da/LC_MESSAGES/django.po” is already compiled and up to date.
File “/Users/lilla/residenza127/venv/lib/python3.12/site-packages/django/contrib/sites/locale/it/LC_MESSAGES/django.po” is already compiled and up to date.
File “/Users/lilla/residenza127/venv/lib/python3.12/site-packages/django/contrib/sites/locale/ko/LC_MESSAGES/django.po” is already compiled and up to date.
File “/Users/lilla/residenza127/venv/lib/python3.12/site-packages/django/contrib/sites/locale/bg/LC_MESSAGES/django.po” is already compiled and up to date.
File “/Users/lilla/residenza127/venv/lib/python3.12/site-packages/django/contrib/sites/locale/zh_Hant/LC_MESSAGES/django.po” is already compiled and up to date.
File “/Users/lilla/residenza127/venv/lib/python3.12/site-packages/django/contrib/sites/locale/ro/LC_MESSAGES/django.po” is already compiled and up to date.
File “/Users/lilla/residenza127/venv/lib/python3.12/site-packages/django/contrib/sites/locale/pt/LC_MESSAGES/django.po” is already compiled and up to date.
File “/Users/lilla/residenza127/venv/lib/python3.12/site-packages/django/contrib/sites/locale/zh_Hans/LC_MESSAGES/django.po” is already compiled and up to date.
File “/Users/lilla/residenza127/venv/lib/python3.12/site-packages/django/contrib/sites/locale/gd/LC_MESSAGES/django.po” is already compiled and up to date.
File “/Users/lilla/residenza127/venv/lib/python3.12/site-packages/django/contrib/sites/locale/pt_BR/LC_MESSAGES/django.po” is already compiled and up to date.
File “/Users/lilla/residenza127/venv/lib/python3.12/site-packages/django/contrib/sites/locale/mn/LC_MESSAGES/django.po” is already compiled and up to date.
File “/Users/lilla/residenza127/venv/lib/python3.12/site-packages/django/contrib/sites/locale/sv/LC_MESSAGES/django.po” is already compiled and up to date.
File “/Users/lilla/residenza127/venv/lib/python3.12/site-packages/django/contrib/sites/locale/ug/LC_MESSAGES/django.po” is already compiled and up to date.
File “/Users/lilla/residenza127/venv/lib/python3.12/site-packages/django/contrib/sites/locale/sk/LC_MESSAGES/django.po” is already compiled and up to date.
File “/Users/lilla/residenza127/venv/lib/python3.12/site-packages/django/contrib/sites/locale/fr/LC_MESSAGES/django.po” is already compiled and up to date.
File “/Users/lilla/residenza127/venv/lib/python3.12/site-packages/django/contrib/sites/locale/ml/LC_MESSAGES/django.po” is already compiled and up to date.
File “/Users/lilla/residenza127/venv/lib/python3.12/site-packages/django/contrib/sites/locale/el/LC_MESSAGES/django.po” is already compiled and up to date.
File “/Users/lilla/residenza127/venv/lib/python3.12/site-packages/django/contrib/sites/locale/hu/LC_MESSAGES/django.po” is already compiled and up to date.
File “/Users/lilla/residenza127/venv/lib/python3.12/site-packages/django/contrib/sites/locale/hr/LC_MESSAGES/django.po” is already compiled and up to date.
File “/Users/lilla/residenza127/venv/lib/python3.12/site-packages/django/contrib/sites/locale/sr_Latn/LC_MESSAGES/django.po” is already compiled and up to date.
File “/Users/lilla/residenza127/venv/lib/python3.12/site-packages/django/contrib/sites/locale/ur/LC_MESSAGES/django.po” is already compiled and up to date.
File “/Users/lilla/residenza127/venv/lib/python3.12/site-packages/django/contrib/sites/locale/fi/LC_MESSAGES/django.po” is already compiled and up to date.
File “/Users/lilla/residenza127/venv/lib/python3.12/site-packages/django/contrib/sites/locale/uz/LC_MESSAGES/django.po” is already compiled and up to date.
File “/Users/lilla/residenza127/venv/lib/python3.12/site-packages/django/contrib/sites/locale/es_VE/LC_MESSAGES/django.po” is already compiled and up to date.
File “/Users/lilla/residenza127/venv/lib/python3.12/site-packages/django/contrib/sites/locale/ia/LC_MESSAGES/django.po” is already compiled and up to date.
File “/Users/lilla/residenza127/venv/lib/python3.12/site-packages/django/contrib/sites/locale/ckb/LC_MESSAGES/django.po” is already compiled and up to date.
File “/Users/lilla/residenza127/venv/lib/python3.12/site-packages/django/contrib/sites/locale/tg/LC_MESSAGES/django.po” is already compiled and up to date.
File “/Users/lilla/residenza127/venv/lib/python3.12/site-packages/django/contrib/sites/locale/vi/LC_MESSAGES/django.po” is already compiled and up to date.
File “/Users/lilla/residenza127/venv/lib/python3.12/site-packages/django/contrib/sites/locale/es_CO/LC_MESSAGES/django.po” is already compiled and up to date.
File “/Users/lilla/residenza127/venv/lib/python3.12/site-packages/django/contrib/sites/locale/ja/LC_MESSAGES/django.po” is already compiled and up to date.
File “/Users/lilla/residenza127/venv/lib/python3.12/site-packages/django/contrib/sites/locale/be/LC_MESSAGES/django.po” is already compiled and up to date.
File “/Users/lilla/residenza127/venv/lib/python3.12/site-packages/django/contrib/sites/locale/br/LC_MESSAGES/django.po” is already compiled and up to date.
File “/Users/lilla/residenza127/venv/lib/python3.12/site-packages/django/contrib/sites/locale/ca/LC_MESSAGES/django.po” is already compiled and up to date.
File “/Users/lilla/residenza127/venv/lib/python3.12/site-packages/django/contrib/sites/locale/bn/LC_MESSAGES/django.po” is already compiled and up to date.
File “/Users/lilla/residenza127/venv/lib/python3.12/site-packages/django/contrib/sites/locale/es/LC_MESSAGES/django.po” is already compiled and up to date.
File “/Users/lilla/residenza127/venv/lib/python3.12/site-packages/django/contrib/sites/locale/nn/LC_MESSAGES/django.po” is already compiled and up to date.
File “/Users/lilla/residenza127/venv/lib/python3.12/site-packages/django/contrib/sites/locale/bs/LC_MESSAGES/django.po” is already compiled and up to date.
File “/Users/lilla/residenza127/venv/lib/python3.12/site-packages/django/contrib/sites/locale/eu/LC_MESSAGES/django.po” is already compiled and up to date.
File “/Users/lilla/residenza127/venv/lib/python3.12/site-packages/django/contrib/sites/locale/th/LC_MESSAGES/django.po” is already compiled and up to date.
File “/Users/lilla/residenza127/venv/lib/python3.12/site-packages/django/contrib/sites/locale/eo/LC_MESSAGES/django.po” is already compiled and up to date.
File “/Users/lilla/residenza127/venv/lib/python3.12/site-packages/django/contrib/sites/locale/sr/LC_MESSAGES/django.po” is already compiled and up to date.
File “/Users/lilla/residenza127/venv/lib/python3.12/site-packages/django/contrib/sites/locale/ky/LC_MESSAGES/django.po” is already compiled and up to date.
File “/Users/lilla/residenza127/venv/lib/python3.12/site-packages/django/contrib/sites/locale/tk/LC_MESSAGES/django.po” is already compiled and up to date.
File “/Users/lilla/residenza127/venv/lib/python3.12/site-packages/django/contrib/sites/locale/id/LC_MESSAGES/django.po” is already compiled and up to date.
File “/Users/lilla/residenza127/venv/lib/python3.12/site-packages/django/contrib/sites/locale/es_AR/LC_MESSAGES/django.po” is already compiled and up to date.
File “/Users/lilla/residenza127/venv/lib/python3.12/site-packages/django/contrib/sites/locale/my/LC_MESSAGES/django.po” is already compiled and up to date.
File “/Users/lilla/residenza127/venv/lib/python3.12/site-packages/django/contrib/sites/locale/fa/LC_MESSAGES/django.po” is already compiled and up to date.
File “/Users/lilla/residenza127/venv/lib/python3.12/site-packages/django/contrib/sites/locale/sw/LC_MESSAGES/django.po” is already compiled and up to date.
File “/Users/lilla/residenza127/venv/lib/python3.12/site-packages/django/contrib/sites/locale/he/LC_MESSAGES/django.po” is already compiled and up to date.
File “/Users/lilla/residenza127/venv/lib/python3.12/site-packages/django/contrib/sites/locale/lb/LC_MESSAGES/django.po” is already compiled and up to date.
File “/Users/lilla/residenza127/venv/lib/python3.12/site-packages/django/contrib/sites/locale/ar/LC_MESSAGES/django.po” is already compiled and up to date.
File “/Users/lilla/residenza127/venv/lib/python3.12/site-packages/django/contrib/sites/locale/en_AU/LC_MESSAGES/django.po” is already compiled and up to date.
File “/Users/lilla/residenza127/venv/lib/python3.12/site-packages/django/contrib/sites/locale/lv/LC_MESSAGES/django.po” is already compiled and up to date.
File “/Users/lilla/residenza127/venv/lib/python3.12/site-packages/django/contrib/sites/locale/dsb/LC_MESSAGES/django.po” is already compiled and up to date.
File “/Users/lilla/residenza127/venv/lib/python3.12/site-packages/django/contrib/sites/locale/uk/LC_MESSAGES/django.po” is already compiled and up to date.
File “/Users/lilla/residenza127/venv/lib/python3.12/site-packages/django/contrib/sites/locale/et/LC_MESSAGES/django.po” is already compiled and up to date.
File “/Users/lilla/residenza127/venv/lib/python3.12/site-packages/django/contrib/sites/locale/nl/LC_MESSAGES/django.po” is already compiled and up to date.
File “/Users/lilla/residenza127/venv/lib/python3.12/site-packages/django/contrib/sites/locale/ka/LC_MESSAGES/django.po” is already compiled and up to date.
File “/Users/lilla/residenza127/venv/lib/python3.12/site-packages/django/contrib/sites/locale/ne/LC_MESSAGES/django.po” is already compiled and up to date.
File “/Users/lilla/residenza127/venv/lib/python3.12/site-packages/django/contrib/sites/locale/ms/LC_MESSAGES/django.po” is already compiled and up to date.
File “/Users/lilla/residenza127/venv/lib/python3.12/site-packages/django/contrib/sites/locale/sq/LC_MESSAGES/django.po” is already compiled and up to date.
File “/Users/lilla/residenza127/venv/lib/python3.12/site-packages/django/contrib/sites/locale/es_MX/LC_MESSAGES/django.po” is already compiled and up to date.
File “/Users/lilla/residenza127/venv/lib/python3.12/site-packages/django/contrib/sites/locale/en_GB/LC_MESSAGES/django.po” is already compiled and up to date.
File “/Users/lilla/residenza127/venv/lib/python3.12/site-packages/django/contrib/sites/locale/tr/LC_MESSAGES/django.po” is already compiled and up to date.
File “/Users/lilla/residenza127/venv/lib/python3.12/site-packages/django/contrib/sites/locale/km/LC_MESSAGES/django.po” is already compiled and up to date.
File “/Users/lilla/residenza127/venv/lib/python3.12/site-packages/django/contrib/sites/locale/kn/LC_MESSAGES/django.po” is already compiled and up to date.
File “/Users/lilla/residenza127/venv/lib/python3.12/site-packages/django/contrib/sites/locale/sl/LC_MESSAGES/django.po” is already compiled and up to date.
File “/Users/lilla/residenza127/venv/lib/python3.12/site-packages/django/contrib/sites/locale/ast/LC_MESSAGES/django.po” is already compiled and up to date.
File “/Users/lilla/residenza127/venv/lib/python3.12/site-packages/django/contrib/sites/locale/io/LC_MESSAGES/django.po” is already compiled and up to date.
File “/Users/lilla/residenza127/venv/lib/python3.12/site-packages/django/contrib/sites/locale/af/LC_MESSAGES/django.po” is already compiled and up to date.
File “/Users/lilla/residenza127/venv/lib/python3.12/site-packages/django/contrib/sites/locale/os/LC_MESSAGES/django.po” is already compiled and up to date.
File “/Users/lilla/residenza127/venv/lib/python3.12/site-packages/django/contrib/sites/locale/ta/LC_MESSAGES/django.po” is already compiled and up to date.
File “/Users/lilla/residenza127/venv/lib/python3.12/site-packages/django/contrib/sites/locale/ar_DZ/LC_MESSAGES/django.po” is already compiled and up to date.
File “/Users/lilla/residenza127/venv/lib/python3.12/site-packages/django/contrib/sites/locale/lt/LC_MESSAGES/django.po” is already compiled and up to date.
File “/Users/lilla/residenza127/venv/lib/python3.12/site-packages/django/contrib/sites/locale/fy/LC_MESSAGES/django.po” is already compiled and up to date.
File “/Users/lilla/residenza127/venv/lib/python3.12/site-packages/django/contrib/sites/locale/mr/LC_MESSAGES/django.po” is already compiled and up to date.
File “/Users/lilla/residenza127/venv/lib/python3.12/site-packages/django/contrib/sites/locale/cy/LC_MESSAGES/django.po” is already compiled and up to date.
File “/Users/lilla/residenza127/venv/lib/python3.12/site-packages/django/contrib/sites/locale/mk/LC_MESSAGES/django.po” is already compiled and up to date.
File “/Users/lilla/residenza127/venv/lib/python3.12/site-packages/django/contrib/sites/locale/nb/LC_MESSAGES/django.po” is already compiled and up to date.
File “/Users/lilla/residenza127/venv/lib/python3.12/site-packages/django/contrib/sites/locale/en/LC_MESSAGES/django.po” is already compiled and up to date.
File “/Users/lilla/residenza127/venv/lib/python3.12/site-packages/django/contrib/sites/locale/az/LC_MESSAGES/django.po” is already compiled and up to date.
File “/Users/lilla/residenza127/venv/lib/python3.12/site-packages/django/contrib/sites/locale/udm/LC_MESSAGES/django.po” is already compiled and up to date.
File “/Users/lilla/residenza127/venv/lib/python3.12/site-packages/django/contrib/sites/locale/is/LC_MESSAGES/django.po” is already compiled and up to date.
File “/Users/lilla/residenza127/venv/lib/python3.12/site-packages/django/contrib/sites/locale/kk/LC_MESSAGES/django.po” is already compiled and up to date.
File “/Users/lilla/residenza127/venv/lib/python3.12/site-packages/django/contrib/sites/locale/de/LC_MESSAGES/django.po” is already compiled and up to date.
File “/Users/lilla/residenza127/venv/lib/python3.12/site-packages/django/contrib/sites/locale/ga/LC_MESSAGES/django.po” is already compiled and up to date.
File “/Users/lilla/residenza127/venv/lib/python3.12/site-packages/django/contrib/sites/locale/pa/LC_MESSAGES/django.po” is already compiled and up to date.
File “/Users/lilla/residenza127/venv/lib/python3.12/site-packages/django/contrib/sites/locale/tt/LC_MESSAGES/django.po” is already compiled and up to date.
File “/Users/lilla/residenza127/venv/lib/python3.12/site-packages/django/contrib/sites/locale/hi/LC_MESSAGES/django.po” is already compiled and up to date.
File “/Users/lilla/residenza127/venv/lib/python3.12/site-packages/django/contrib/sites/locale/te/LC_MESSAGES/django.po” is already compiled and up to date.
File “/Users/lilla/residenza127/venv/lib/python3.12/site-packages/django/contrib/humanize/locale/hsb/LC_MESSAGES/django.po” is already compiled and up to date.
File “/Users/lilla/residenza127/venv/lib/python3.12/site-packages/django/contrib/humanize/locale/hy/LC_MESSAGES/django.po” is already compiled and up to date.
File “/Users/lilla/residenza127/venv/lib/python3.12/site-packages/django/contrib/humanize/locale/gl/LC_MESSAGES/django.po” is already compiled and up to date.
File “/Users/lilla/residenza127/venv/lib/python3.12/site-packages/django/contrib/humanize/locale/cs/LC_MESSAGES/django.po” is already compiled and up to date.
File “/Users/lilla/residenza127/venv/lib/python3.12/site-packages/django/contrib/humanize/locale/pl/LC_MESSAGES/django.po” is already compiled and up to date.
File “/Users/lilla/residenza127/venv/lib/python3.12/site-packages/django/contrib/humanize/locale/ru/LC_MESSAGES/django.po” is already compiled and up to date.
File “/Users/lilla/residenza127/venv/lib/python3.12/site-packages/django/contrib/humanize/locale/da/LC_MESSAGES/django.po” is already compiled and up to date.
File “/Users/lilla/residenza127/venv/lib/python3.12/site-packages/django/contrib/humanize/locale/it/LC_MESSAGES/django.po” is already compiled and up to date.
File “/Users/lilla/residenza127/venv/lib/python3.12/site-packages/django/contrib/humanize/locale/ko/LC_MESSAGES/django.po” is already compiled and up to date.
File “/Users/lilla/residenza127/venv/lib/python3.12/site-packages/django/contrib/humanize/locale/bg/LC_MESSAGES/django.po” is already compiled and up to date.
File “/Users/lilla/residenza127/venv/lib/python3.12/site-packages/django/contrib/humanize/locale/zh_Hant/LC_MESSAGES/django.po” is already compiled and up to date.
File “/Users/lilla/residenza127/venv/lib/python3.12/site-packages/django/contrib/humanize/locale/ro/LC_MESSAGES/django.po” is already compiled and up to date.
File “/Users/lilla/residenza127/venv/lib/python3.12/site-packages/django/contrib/humanize/locale/pt/LC_MESSAGES/django.po” is already compiled and up to date.
File “/Users/lilla/residenza127/venv/lib/python3.12/site-packages/django/contrib/humanize/locale/zh_Hans/LC_MESSAGES/django.po” is already compiled and up to date.
File “/Users/lilla/residenza127/venv/lib/python3.12/site-packages/django/contrib/humanize/locale/gd/LC_MESSAGES/django.po” is already compiled and up to date.
File “/Users/lilla/residenza127/venv/lib/python3.12/site-packages/django/contrib/humanize/locale/pt_BR/LC_MESSAGES/django.po” is already compiled and up to date.
File “/Users/lilla/residenza127/venv/lib/python3.12/site-packages/django/contrib/humanize/locale/mn/LC_MESSAGES/django.po” is already compiled and up to date.
File “/Users/lilla/residenza127/venv/lib/python3.12/site-packages/django/contrib/humanize/locale/sv/LC_MESSAGES/django.po” is already compiled and up to date.
File “/Users/lilla/residenza127/venv/lib/python3.12/site-packages/django/contrib/humanize/locale/ug/LC_MESSAGES/django.po” is already compiled and up to date.
File “/Users/lilla/residenza127/venv/lib/python3.12/site-packages/django/contrib/humanize/locale/sk/LC_MESSAGES/django.po” is already compiled and up to date.
File “/Users/lilla/residenza127/venv/lib/python3.12/site-packages/django/contrib/humanize/locale/fr/LC_MESSAGES/django.po” is already compiled and up to date.
File “/Users/lilla/residenza127/venv/lib/python3.12/site-packages/django/contrib/humanize/locale/ml/LC_MESSAGES/django.po” is already compiled and up to date.
File “/Users/lilla/residenza127/venv/lib/python3.12/site-packages/django/contrib/humanize/locale/el/LC_MESSAGES/django.po” is already compiled and up to date.
File “/Users/lilla/residenza127/venv/lib/python3.12/site-packages/django/contrib/humanize/locale/hu/LC_MESSAGES/django.po” is already compiled and up to date.
File “/Users/lilla/residenza127/venv/lib/python3.12/site-packages/django/contrib/humanize/locale/hr/LC_MESSAGES/django.po” is already compiled and up to date.
File “/Users/lilla/residenza127/venv/lib/python3.12/site-packages/django/contrib/humanize/locale/sr_Latn/LC_MESSAGES/django.po” is already compiled and up to date.
File “/Users/lilla/residenza127/venv/lib/python3.12/site-packages/django/contrib/humanize/locale/ur/LC_MESSAGES/django.po” is already compiled and up to date.
File “/Users/lilla/residenza127/venv/lib/python3.12/site-packages/django/contrib/humanize/locale/fi/LC_MESSAGES/django.po” is already compiled and up to date.
File “/Users/lilla/residenza127/venv/lib/python3.12/site-packages/django/contrib/humanize/locale/uz/LC_MESSAGES/django.po” is already compiled and up to date.
File “/Users/lilla/residenza127/venv/lib/python3.12/site-packages/django/contrib/humanize/locale/es_VE/LC_MESSAGES/django.po” is already compiled and up to date.
File “/Users/lilla/residenza127/venv/lib/python3.12/site-packages/django/contrib/humanize/locale/ia/LC_MESSAGES/django.po” is already compiled and up to date.
File “/Users/lilla/residenza127/venv/lib/python3.12/site-packages/django/contrib/humanize/locale/ckb/LC_MESSAGES/django.po” is already compiled and up to date.
File “/Users/lilla/residenza127/venv/lib/python3.12/site-packages/django/contrib/humanize/locale/tg/LC_MESSAGES/django.po” is already compiled and up to date.
File “/Users/lilla/residenza127/venv/lib/python3.12/site-packages/django/contrib/humanize/locale/vi/LC_MESSAGES/django.po” is already compiled and up to date.
File “/Users/lilla/residenza127/venv/lib/python3.12/site-packages/django/contrib/humanize/locale/es_CO/LC_MESSAGES/django.po” is already compiled and up to date.
File “/Users/lilla/residenza127/venv/lib/python3.12/site-packages/django/contrib/humanize/locale/ja/LC_MESSAGES/django.po” is already compiled and up to date.
File “/Users/lilla/residenza127/venv/lib/python3.12/site-packages/django/contrib/humanize/locale/be/LC_MESSAGES/django.po” is already compiled and up to date.
File “/Users/lilla/residenza127/venv/lib/python3.12/site-packages/django/contrib/humanize/locale/br/LC_MESSAGES/django.po” is already compiled and up to date.
File “/Users/lilla/residenza127/venv/lib/python3.12/site-packages/django/contrib/humanize/locale/ca/LC_MESSAGES/django.po” is already compiled and up to date.
File “/Users/lilla/residenza127/venv/lib/python3.12/site-packages/django/contrib/humanize/locale/bn/LC_MESSAGES/django.po” is already compiled and up to date.
File “/Users/lilla/residenza127/venv/lib/python3.12/site-packages/django/contrib/humanize/locale/es/LC_MESSAGES/django.po” is already compiled and up to date.
File “/Users/lilla/residenza127/venv/lib/python3.12/site-packages/django/contrib/humanize/locale/nn/LC_MESSAGES/django.po” is already compiled and up to date.
File “/Users/lilla/residenza127/venv/lib/python3.12/site-packages/django/contrib/humanize/locale/bs/LC_MESSAGES/django.po” is already compiled and up to date.
File “/Users/lilla/residenza127/venv/lib/python3.12/site-packages/django/contrib/humanize/locale/eu/LC_MESSAGES/django.po” is already compiled and up to date.
File “/Users/lilla/residenza127/venv/lib/python3.12/site-packages/django/contrib/humanize/locale/th/LC_MESSAGES/django.po” is already compiled and up to date.
File “/Users/lilla/residenza127/venv/lib/python3.12/site-packages/django/contrib/humanize/locale/eo/LC_MESSAGES/django.po” is already compiled and up to date.
File “/Users/lilla/residenza127/venv/lib/python3.12/site-packages/django/contrib/humanize/locale/sr/LC_MESSAGES/django.po” is already compiled and up to date.
File “/Users/lilla/residenza127/venv/lib/python3.12/site-packages/django/contrib/humanize/locale/ky/LC_MESSAGES/django.po” is already compiled and up to date.
File “/Users/lilla/residenza127/venv/lib/python3.12/site-packages/django/contrib/humanize/locale/tk/LC_MESSAGES/django.po” is already compiled and up to date.
File “/Users/lilla/residenza127/venv/lib/python3.12/site-packages/django/contrib/humanize/locale/id/LC_MESSAGES/django.po” is already compiled and up to date.
File “/Users/lilla/residenza127/venv/lib/python3.12/site-packages/django/contrib/humanize/locale/es_AR/LC_MESSAGES/django.po” is already compiled and up to date.
File “/Users/lilla/residenza127/venv/lib/python3.12/site-packages/django/contrib/humanize/locale/my/LC_MESSAGES/django.po” is already compiled and up to date.
File “/Users/lilla/residenza127/venv/lib/python3.12/site-packages/django/contrib/humanize/locale/fa/LC_MESSAGES/django.po” is already compiled and up to date.
File “/Users/lilla/residenza127/venv/lib/python3.12/site-packages/django/contrib/humanize/locale/sw/LC_MESSAGES/django.po” is already compiled and up to date.
File “/Users/lilla/residenza127/venv/lib/python3.12/site-packages/django/contrib/humanize/locale/he/LC_MESSAGES/django.po” is already compiled and up to date.
File “/Users/lilla/residenza127/venv/lib/python3.12/site-packages/django/contrib/humanize/locale/lb/LC_MESSAGES/django.po” is already compiled and up to date.
File “/Users/lilla/residenza127/venv/lib/python3.12/site-packages/django/contrib/humanize/locale/ar/LC_MESSAGES/django.po” is already compiled and up to date.
File “/Users/lilla/residenza127/venv/lib/python3.12/site-packages/django/contrib/humanize/locale/en_AU/LC_MESSAGES/django.po” is already compiled and up to date.
File “/Users/lilla/residenza127/venv/lib/python3.12/site-packages/django/contrib/humanize/locale/lv/LC_MESSAGES/django.po” is already compiled and up to date.
File “/Users/lilla/residenza127/venv/lib/python3.12/site-packages/django/contrib/humanize/locale/dsb/LC_MESSAGES/django.po” is already compiled and up to date.
File “/Users/lilla/residenza127/venv/lib/python3.12/site-packages/django/contrib/humanize/locale/uk/LC_MESSAGES/django.po” is already compiled and up to date.
File “/Users/lilla/residenza127/venv/lib/python3.12/site-packages/django/contrib/humanize/locale/et/LC_MESSAGES/django.po” is already compiled and up to date.
File “/Users/lilla/residenza127/venv/lib/python3.12/site-packages/django/contrib/humanize/locale/nl/LC_MESSAGES/django.po” is already compiled and up to date.
File “/Users/lilla/residenza127/venv/lib/python3.12/site-packages/django/contrib/humanize/locale/ka/LC_MESSAGES/django.po” is already compiled and up to date.
File “/Users/lilla/residenza127/venv/lib/python3.12/site-packages/django/contrib/humanize/locale/ne/LC_MESSAGES/django.po” is already compiled and up to date.
File “/Users/lilla/residenza127/venv/lib/python3.12/site-packages/django/contrib/humanize/locale/ms/LC_MESSAGES/django.po” is already compiled and up to date.
File “/Users/lilla/residenza127/venv/lib/python3.12/site-packages/django/contrib/humanize/locale/sq/LC_MESSAGES/django.po” is already compiled and up to date.
File “/Users/lilla/residenza127/venv/lib/python3.12/site-packages/django/contrib/humanize/locale/es_MX/LC_MESSAGES/django.po” is already compiled and up to date.
File “/Users/lilla/residenza127/venv/lib/python3.12/site-packages/django/contrib/humanize/locale/en_GB/LC_MESSAGES/django.po” is already compiled and up to date.
File “/Users/lilla/residenza127/venv/lib/python3.12/site-packages/django/contrib/humanize/locale/tr/LC_MESSAGES/django.po” is already compiled and up to date.
File “/Users/lilla/residenza127/venv/lib/python3.12/site-packages/django/contrib/humanize/locale/km/LC_MESSAGES/django.po” is already compiled and up to date.
File “/Users/lilla/residenza127/venv/lib/python3.12/site-packages/django/contrib/humanize/locale/kn/LC_MESSAGES/django.po” is already compiled and up to date.
File “/Users/lilla/residenza127/venv/lib/python3.12/site-packages/django/contrib/humanize/locale/sl/LC_MESSAGES/django.po” is already compiled and up to date.
File “/Users/lilla/residenza127/venv/lib/python3.12/site-packages/django/contrib/humanize/locale/ast/LC_MESSAGES/django.po” is already compiled and up to date.
File “/Users/lilla/residenza127/venv/lib/python3.12/site-packages/django/contrib/humanize/locale/io/LC_MESSAGES/django.po” is already compiled and up to date.
File “/Users/lilla/residenza127/venv/lib/python3.12/site-packages/django/contrib/humanize/locale/af/LC_MESSAGES/django.po” is already compiled and up to date.
File “/Users/lilla/residenza127/venv/lib/python3.12/site-packages/django/contrib/humanize/locale/os/LC_MESSAGES/django.po” is already compiled and up to date.
File “/Users/lilla/residenza127/venv/lib/python3.12/site-packages/django/contrib/humanize/locale/ta/LC_MESSAGES/django.po” is already compiled and up to date.
File “/Users/lilla/residenza127/venv/lib/python3.12/site-packages/django/contrib/humanize/locale/ar_DZ/LC_MESSAGES/django.po” is already compiled and up to date.
File “/Users/lilla/residenza127/venv/lib/python3.12/site-packages/django/contrib/humanize/locale/lt/LC_MESSAGES/django.po” is already compiled and up to date.
File “/Users/lilla/residenza127/venv/lib/python3.12/site-packages/django/contrib/humanize/locale/fy/LC_MESSAGES/django.po” is already compiled and up to date.
File “/Users/lilla/residenza127/venv/lib/python3.12/site-packages/django/contrib/humanize/locale/mr/LC_MESSAGES/django.po” is already compiled and up to date.
File “/Users/lilla/residenza127/venv/lib/python3.12/site-packages/django/contrib/humanize/locale/cy/LC_MESSAGES/django.po” is already compiled and up to date.
File “/Users/lilla/residenza127/venv/lib/python3.12/site-packages/django/contrib/humanize/locale/mk/LC_MESSAGES/django.po” is already compiled and up to date.
File “/Users/lilla/residenza127/venv/lib/python3.12/site-packages/django/contrib/humanize/locale/nb/LC_MESSAGES/django.po” is already compiled and up to date.
File “/Users/lilla/residenza127/venv/lib/python3.12/site-packages/django/contrib/humanize/locale/en/LC_MESSAGES/django.po” is already compiled and up to date.
File “/Users/lilla/residenza127/venv/lib/python3.12/site-packages/django/contrib/humanize/locale/az/LC_MESSAGES/django.po” is already compiled and up to date.
File “/Users/lilla/residenza127/venv/lib/python3.12/site-packages/django/contrib/humanize/locale/udm/LC_MESSAGES/django.po” is already compiled and up to date.
File “/Users/lilla/residenza127/venv/lib/python3.12/site-packages/django/contrib/humanize/locale/is/LC_MESSAGES/django.po” is already compiled and up to date.
File “/Users/lilla/residenza127/venv/lib/python3.12/site-packages/django/contrib/humanize/locale/kk/LC_MESSAGES/django.po” is already compiled and up to date.
File “/Users/lilla/residenza127/venv/lib/python3.12/site-packages/django/contrib/humanize/locale/de/LC_MESSAGES/django.po” is already compiled and up to date.
File “/Users/lilla/residenza127/venv/lib/python3.12/site-packages/django/contrib/humanize/locale/ga/LC_MESSAGES/django.po” is already compiled and up to date.
File “/Users/lilla/residenza127/venv/lib/python3.12/site-packages/django/contrib/humanize/locale/pa/LC_MESSAGES/django.po” is already compiled and up to date.
File “/Users/lilla/residenza127/venv/lib/python3.12/site-packages/django/contrib/humanize/locale/tt/LC_MESSAGES/django.po” is already compiled and up to date.
File “/Users/lilla/residenza127/venv/lib/python3.12/site-packages/django/contrib/humanize/locale/hi/LC_MESSAGES/django.po” is already compiled and up to date.
File “/Users/lilla/residenza127/venv/lib/python3.12/site-packages/django/contrib/humanize/locale/te/LC_MESSAGES/django.po” is already compiled and up to date.
File “/Users/lilla/residenza127/venv/lib/python3.12/site-packages/django/contrib/redirects/locale/hsb/LC_MESSAGES/django.po” is already compiled and up to date.
File “/Users/lilla/residenza127/venv/lib/python3.12/site-packages/django/contrib/redirects/locale/hy/LC_MESSAGES/django.po” is already compiled and up to date.
File “/Users/lilla/residenza127/venv/lib/python3.12/site-packages/django/contrib/redirects/locale/gl/LC_MESSAGES/django.po” is already compiled and up to date.
File “/Users/lilla/residenza127/venv/lib/python3.12/site-packages/django/contrib/redirects/locale/cs/LC_MESSAGES/django.po” is already compiled and up to date.
File “/Users/lilla/residenza127/venv/lib/python3.12/site-packages/django/contrib/redirects/locale/pl/LC_MESSAGES/django.po” is already compiled and up to date.
File “/Users/lilla/residenza127/venv/lib/python3.12/site-packages/django/contrib/redirects/locale/kab/LC_MESSAGES/django.po” is already compiled and up to date.
File “/Users/lilla/residenza127/venv/lib/python3.12/site-packages/django/contrib/redirects/locale/ru/LC_MESSAGES/django.po” is already compiled and up to date.
File “/Users/lilla/residenza127/venv/lib/python3.12/site-packages/django/contrib/redirects/locale/da/LC_MESSAGES/django.po” is already compiled and up to date.
File “/Users/lilla/residenza127/venv/lib/python3.12/site-packages/django/contrib/redirects/locale/it/LC_MESSAGES/django.po” is already compiled and up to date.
File “/Users/lilla/residenza127/venv/lib/python3.12/site-packages/django/contrib/redirects/locale/ko/LC_MESSAGES/django.po” is already compiled and up to date.
File “/Users/lilla/residenza127/venv/lib/python3.12/site-packages/django/contrib/redirects/locale/bg/LC_MESSAGES/django.po” is already compiled and up to date.
File “/Users/lilla/residenza127/venv/lib/python3.12/site-packages/django/contrib/redirects/locale/zh_Hant/LC_MESSAGES/django.po” is already compiled and up to date.
File “/Users/lilla/residenza127/venv/lib/python3.12/site-packages/django/contrib/redirects/locale/ro/LC_MESSAGES/django.po” is already compiled and up to date.
File “/Users/lilla/residenza127/venv/lib/python3.12/site-packages/django/contrib/redirects/locale/pt/LC_MESSAGES/django.po” is already compiled and up to date.
File “/Users/lilla/residenza127/venv/lib/python3.12/site-packages/django/contrib/redirects/locale/zh_Hans/LC_MESSAGES/django.po” is already compiled and up to date.
File “/Users/lilla/residenza127/venv/lib/python3.12/site-packages/django/contrib/redirects/locale/gd/LC_MESSAGES/django.po” is already compiled and up to date.
File “/Users/lilla/residenza127/venv/lib/python3.12/site-packages/django/contrib/redirects/locale/pt_BR/LC_MESSAGES/django.po” is already compiled and up to date.
File “/Users/lilla/residenza127/venv/lib/python3.12/site-packages/django/contrib/redirects/locale/mn/LC_MESSAGES/django.po” is already compiled and up to date.
File “/Users/lilla/residenza127/venv/lib/python3.12/site-packages/django/contrib/redirects/locale/sv/LC_MESSAGES/django.po” is already compiled and up to date.
File “/Users/lilla/residenza127/venv/lib/python3.12/site-packages/django/contrib/redirects/locale/ug/LC_MESSAGES/django.po” is already compiled and up to date.
File “/Users/lilla/residenza127/venv/lib/python3.12/site-packages/django/contrib/redirects/locale/sk/LC_MESSAGES/django.po” is already compiled and up to date.
File “/Users/lilla/residenza127/venv/lib/python3.12/site-packages/django/contrib/redirects/locale/fr/LC_MESSAGES/django.po” is already compiled and up to date.
File “/Users/lilla/residenza127/venv/lib/python3.12/site-packages/django/contrib/redirects/locale/ml/LC_MESSAGES/django.po” is already compiled and up to date.
File “/Users/lilla/residenza127/venv/lib/python3.12/site-packages/django/contrib/redirects/locale/el/LC_MESSAGES/django.po” is already compiled and up to date.
File “/Users/lilla/residenza127/venv/lib/python3.12/site-packages/django/contrib/redirects/locale/hu/LC_MESSAGES/django.po” is already compiled and up to date.
File “/Users/lilla/residenza127/venv/lib/python3.12/site-packages/django/contrib/redirects/locale/hr/LC_MESSAGES/django.po” is already compiled and up to date.
File “/Users/lilla/residenza127/venv/lib/python3.12/site-packages/django/contrib/redirects/locale/sr_Latn/LC_MESSAGES/django.po” is already compiled and up to date.
File “/Users/lilla/residenza127/venv/lib/python3.12/site-packages/django/contrib/redirects/locale/ur/LC_MESSAGES/django.po” is already compiled and up to date.
File “/Users/lilla/residenza127/venv/lib/python3.12/site-packages/django/contrib/redirects/locale/fi/LC_MESSAGES/django.po” is already compiled and up to date.
File “/Users/lilla/residenza127/venv/lib/python3.12/site-packages/django/contrib/redirects/locale/uz/LC_MESSAGES/django.po” is already compiled and up to date.
File “/Users/lilla/residenza127/venv/lib/python3.12/site-packages/django/contrib/redirects/locale/es_VE/LC_MESSAGES/django.po” is already compiled and up to date.
File “/Users/lilla/residenza127/venv/lib/python3.12/site-packages/django/contrib/redirects/locale/ia/LC_MESSAGES/django.po” is already compiled and up to date.
File “/Users/lilla/residenza127/venv/lib/python3.12/site-packages/django/contrib/redirects/locale/ckb/LC_MESSAGES/django.po” is already compiled and up to date.
File “/Users/lilla/residenza127/venv/lib/python3.12/site-packages/django/contrib/redirects/locale/tg/LC_MESSAGES/django.po” is already compiled and up to date.
File “/Users/lilla/residenza127/venv/lib/python3.12/site-packages/django/contrib/redirects/locale/vi/LC_MESSAGES/django.po” is already compiled and up to date.
File “/Users/lilla/residenza127/venv/lib/python3.12/site-packages/django/contrib/redirects/locale/es_CO/LC_MESSAGES/django.po” is already compiled and up to date.
File “/Users/lilla/residenza127/venv/lib/python3.12/site-packages/django/contrib/redirects/locale/ja/LC_MESSAGES/django.po” is already compiled and up to date.
File “/Users/lilla/residenza127/venv/lib/python3.12/site-packages/django/contrib/redirects/locale/be/LC_MESSAGES/django.po” is already compiled and up to date.
File “/Users/lilla/residenza127/venv/lib/python3.12/site-packages/django/contrib/redirects/locale/br/LC_MESSAGES/django.po” is already compiled and up to date.
File “/Users/lilla/residenza127/venv/lib/python3.12/site-packages/django/contrib/redirects/locale/ca/LC_MESSAGES/django.po” is already compiled and up to date.
File “/Users/lilla/residenza127/venv/lib/python3.12/site-packages/django/contrib/redirects/locale/bn/LC_MESSAGES/django.po” is already compiled and up to date.
File “/Users/lilla/residenza127/venv/lib/python3.12/site-packages/django/contrib/redirects/locale/es/LC_MESSAGES/django.po” is already compiled and up to date.
File “/Users/lilla/residenza127/venv/lib/python3.12/site-packages/django/contrib/redirects/locale/nn/LC_MESSAGES/django.po” is already compiled and up to date.
File “/Users/lilla/residenza127/venv/lib/python3.12/site-packages/django/contrib/redirects/locale/bs/LC_MESSAGES/django.po” is already compiled and up to date.
File “/Users/lilla/residenza127/venv/lib/python3.12/site-packages/django/contrib/redirects/locale/eu/LC_MESSAGES/django.po” is already compiled and up to date.
File “/Users/lilla/residenza127/venv/lib/python3.12/site-packages/django/contrib/redirects/locale/th/LC_MESSAGES/django.po” is already compiled and up to date.
File “/Users/lilla/residenza127/venv/lib/python3.12/site-packages/django/contrib/redirects/locale/eo/LC_MESSAGES/django.po” is already compiled and up to date.
File “/Users/lilla/residenza127/venv/lib/python3.12/site-packages/django/contrib/redirects/locale/sr/LC_MESSAGES/django.po” is already compiled and up to date.
File “/Users/lilla/residenza127/venv/lib/python3.12/site-packages/django/contrib/redirects/locale/ky/LC_MESSAGES/django.po” is already compiled and up to date.
File “/Users/lilla/residenza127/venv/lib/python3.12/site-packages/django/contrib/redirects/locale/tk/LC_MESSAGES/django.po” is already compiled and up to date.
File “/Users/lilla/residenza127/venv/lib/python3.12/site-packages/django/contrib/redirects/locale/id/LC_MESSAGES/django.po” is already compiled and up to date.
File “/Users/lilla/residenza127/venv/lib/python3.12/site-packages/django/contrib/redirects/locale/es_AR/LC_MESSAGES/django.po” is already compiled and up to date.
File “/Users/lilla/residenza127/venv/lib/python3.12/site-packages/django/contrib/redirects/locale/my/LC_MESSAGES/django.po” is already compiled and up to date.
File “/Users/lilla/residenza127/venv/lib/python3.12/site-packages/django/contrib/redirects/locale/fa/LC_MESSAGES/django.po” is already compiled and up to date.
File “/Users/lilla/residenza127/venv/lib/python3.12/site-packages/django/contrib/redirects/locale/sw/LC_MESSAGES/django.po” is already compiled and up to date.
File “/Users/lilla/residenza127/venv/lib/python3.12/site-packages/django/contrib/redirects/locale/he/LC_MESSAGES/django.po” is already compiled and up to date.
File “/Users/lilla/residenza127/venv/lib/python3.12/site-packages/django/contrib/redirects/locale/lb/LC_MESSAGES/django.po” is already compiled and up to date.
File “/Users/lilla/residenza127/venv/lib/python3.12/site-packages/django/contrib/redirects/locale/ar/LC_MESSAGES/django.po” is already compiled and up to date.
File “/Users/lilla/residenza127/venv/lib/python3.12/site-packages/django/contrib/redirects/locale/en_AU/LC_MESSAGES/django.po” is already compiled and up to date.
File “/Users/lilla/residenza127/venv/lib/python3.12/site-packages/django/contrib/redirects/locale/lv/LC_MESSAGES/django.po” is already compiled and up to date.
File “/Users/lilla/residenza127/venv/lib/python3.12/site-packages/django/contrib/redirects/locale/dsb/LC_MESSAGES/django.po” is already compiled and up to date.
File “/Users/lilla/residenza127/venv/lib/python3.12/site-packages/django/contrib/redirects/locale/uk/LC_MESSAGES/django.po” is already compiled and up to date.
File “/Users/lilla/residenza127/venv/lib/python3.12/site-packages/django/contrib/redirects/locale/et/LC_MESSAGES/django.po” is already compiled and up to date.
File “/Users/lilla/residenza127/venv/lib/python3.12/site-packages/django/contrib/redirects/locale/nl/LC_MESSAGES/django.po” is already compiled and up to date.
File “/Users/lilla/residenza127/venv/lib/python3.12/site-packages/django/contrib/redirects/locale/ka/LC_MESSAGES/django.po” is already compiled and up to date.
File “/Users/lilla/residenza127/venv/lib/python3.12/site-packages/django/contrib/redirects/locale/ne/LC_MESSAGES/django.po” is already compiled and up to date.
File “/Users/lilla/residenza127/venv/lib/python3.12/site-packages/django/contrib/redirects/locale/ms/LC_MESSAGES/django.po” is already compiled and up to date.
File “/Users/lilla/residenza127/venv/lib/python3.12/site-packages/django/contrib/redirects/locale/sq/LC_MESSAGES/django.po” is already compiled and up to date.
File “/Users/lilla/residenza127/venv/lib/python3.12/site-packages/django/contrib/redirects/locale/es_MX/LC_MESSAGES/django.po” is already compiled and up to date.
File “/Users/lilla/residenza127/venv/lib/python3.12/site-packages/django/contrib/redirects/locale/en_GB/LC_MESSAGES/django.po” is already compiled and up to date.
File “/Users/lilla/residenza127/venv/lib/python3.12/site-packages/django/contrib/redirects/locale/tr/LC_MESSAGES/django.po” is already compiled and up to date.
File “/Users/lilla/residenza127/venv/lib/python3.12/site-packages/django/contrib/redirects/locale/km/LC_MESSAGES/django.po” is already compiled and up to date.
File “/Users/lilla/residenza127/venv/lib/python3.12/site-packages/django/contrib/redirects/locale/kn/LC_MESSAGES/django.po” is already compiled and up to date.
File “/Users/lilla/residenza127/venv/lib/python3.12/site-packages/django/contrib/redirects/locale/sl/LC_MESSAGES/django.po” is already compiled and up to date.
File “/Users/lilla/residenza127/venv/lib/python3.12/site-packages/django/contrib/redirects/locale/ast/LC_MESSAGES/django.po” is already compiled and up to date.
File “/Users/lilla/residenza127/venv/lib/python3.12/site-packages/django/contrib/redirects/locale/io/LC_MESSAGES/django.po” is already compiled and up to date.
File “/Users/lilla/residenza127/venv/lib/python3.12/site-packages/django/contrib/redirects/locale/af/LC_MESSAGES/django.po” is already compiled and up to date.
File “/Users/lilla/residenza127/venv/lib/python3.12/site-packages/django/contrib/redirects/locale/os/LC_MESSAGES/django.po” is already compiled and up to date.
File “/Users/lilla/residenza127/venv/lib/python3.12/site-packages/django/contrib/redirects/locale/ta/LC_MESSAGES/django.po” is already compiled and up to date.
File “/Users/lilla/residenza127/venv/lib/python3.12/site-packages/django/contrib/redirects/locale/ar_DZ/LC_MESSAGES/django.po” is already compiled and up to date.
File “/Users/lilla/residenza127/venv/lib/python3.12/site-packages/django/contrib/redirects/locale/lt/LC_MESSAGES/django.po” is already compiled and up to date.
File “/Users/lilla/residenza127/venv/lib/python3.12/site-packages/django/contrib/redirects/locale/fy/LC_MESSAGES/django.po” is already compiled and up to date.
File “/Users/lilla/residenza127/venv/lib/python3.12/site-packages/django/contrib/redirects/locale/mr/LC_MESSAGES/django.po” is already compiled and up to date.
File “/Users/lilla/residenza127/venv/lib/python3.12/site-packages/django/contrib/redirects/locale/cy/LC_MESSAGES/django.po” is already compiled and up to date.
File “/Users/lilla/residenza127/venv/lib/python3.12/site-packages/django/contrib/redirects/locale/mk/LC_MESSAGES/django.po” is already compiled and up to date.
File “/Users/lilla/residenza127/venv/lib/python3.12/site-packages/django/contrib/redirects/locale/nb/LC_MESSAGES/django.po” is already compiled and up to date.
File “/Users/lilla/residenza127/venv/lib/python3.12/site-packages/django/contrib/redirects/locale/en/LC_MESSAGES/django.po” is already compiled and up to date.
File “/Users/lilla/residenza127/venv/lib/python3.12/site-packages/django/contrib/redirects/locale/az/LC_MESSAGES/django.po” is already compiled and up to date.
File “/Users/lilla/residenza127/venv/lib/python3.12/site-packages/django/contrib/redirects/locale/udm/LC_MESSAGES/django.po” is already compiled and up to date.
File “/Users/lilla/residenza127/venv/lib/python3.12/site-packages/django/contrib/redirects/locale/is/LC_MESSAGES/django.po” is already compiled and up to date.
File “/Users/lilla/residenza127/venv/lib/python3.12/site-packages/django/contrib/redirects/locale/kk/LC_MESSAGES/django.po” is already compiled and up to date.
File “/Users/lilla/residenza127/venv/lib/python3.12/site-packages/django/contrib/redirects/locale/de/LC_MESSAGES/django.po” is already compiled and up to date.
File “/Users/lilla/residenza127/venv/lib/python3.12/site-packages/django/contrib/redirects/locale/ga/LC_MESSAGES/django.po” is already compiled and up to date.
File “/Users/lilla/residenza127/venv/lib/python3.12/site-packages/django/contrib/redirects/locale/pa/LC_MESSAGES/django.po” is already compiled and up to date.
File “/Users/lilla/residenza127/venv/lib/python3.12/site-packages/django/contrib/redirects/locale/tt/LC_MESSAGES/django.po” is already compiled and up to date.
File “/Users/lilla/residenza127/venv/lib/python3.12/site-packages/django/contrib/redirects/locale/hi/LC_MESSAGES/django.po” is already compiled and up to date.
File “/Users/lilla/residenza127/venv/lib/python3.12/site-packages/django/contrib/redirects/locale/te/LC_MESSAGES/django.po” is already compiled and up to date.
File “/Users/lilla/residenza127/venv/lib/python3.12/site-packages/django/contrib/flatpages/locale/hsb/LC_MESSAGES/django.po” is already compiled and up to date.
File “/Users/lilla/residenza127/venv/lib/python3.12/site-packages/django/contrib/flatpages/locale/hy/LC_MESSAGES/django.po” is already compiled and up to date.
File “/Users/lilla/residenza127/venv/lib/python3.12/site-packages/django/contrib/flatpages/locale/gl/LC_MESSAGES/django.po” is already compiled and up to date.
File “/Users/lilla/residenza127/venv/lib/python3.12/site-packages/django/contrib/flatpages/locale/cs/LC_MESSAGES/django.po” is already compiled and up to date.
File “/Users/lilla/residenza127/venv/lib/python3.12/site-packages/django/contrib/flatpages/locale/pl/LC_MESSAGES/django.po” is already compiled and up to date.
File “/Users/lilla/residenza127/venv/lib/python3.12/site-packages/django/contrib/flatpages/locale/ru/LC_MESSAGES/django.po” is already compiled and up to date.
File “/Users/lilla/residenza127/venv/lib/python3.12/site-packages/django/contrib/flatpages/locale/da/LC_MESSAGES/django.po” is already compiled and up to date.
File “/Users/lilla/residenza127/venv/lib/python3.12/site-packages/django/contrib/flatpages/locale/it/LC_MESSAGES/django.po” is already compiled and up to date.
File “/Users/lilla/residenza127/venv/lib/python3.12/site-packages/django/contrib/flatpages/locale/ko/LC_MESSAGES/django.po” is already compiled and up to date.
File “/Users/lilla/residenza127/venv/lib/python3.12/site-packages/django/contrib/flatpages/locale/bg/LC_MESSAGES/django.po” is already compiled and up to date.
File “/Users/lilla/residenza127/venv/lib/python3.12/site-packages/django/contrib/flatpages/locale/zh_Hant/LC_MESSAGES/django.po” is already compiled and up to date.
File “/Users/lilla/residenza127/venv/lib/python3.12/site-packages/django/contrib/flatpages/locale/ro/LC_MESSAGES/django.po” is already compiled and up to date.
File “/Users/lilla/residenza127/venv/lib/python3.12/site-packages/django/contrib/flatpages/locale/pt/LC_MESSAGES/django.po” is already compiled and up to date.
File “/Users/lilla/residenza127/venv/lib/python3.12/site-packages/django/contrib/flatpages/locale/zh_Hans/LC_MESSAGES/django.po” is already compiled and up to date.
File “/Users/lilla/residenza127/venv/lib/python3.12/site-packages/django/contrib/flatpages/locale/gd/LC_MESSAGES/django.po” is already compiled and up to date.
File “/Users/lilla/residenza127/venv/lib/python3.12/site-packages/django/contrib/flatpages/locale/pt_BR/LC_MESSAGES/django.po” is already compiled and up to date.
File “/Users/lilla/residenza127/venv/lib/python3.12/site-packages/django/contrib/flatpages/locale/mn/LC_MESSAGES/django.po” is already compiled and up to date.
File “/Users/lilla/residenza127/venv/lib/python3.12/site-packages/django/contrib/flatpages/locale/sv/LC_MESSAGES/django.po” is already compiled and up to date.
File “/Users/lilla/residenza127/venv/lib/python3.12/site-packages/django/contrib/flatpages/locale/ug/LC_MESSAGES/django.po” is already compiled and up to date.
File “/Users/lilla/residenza127/venv/lib/python3.12/site-packages/django/contrib/flatpages/locale/sk/LC_MESSAGES/django.po” is already compiled and up to date.
File “/Users/lilla/residenza127/venv/lib/python3.12/site-packages/django/contrib/flatpages/locale/fr/LC_MESSAGES/django.po” is already compiled and up to date.
File “/Users/lilla/residenza127/venv/lib/python3.12/site-packages/django/contrib/flatpages/locale/ml/LC_MESSAGES/django.po” is already compiled and up to date.
File “/Users/lilla/residenza127/venv/lib/python3.12/site-packages/django/contrib/flatpages/locale/el/LC_MESSAGES/django.po” is already compiled and up to date.
File “/Users/lilla/residenza127/venv/lib/python3.12/site-packages/django/contrib/flatpages/locale/hu/LC_MESSAGES/django.po” is already compiled and up to date.
File “/Users/lilla/residenza127/venv/lib/python3.12/site-packages/django/contrib/flatpages/locale/hr/LC_MESSAGES/django.po” is already compiled and up to date.
File “/Users/lilla/residenza127/venv/lib/python3.12/site-packages/django/contrib/flatpages/locale/sr_Latn/LC_MESSAGES/django.po” is already compiled and up to date.
File “/Users/lilla/residenza127/venv/lib/python3.12/site-packages/django/contrib/flatpages/locale/ur/LC_MESSAGES/django.po” is already compiled and up to date.
File “/Users/lilla/residenza127/venv/lib/python3.12/site-packages/django/contrib/flatpages/locale/fi/LC_MESSAGES/django.po” is already compiled and up to date.
File “/Users/lilla/residenza127/venv/lib/python3.12/site-packages/django/contrib/flatpages/locale/es_VE/LC_MESSAGES/django.po” is already compiled and up to date.
File “/Users/lilla/residenza127/venv/lib/python3.12/site-packages/django/contrib/flatpages/locale/ia/LC_MESSAGES/django.po” is already compiled and up to date.
File “/Users/lilla/residenza127/venv/lib/python3.12/site-packages/django/contrib/flatpages/locale/ckb/LC_MESSAGES/django.po” is already compiled and up to date.
File “/Users/lilla/residenza127/venv/lib/python3.12/site-packages/django/contrib/flatpages/locale/tg/LC_MESSAGES/django.po” is already compiled and up to date.
File “/Users/lilla/residenza127/venv/lib/python3.12/site-packages/django/contrib/flatpages/locale/vi/LC_MESSAGES/django.po” is already compiled and up to date.
File “/Users/lilla/residenza127/venv/lib/python3.12/site-packages/django/contrib/flatpages/locale/es_CO/LC_MESSAGES/django.po” is already compiled and up to date.
File “/Users/lilla/residenza127/venv/lib/python3.12/site-packages/django/contrib/flatpages/locale/ja/LC_MESSAGES/django.po” is already compiled and up to date.
File “/Users/lilla/residenza127/venv/lib/python3.12/site-packages/django/contrib/flatpages/locale/be/LC_MESSAGES/django.po” is already compiled and up to date.
File “/Users/lilla/residenza127/venv/lib/python3.12/site-packages/django/contrib/flatpages/locale/br/LC_MESSAGES/django.po” is already compiled and up to date.
File “/Users/lilla/residenza127/venv/lib/python3.12/site-packages/django/contrib/flatpages/locale/ca/LC_MESSAGES/django.po” is already compiled and up to date.
File “/Users/lilla/residenza127/venv/lib/python3.12/site-packages/django/contrib/flatpages/locale/bn/LC_MESSAGES/django.po” is already compiled and up to date.
File “/Users/lilla/residenza127/venv/lib/python3.12/site-packages/django/contrib/flatpages/locale/es/LC_MESSAGES/django.po” is already compiled and up to date.
File “/Users/lilla/residenza127/venv/lib/python3.12/site-packages/django/contrib/flatpages/locale/nn/LC_MESSAGES/django.po” is already compiled and up to date.
File “/Users/lilla/residenza127/venv/lib/python3.12/site-packages/django/contrib/flatpages/locale/bs/LC_MESSAGES/django.po” is already compiled and up to date.
File “/Users/lilla/residenza127/venv/lib/python3.12/site-packages/django/contrib/flatpages/locale/eu/LC_MESSAGES/django.po” is already compiled and up to date.
File “/Users/lilla/residenza127/venv/lib/python3.12/site-packages/django/contrib/flatpages/locale/th/LC_MESSAGES/django.po” is already compiled and up to date.
File “/Users/lilla/residenza127/venv/lib/python3.12/site-packages/django/contrib/flatpages/locale/eo/LC_MESSAGES/django.po” is already compiled and up to date.
File “/Users/lilla/residenza127/venv/lib/python3.12/site-packages/django/contrib/flatpages/locale/sr/LC_MESSAGES/django.po” is already compiled and up to date.
File “/Users/lilla/residenza127/venv/lib/python3.12/site-packages/django/contrib/flatpages/locale/ky/LC_MESSAGES/django.po” is already compiled and up to date.
File “/Users/lilla/residenza127/venv/lib/python3.12/site-packages/django/contrib/flatpages/locale/tk/LC_MESSAGES/django.po” is already compiled and up to date.
File “/Users/lilla/residenza127/venv/lib/python3.12/site-packages/django/contrib/flatpages/locale/id/LC_MESSAGES/django.po” is already compiled and up to date.
File “/Users/lilla/residenza127/venv/lib/python3.12/site-packages/django/contrib/flatpages/locale/es_AR/LC_MESSAGES/django.po” is already compiled and up to date.
File “/Users/lilla/residenza127/venv/lib/python3.12/site-packages/django/contrib/flatpages/locale/my/LC_MESSAGES/django.po” is already compiled and up to date.
File “/Users/lilla/residenza127/venv/lib/python3.12/site-packages/django/contrib/flatpages/locale/fa/LC_MESSAGES/django.po” is already compiled and up to date.
File “/Users/lilla/residenza127/venv/lib/python3.12/site-packages/django/contrib/flatpages/locale/sw/LC_MESSAGES/django.po” is already compiled and up to date.
File “/Users/lilla/residenza127/venv/lib/python3.12/site-packages/django/contrib/flatpages/locale/he/LC_MESSAGES/django.po” is already compiled and up to date.
File “/Users/lilla/residenza127/venv/lib/python3.12/site-packages/django/contrib/flatpages/locale/lb/LC_MESSAGES/django.po” is already compiled and up to date.
File “/Users/lilla/residenza127/venv/lib/python3.12/site-packages/django/contrib/flatpages/locale/ar/LC_MESSAGES/django.po” is already compiled and up to date.
File “/Users/lilla/residenza127/venv/lib/python3.12/site-packages/django/contrib/flatpages/locale/en_AU/LC_MESSAGES/django.po” is already compiled and up to date.
File “/Users/lilla/residenza127/venv/lib/python3.12/site-packages/django/contrib/flatpages/locale/lv/LC_MESSAGES/django.po” is already compiled and up to date.
File “/Users/lilla/residenza127/venv/lib/python3.12/site-packages/django/contrib/flatpages/locale/dsb/LC_MESSAGES/django.po” is already compiled and up to date.
File “/Users/lilla/residenza127/venv/lib/python3.12/site-packages/django/contrib/flatpages/locale/uk/LC_MESSAGES/django.po” is already compiled and up to date.
File “/Users/lilla/residenza127/venv/lib/python3.12/site-packages/django/contrib/flatpages/locale/et/LC_MESSAGES/django.po” is already compiled and up to date.
File “/Users/lilla/residenza127/venv/lib/python3.12/site-packages/django/contrib/flatpages/locale/nl/LC_MESSAGES/django.po” is already compiled and up to date.
File “/Users/lilla/residenza127/venv/lib/python3.12/site-packages/django/contrib/flatpages/locale/ka/LC_MESSAGES/django.po” is already compiled and up to date.
File “/Users/lilla/residenza127/venv/lib/python3.12/site-packages/django/contrib/flatpages/locale/ne/LC_MESSAGES/django.po” is already compiled and up to date.
File “/Users/lilla/residenza127/venv/lib/python3.12/site-packages/django/contrib/flatpages/locale/ms/LC_MESSAGES/django.po” is already compiled and up to date.
File “/Users/lilla/residenza127/venv/lib/python3.12/site-packages/django/contrib/flatpages/locale/sq/LC_MESSAGES/django.po” is already compiled and up to date.
File “/Users/lilla/residenza127/venv/lib/python3.12/site-packages/django/contrib/flatpages/locale/es_MX/LC_MESSAGES/django.po” is already compiled and up to date.
File “/Users/lilla/residenza127/venv/lib/python3.12/site-packages/django/contrib/flatpages/locale/en_GB/LC_MESSAGES/django.po” is already compiled and up to date.
File “/Users/lilla/residenza127/venv/lib/python3.12/site-packages/django/contrib/flatpages/locale/tr/LC_MESSAGES/django.po” is already compiled and up to date.
File “/Users/lilla/residenza127/venv/lib/python3.12/site-packages/django/contrib/flatpages/locale/km/LC_MESSAGES/django.po” is already compiled and up to date.
File “/Users/lilla/residenza127/venv/lib/python3.12/site-packages/django/contrib/flatpages/locale/kn/LC_MESSAGES/django.po” is already compiled and up to date.
File “/Users/lilla/residenza127/venv/lib/python3.12/site-packages/django/contrib/flatpages/locale/sl/LC_MESSAGES/django.po” is already compiled and up to date.
File “/Users/lilla/residenza127/venv/lib/python3.12/site-packages/django/contrib/flatpages/locale/ast/LC_MESSAGES/django.po” is already compiled and up to date.
File “/Users/lilla/residenza127/venv/lib/python3.12/site-packages/django/contrib/flatpages/locale/io/LC_MESSAGES/django.po” is already compiled and up to date.
File “/Users/lilla/residenza127/venv/lib/python3.12/site-packages/django/contrib/flatpages/locale/af/LC_MESSAGES/django.po” is already compiled and up to date.
File “/Users/lilla/residenza127/venv/lib/python3.12/site-packages/django/contrib/flatpages/locale/os/LC_MESSAGES/django.po” is already compiled and up to date.
File “/Users/lilla/residenza127/venv/lib/python3.12/site-packages/django/contrib/flatpages/locale/ta/LC_MESSAGES/django.po” is already compiled and up to date.
File “/Users/lilla/residenza127/venv/lib/python3.12/site-packages/django/contrib/flatpages/locale/ar_DZ/LC_MESSAGES/django.po” is already compiled and up to date.
File “/Users/lilla/residenza127/venv/lib/python3.12/site-packages/django/contrib/flatpages/locale/lt/LC_MESSAGES/django.po” is already compiled and up to date.
File “/Users/lilla/residenza127/venv/lib/python3.12/site-packages/django/contrib/flatpages/locale/fy/LC_MESSAGES/django.po” is already compiled and up to date.
File “/Users/lilla/residenza127/venv/lib/python3.12/site-packages/django/contrib/flatpages/locale/mr/LC_MESSAGES/django.po” is already compiled and up to date.
File “/Users/lilla/residenza127/venv/lib/python3.12/site-packages/django/contrib/flatpages/locale/cy/LC_MESSAGES/django.po” is already compiled and up to date.
File “/Users/lilla/residenza127/venv/lib/python3.12/site-packages/django/contrib/flatpages/locale/mk/LC_MESSAGES/django.po” is already compiled and up to date.
File “/Users/lilla/residenza127/venv/lib/python3.12/site-packages/django/contrib/flatpages/locale/nb/LC_MESSAGES/django.po” is already compiled and up to date.
File “/Users/lilla/residenza127/venv/lib/python3.12/site-packages/django/contrib/flatpages/locale/en/LC_MESSAGES/django.po” is already compiled and up to date.
File “/Users/lilla/residenza127/venv/lib/python3.12/site-packages/django/contrib/flatpages/locale/az/LC_MESSAGES/django.po” is already compiled and up to date.
File “/Users/lilla/residenza127/venv/lib/python3.12/site-packages/django/contrib/flatpages/locale/udm/LC_MESSAGES/django.po” is already compiled and up to date.
File “/Users/lilla/residenza127/venv/lib/python3.12/site-packages/django/contrib/flatpages/locale/is/LC_MESSAGES/django.po” is already compiled and up to date.
File “/Users/lilla/residenza127/venv/lib/python3.12/site-packages/django/contrib/flatpages/locale/kk/LC_MESSAGES/django.po” is already compiled and up to date.
File “/Users/lilla/residenza127/venv/lib/python3.12/site-packages/django/contrib/flatpages/locale/de/LC_MESSAGES/django.po” is already compiled and up to date.
File “/Users/lilla/residenza127/venv/lib/python3.12/site-packages/django/contrib/flatpages/locale/ga/LC_MESSAGES/django.po” is already compiled and up to date.
File “/Users/lilla/residenza127/venv/lib/python3.12/site-packages/django/contrib/flatpages/locale/pa/LC_MESSAGES/django.po” is already compiled and up to date.
File “/Users/lilla/residenza127/venv/lib/python3.12/site-packages/django/contrib/flatpages/locale/tt/LC_MESSAGES/django.po” is already compiled and up to date.
File “/Users/lilla/residenza127/venv/lib/python3.12/site-packages/django/contrib/flatpages/locale/hi/LC_MESSAGES/django.po” is already compiled and up to date.
File “/Users/lilla/residenza127/venv/lib/python3.12/site-packages/django/contrib/flatpages/locale/te/LC_MESSAGES/django.po” is already compiled and up to date.
File “/Users/lilla/residenza127/venv/lib/python3.12/site-packages/django/contrib/auth/locale/hsb/LC_MESSAGES/django.po” is already compiled and up to date.
File “/Users/lilla/residenza127/venv/lib/python3.12/site-packages/django/contrib/auth/locale/hy/LC_MESSAGES/django.po” is already compiled and up to date.
File “/Users/lilla/residenza127/venv/lib/python3.12/site-packages/django/contrib/auth/locale/gl/LC_MESSAGES/django.po” is already compiled and up to date.
File “/Users/lilla/residenza127/venv/lib/python3.12/site-packages/django/contrib/auth/locale/cs/LC_MESSAGES/django.po” is already compiled and up to date.
File “/Users/lilla/residenza127/venv/lib/python3.12/site-packages/django/contrib/auth/locale/pl/LC_MESSAGES/django.po” is already compiled and up to date.
File “/Users/lilla/residenza127/venv/lib/python3.12/site-packages/django/contrib/auth/locale/kab/LC_MESSAGES/django.po” is already compiled and up to date.
File “/Users/lilla/residenza127/venv/lib/python3.12/site-packages/django/contrib/auth/locale/ru/LC_MESSAGES/django.po” is already compiled and up to date.
File “/Users/lilla/residenza127/venv/lib/python3.12/site-packages/django/contrib/auth/locale/da/LC_MESSAGES/django.po” is already compiled and up to date.
File “/Users/lilla/residenza127/venv/lib/python3.12/site-packages/django/contrib/auth/locale/it/LC_MESSAGES/django.po” is already compiled and up to date.
File “/Users/lilla/residenza127/venv/lib/python3.12/site-packages/django/contrib/auth/locale/ko/LC_MESSAGES/django.po” is already compiled and up to date.
File “/Users/lilla/residenza127/venv/lib/python3.12/site-packages/django/contrib/auth/locale/bg/LC_MESSAGES/django.po” is already compiled and up to date.
File “/Users/lilla/residenza127/venv/lib/python3.12/site-packages/django/contrib/auth/locale/zh_Hant/LC_MESSAGES/django.po” is already compiled and up to date.
File “/Users/lilla/residenza127/venv/lib/python3.12/site-packages/django/contrib/auth/locale/ro/LC_MESSAGES/django.po” is already compiled and up to date.
File “/Users/lilla/residenza127/venv/lib/python3.12/site-packages/django/contrib/auth/locale/pt/LC_MESSAGES/django.po” is already compiled and up to date.
File “/Users/lilla/residenza127/venv/lib/python3.12/site-packages/django/contrib/auth/locale/zh_Hans/LC_MESSAGES/django.po” is already compiled and up to date.
File “/Users/lilla/residenza127/venv/lib/python3.12/site-packages/django/contrib/auth/locale/gd/LC_MESSAGES/django.po” is already compiled and up to date.
File “/Users/lilla/residenza127/venv/lib/python3.12/site-packages/django/contrib/auth/locale/pt_BR/LC_MESSAGES/django.po” is already compiled and up to date.
File “/Users/lilla/residenza127/venv/lib/python3.12/site-packages/django/contrib/auth/locale/mn/LC_MESSAGES/django.po” is already compiled and up to date.
File “/Users/lilla/residenza127/venv/lib/python3.12/site-packages/django/contrib/auth/locale/sv/LC_MESSAGES/django.po” is already compiled and up to date.
File “/Users/lilla/residenza127/venv/lib/python3.12/site-packages/django/contrib/auth/locale/ug/LC_MESSAGES/django.po” is already compiled and up to date.
File “/Users/lilla/residenza127/venv/lib/python3.12/site-packages/django/contrib/auth/locale/sk/LC_MESSAGES/django.po” is already compiled and up to date.
File “/Users/lilla/residenza127/venv/lib/python3.12/site-packages/django/contrib/auth/locale/fr/LC_MESSAGES/django.po” is already compiled and up to date.
File “/Users/lilla/residenza127/venv/lib/python3.12/site-packages/django/contrib/auth/locale/ml/LC_MESSAGES/django.po” is already compiled and up to date.
File “/Users/lilla/residenza127/venv/lib/python3.12/site-packages/django/contrib/auth/locale/el/LC_MESSAGES/django.po” is already compiled and up to date.
File “/Users/lilla/residenza127/venv/lib/python3.12/site-packages/django/contrib/auth/locale/hu/LC_MESSAGES/django.po” is already compiled and up to date.
File “/Users/lilla/residenza127/venv/lib/python3.12/site-packages/django/contrib/auth/locale/hr/LC_MESSAGES/django.po” is already compiled and up to date.
File “/Users/lilla/residenza127/venv/lib/python3.12/site-packages/django/contrib/auth/locale/sr_Latn/LC_MESSAGES/django.po” is already compiled and up to date.
File “/Users/lilla/residenza127/venv/lib/python3.12/site-packages/django/contrib/auth/locale/ur/LC_MESSAGES/django.po” is already compiled and up to date.
File “/Users/lilla/residenza127/venv/lib/python3.12/site-packages/django/contrib/auth/locale/fi/LC_MESSAGES/django.po” is already compiled and up to date.
File “/Users/lilla/residenza127/venv/lib/python3.12/site-packages/django/contrib/auth/locale/uz/LC_MESSAGES/django.po” is already compiled and up to date.
File “/Users/lilla/residenza127/venv/lib/python3.12/site-packages/django/contrib/auth/locale/es_VE/LC_MESSAGES/django.po” is already compiled and up to date.
File “/Users/lilla/residenza127/venv/lib/python3.12/site-packages/django/contrib/auth/locale/ia/LC_MESSAGES/django.po” is already compiled and up to date.
File “/Users/lilla/residenza127/venv/lib/python3.12/site-packages/django/contrib/auth/locale/ckb/LC_MESSAGES/django.po” is already compiled and up to date.
File “/Users/lilla/residenza127/venv/lib/python3.12/site-packages/django/contrib/auth/locale/tg/LC_MESSAGES/django.po” is already compiled and up to date.
File “/Users/lilla/residenza127/venv/lib/python3.12/site-packages/django/contrib/auth/locale/vi/LC_MESSAGES/django.po” is already compiled and up to date.
File “/Users/lilla/residenza127/venv/lib/python3.12/site-packages/django/contrib/auth/locale/es_CO/LC_MESSAGES/django.po” is already compiled and up to date.
File “/Users/lilla/residenza127/venv/lib/python3.12/site-packages/django/contrib/auth/locale/ja/LC_MESSAGES/django.po” is already compiled and up to date.
File “/Users/lilla/residenza127/venv/lib/python3.12/site-packages/django/contrib/auth/locale/be/LC_MESSAGES/django.po” is already compiled and up to date.
File “/Users/lilla/residenza127/venv/lib/python3.12/site-packages/django/contrib/auth/locale/br/LC_MESSAGES/django.po” is already compiled and up to date.
File “/Users/lilla/residenza127/venv/lib/python3.12/site-packages/django/contrib/auth/locale/ca/LC_MESSAGES/django.po” is already compiled and up to date.
File “/Users/lilla/residenza127/venv/lib/python3.12/site-packages/django/contrib/auth/locale/bn/LC_MESSAGES/django.po” is already compiled and up to date.
File “/Users/lilla/residenza127/venv/lib/python3.12/site-packages/django/contrib/auth/locale/es/LC_MESSAGES/django.po” is already compiled and up to date.
File “/Users/lilla/residenza127/venv/lib/python3.12/site-packages/django/contrib/auth/locale/nn/LC_MESSAGES/django.po” is already compiled and up to date.
File “/Users/lilla/residenza127/venv/lib/python3.12/site-packages/django/contrib/auth/locale/bs/LC_MESSAGES/django.po” is already compiled and up to date.
File “/Users/lilla/residenza127/venv/lib/python3.12/site-packages/django/contrib/auth/locale/eu/LC_MESSAGES/django.po” is already compiled and up to date.
File “/Users/lilla/residenza127/venv/lib/python3.12/site-packages/django/contrib/auth/locale/th/LC_MESSAGES/django.po” is already compiled and up to date.
File “/Users/lilla/residenza127/venv/lib/python3.12/site-packages/django/contrib/auth/locale/eo/LC_MESSAGES/django.po” is already compiled and up to date.
File “/Users/lilla/residenza127/venv/lib/python3.12/site-packages/django/contrib/auth/locale/sr/LC_MESSAGES/django.po” is already compiled and up to date.
File “/Users/lilla/residenza127/venv/lib/python3.12/site-packages/django/contrib/auth/locale/ky/LC_MESSAGES/django.po” is already compiled and up to date.
File “/Users/lilla/residenza127/venv/lib/python3.12/site-packages/django/contrib/auth/locale/tk/LC_MESSAGES/django.po” is already compiled and up to date.
File “/Users/lilla/residenza127/venv/lib/python3.12/site-packages/django/contrib/auth/locale/id/LC_MESSAGES/django.po” is already compiled and up to date.
File “/Users/lilla/residenza127/venv/lib/python3.12/site-packages/django/contrib/auth/locale/es_AR/LC_MESSAGES/django.po” is already compiled and up to date.
File “/Users/lilla/residenza127/venv/lib/python3.12/site-packages/django/contrib/auth/locale/my/LC_MESSAGES/django.po” is already compiled and up to date.
File “/Users/lilla/residenza127/venv/lib/python3.12/site-packages/django/contrib/auth/locale/fa/LC_MESSAGES/django.po” is already compiled and up to date.
File “/Users/lilla/residenza127/venv/lib/python3.12/site-packages/django/contrib/auth/locale/sw/LC_MESSAGES/django.po” is already compiled and up to date.
File “/Users/lilla/residenza127/venv/lib/python3.12/site-packages/django/contrib/auth/locale/he/LC_MESSAGES/django.po” is already compiled and up to date.
File “/Users/lilla/residenza127/venv/lib/python3.12/site-packages/django/contrib/auth/locale/lb/LC_MESSAGES/django.po” is already compiled and up to date.
File “/Users/lilla/residenza127/venv/lib/python3.12/site-packages/django/contrib/auth/locale/ar/LC_MESSAGES/django.po” is already compiled and up to date.
File “/Users/lilla/residenza127/venv/lib/python3.12/site-packages/django/contrib/auth/locale/en_AU/LC_MESSAGES/django.po” is already compiled and up to date.
File “/Users/lilla/residenza127/venv/lib/python3.12/site-packages/django/contrib/auth/locale/lv/LC_MESSAGES/django.po” is already compiled and up to date.
File “/Users/lilla/residenza127/venv/lib/python3.12/site-packages/django/contrib/auth/locale/dsb/LC_MESSAGES/django.po” is already compiled and up to date.
File “/Users/lilla/residenza127/venv/lib/python3.12/site-packages/django/contrib/auth/locale/uk/LC_MESSAGES/django.po” is already compiled and up to date.
File “/Users/lilla/residenza127/venv/lib/python3.12/site-packages/django/contrib/auth/locale/et/LC_MESSAGES/django.po” is already compiled and up to date.
File “/Users/lilla/residenza127/venv/lib/python3.12/site-packages/django/contrib/auth/locale/nl/LC_MESSAGES/django.po” is already compiled and up to date.
File “/Users/lilla/residenza127/venv/lib/python3.12/site-packages/django/contrib/auth/locale/ka/LC_MESSAGES/django.po” is already compiled and up to date.
File “/Users/lilla/residenza127/venv/lib/python3.12/site-packages/django/contrib/auth/locale/ne/LC_MESSAGES/django.po” is already compiled and up to date.
File “/Users/lilla/residenza127/venv/lib/python3.12/site-packages/django/contrib/auth/locale/ms/LC_MESSAGES/django.po” is already compiled and up to date.
File “/Users/lilla/residenza127/venv/lib/python3.12/site-packages/django/contrib/auth/locale/sq/LC_MESSAGES/django.po” is already compiled and up to date.
File “/Users/lilla/residenza127/venv/lib/python3.12/site-packages/django/contrib/auth/locale/es_MX/LC_MESSAGES/django.po” is already compiled and up to date.
File “/Users/lilla/residenza127/venv/lib/python3.12/site-packages/django/contrib/auth/locale/en_GB/LC_MESSAGES/django.po” is already compiled and up to date.
File “/Users/lilla/residenza127/venv/lib/python3.12/site-packages/django/contrib/auth/locale/tr/LC_MESSAGES/django.po” is already compiled and up to date.
File “/Users/lilla/residenza127/venv/lib/python3.12/site-packages/django/contrib/auth/locale/km/LC_MESSAGES/django.po” is already compiled and up to date.
File “/Users/lilla/residenza127/venv/lib/python3.12/site-packages/django/contrib/auth/locale/kn/LC_MESSAGES/django.po” is already compiled and up to date.
File “/Users/lilla/residenza127/venv/lib/python3.12/site-packages/django/contrib/auth/locale/sl/LC_MESSAGES/django.po” is already compiled and up to date.
File “/Users/lilla/residenza127/venv/lib/python3.12/site-packages/django/contrib/auth/locale/ast/LC_MESSAGES/django.po” is already compiled and up to date.
File “/Users/lilla/residenza127/venv/lib/python3.12/site-packages/django/contrib/auth/locale/io/LC_MESSAGES/django.po” is already compiled and up to date.
File “/Users/lilla/residenza127/venv/lib/python3.12/site-packages/django/contrib/auth/locale/af/LC_MESSAGES/django.po” is already compiled and up to date.
File “/Users/lilla/residenza127/venv/lib/python3.12/site-packages/django/contrib/auth/locale/os/LC_MESSAGES/django.po” is already compiled and up to date.
File “/Users/lilla/residenza127/venv/lib/python3.12/site-packages/django/contrib/auth/locale/ta/LC_MESSAGES/django.po” is already compiled and up to date.
File “/Users/lilla/residenza127/venv/lib/python3.12/site-packages/django/contrib/auth/locale/ar_DZ/LC_MESSAGES/django.po” is already compiled and up to date.
File “/Users/lilla/residenza127/venv/lib/python3.12/site-packages/django/contrib/auth/locale/lt/LC_MESSAGES/django.po” is already compiled and up to date.
File “/Users/lilla/residenza127/venv/lib/python3.12/site-packages/django/contrib/auth/locale/fy/LC_MESSAGES/django.po” is already compiled and up to date.
File “/Users/lilla/residenza127/venv/lib/python3.12/site-packages/django/contrib/auth/locale/mr/LC_MESSAGES/django.po” is already compiled and up to date.
File “/Users/lilla/residenza127/venv/lib/python3.12/site-packages/django/contrib/auth/locale/cy/LC_MESSAGES/django.po” is already compiled and up to date.
File “/Users/lilla/residenza127/venv/lib/python3.12/site-packages/django/contrib/auth/locale/mk/LC_MESSAGES/django.po” is already compiled and up to date.
File “/Users/lilla/residenza127/venv/lib/python3.12/site-packages/django/contrib/auth/locale/nb/LC_MESSAGES/django.po” is already compiled and up to date.
File “/Users/lilla/residenza127/venv/lib/python3.12/site-packages/django/contrib/auth/locale/en/LC_MESSAGES/django.po” is already compiled and up to date.
File “/Users/lilla/residenza127/venv/lib/python3.12/site-packages/django/contrib/auth/locale/az/LC_MESSAGES/django.po” is already compiled and up to date.
File “/Users/lilla/residenza127/venv/lib/python3.12/site-packages/django/contrib/auth/locale/udm/LC_MESSAGES/django.po” is already compiled and up to date.
File “/Users/lilla/residenza127/venv/lib/python3.12/site-packages/django/contrib/auth/locale/is/LC_MESSAGES/django.po” is already compiled and up to date.
File “/Users/lilla/residenza127/venv/lib/python3.12/site-packages/django/contrib/auth/locale/kk/LC_MESSAGES/django.po” is already compiled and up to date.
File “/Users/lilla/residenza127/venv/lib/python3.12/site-packages/django/contrib/auth/locale/de/LC_MESSAGES/django.po” is already compiled and up to date.
File “/Users/lilla/residenza127/venv/lib/python3.12/site-packages/django/contrib/auth/locale/ga/LC_MESSAGES/django.po” is already compiled and up to date.
File “/Users/lilla/residenza127/venv/lib/python3.12/site-packages/django/contrib/auth/locale/pa/LC_MESSAGES/django.po” is already compiled and up to date.
File “/Users/lilla/residenza127/venv/lib/python3.12/site-packages/django/contrib/auth/locale/tt/LC_MESSAGES/django.po” is already compiled and up to date.
File “/Users/lilla/residenza127/venv/lib/python3.12/site-packages/django/contrib/auth/locale/hi/LC_MESSAGES/django.po” is already compiled and up to date.
File “/Users/lilla/residenza127/venv/lib/python3.12/site-packages/django/contrib/auth/locale/te/LC_MESSAGES/django.po” is already compiled and up to date.
File “/Users/lilla/residenza127/venv/lib/python3.12/site-packages/django/contrib/sessions/locale/hsb/LC_MESSAGES/django.po” is already compiled and up to date.
File “/Users/lilla/residenza127/venv/lib/python3.12/site-packages/django/contrib/sessions/locale/hy/LC_MESSAGES/django.po” is already compiled and up to date.
File “/Users/lilla/residenza127/venv/lib/python3.12/site-packages/django/contrib/sessions/locale/gl/LC_MESSAGES/django.po” is already compiled and up to date.
File “/Users/lilla/residenza127/venv/lib/python3.12/site-packages/django/contrib/sessions/locale/cs/LC_MESSAGES/django.po” is already compiled and up to date.
File “/Users/lilla/residenza127/venv/lib/python3.12/site-packages/django/contrib/sessions/locale/pl/LC_MESSAGES/django.po” is already compiled and up to date.
File “/Users/lilla/residenza127/venv/lib/python3.12/site-packages/django/contrib/sessions/locale/kab/LC_MESSAGES/django.po” is already compiled and up to date.
File “/Users/lilla/residenza127/venv/lib/python3.12/site-packages/django/contrib/sessions/locale/ru/LC_MESSAGES/django.po” is already compiled and up to date.
File “/Users/lilla/residenza127/venv/lib/python3.12/site-packages/django/contrib/sessions/locale/da/LC_MESSAGES/django.po” is already compiled and up to date.
File “/Users/lilla/residenza127/venv/lib/python3.12/site-packages/django/contrib/sessions/locale/it/LC_MESSAGES/django.po” is already compiled and up to date.
File “/Users/lilla/residenza127/venv/lib/python3.12/site-packages/django/contrib/sessions/locale/ko/LC_MESSAGES/django.po” is already compiled and up to date.
File “/Users/lilla/residenza127/venv/lib/python3.12/site-packages/django/contrib/sessions/locale/bg/LC_MESSAGES/django.po” is already compiled and up to date.
File “/Users/lilla/residenza127/venv/lib/python3.12/site-packages/django/contrib/sessions/locale/zh_Hant/LC_MESSAGES/django.po” is already compiled and up to date.
File “/Users/lilla/residenza127/venv/lib/python3.12/site-packages/django/contrib/sessions/locale/ro/LC_MESSAGES/django.po” is already compiled and up to date.
File “/Users/lilla/residenza127/venv/lib/python3.12/site-packages/django/contrib/sessions/locale/pt/LC_MESSAGES/django.po” is already compiled and up to date.
File “/Users/lilla/residenza127/venv/lib/python3.12/site-packages/django/contrib/sessions/locale/zh_Hans/LC_MESSAGES/django.po” is already compiled and up to date.
File “/Users/lilla/residenza127/venv/lib/python3.12/site-packages/django/contrib/sessions/locale/gd/LC_MESSAGES/django.po” is already compiled and up to date.
File “/Users/lilla/residenza127/venv/lib/python3.12/site-packages/django/contrib/sessions/locale/pt_BR/LC_MESSAGES/django.po” is already compiled and up to date.
File “/Users/lilla/residenza127/venv/lib/python3.12/site-packages/django/contrib/sessions/locale/mn/LC_MESSAGES/django.po” is already compiled and up to date.
File “/Users/lilla/residenza127/venv/lib/python3.12/site-packages/django/contrib/sessions/locale/sv/LC_MESSAGES/django.po” is already compiled and up to date.
File “/Users/lilla/residenza127/venv/lib/python3.12/site-packages/django/contrib/sessions/locale/ug/LC_MESSAGES/django.po” is already compiled and up to date.
File “/Users/lilla/residenza127/venv/lib/python3.12/site-packages/django/contrib/sessions/locale/sk/LC_MESSAGES/django.po” is already compiled and up to date.
File “/Users/lilla/residenza127/venv/lib/python3.12/site-packages/django/contrib/sessions/locale/fr/LC_MESSAGES/django.po” is already compiled and up to date.
File “/Users/lilla/residenza127/venv/lib/python3.12/site-packages/django/contrib/sessions/locale/ml/LC_MESSAGES/django.po” is already compiled and up to date.
File “/Users/lilla/residenza127/venv/lib/python3.12/site-packages/django/contrib/sessions/locale/el/LC_MESSAGES/django.po” is already compiled and up to date.
File “/Users/lilla/residenza127/venv/lib/python3.12/site-packages/django/contrib/sessions/locale/hu/LC_MESSAGES/django.po” is already compiled and up to date.
File “/Users/lilla/residenza127/venv/lib/python3.12/site-packages/django/contrib/sessions/locale/hr/LC_MESSAGES/django.po” is already compiled and up to date.
File “/Users/lilla/residenza127/venv/lib/python3.12/site-packages/django/contrib/sessions/locale/sr_Latn/LC_MESSAGES/django.po” is already compiled and up to date.
File “/Users/lilla/residenza127/venv/lib/python3.12/site-packages/django/contrib/sessions/locale/ur/LC_MESSAGES/django.po” is already compiled and up to date.
File “/Users/lilla/residenza127/venv/lib/python3.12/site-packages/django/contrib/sessions/locale/fi/LC_MESSAGES/django.po” is already compiled and up to date.
File “/Users/lilla/residenza127/venv/lib/python3.12/site-packages/django/contrib/sessions/locale/uz/LC_MESSAGES/django.po” is already compiled and up to date.
File “/Users/lilla/residenza127/venv/lib/python3.12/site-packages/django/contrib/sessions/locale/es_VE/LC_MESSAGES/django.po” is already compiled and up to date.
File “/Users/lilla/residenza127/venv/lib/python3.12/site-packages/django/contrib/sessions/locale/ia/LC_MESSAGES/django.po” is already compiled and up to date.
File “/Users/lilla/residenza127/venv/lib/python3.12/site-packages/django/contrib/sessions/locale/ckb/LC_MESSAGES/django.po” is already compiled and up to date.
File “/Users/lilla/residenza127/venv/lib/python3.12/site-packages/django/contrib/sessions/locale/tg/LC_MESSAGES/django.po” is already compiled and up to date.
File “/Users/lilla/residenza127/venv/lib/python3.12/site-packages/django/contrib/sessions/locale/vi/LC_MESSAGES/django.po” is already compiled and up to date.
File “/Users/lilla/residenza127/venv/lib/python3.12/site-packages/django/contrib/sessions/locale/es_CO/LC_MESSAGES/django.po” is already compiled and up to date.
File “/Users/lilla/residenza127/venv/lib/python3.12/site-packages/django/contrib/sessions/locale/ja/LC_MESSAGES/django.po” is already compiled and up to date.
File “/Users/lilla/residenza127/venv/lib/python3.12/site-packages/django/contrib/sessions/locale/be/LC_MESSAGES/django.po” is already compiled and up to date.
File “/Users/lilla/residenza127/venv/lib/python3.12/site-packages/django/contrib/sessions/locale/br/LC_MESSAGES/django.po” is already compiled and up to date.
File “/Users/lilla/residenza127/venv/lib/python3.12/site-packages/django/contrib/sessions/locale/ca/LC_MESSAGES/django.po” is already compiled and up to date.
File “/Users/lilla/residenza127/venv/lib/python3.12/site-packages/django/contrib/sessions/locale/bn/LC_MESSAGES/django.po” is already compiled and up to date.
File “/Users/lilla/residenza127/venv/lib/python3.12/site-packages/django/contrib/sessions/locale/es/LC_MESSAGES/django.po” is already compiled and up to date.
File “/Users/lilla/residenza127/venv/lib/python3.12/site-packages/django/contrib/sessions/locale/nn/LC_MESSAGES/django.po” is already compiled and up to date.
File “/Users/lilla/residenza127/venv/lib/python3.12/site-packages/django/contrib/sessions/locale/bs/LC_MESSAGES/django.po” is already compiled and up to date.
File “/Users/lilla/residenza127/venv/lib/python3.12/site-packages/django/contrib/sessions/locale/eu/LC_MESSAGES/django.po” is already compiled and up to date.
File “/Users/lilla/residenza127/venv/lib/python3.12/site-packages/django/contrib/sessions/locale/th/LC_MESSAGES/django.po” is already compiled and up to date.
File “/Users/lilla/residenza127/venv/lib/python3.12/site-packages/django/contrib/sessions/locale/eo/LC_MESSAGES/django.po” is already compiled and up to date.
File “/Users/lilla/residenza127/venv/lib/python3.12/site-packages/django/contrib/sessions/locale/sr/LC_MESSAGES/django.po” is already compiled and up to date.
File “/Users/lilla/residenza127/venv/lib/python3.12/site-packages/django/contrib/sessions/locale/ky/LC_MESSAGES/django.po” is already compiled and up to date.
File “/Users/lilla/residenza127/venv/lib/python3.12/site-packages/django/contrib/sessions/locale/tk/LC_MESSAGES/django.po” is already compiled and up to date.
File “/Users/lilla/residenza127/venv/lib/python3.12/site-packages/django/contrib/sessions/locale/id/LC_MESSAGES/django.po” is already compiled and up to date.
File “/Users/lilla/residenza127/venv/lib/python3.12/site-packages/django/contrib/sessions/locale/es_AR/LC_MESSAGES/django.po” is already compiled and up to date.
File “/Users/lilla/residenza127/venv/lib/python3.12/site-packages/django/contrib/sessions/locale/my/LC_MESSAGES/django.po” is already compiled and up to date.
File “/Users/lilla/residenza127/venv/lib/python3.12/site-packages/django/contrib/sessions/locale/fa/LC_MESSAGES/django.po” is already compiled and up to date.
File “/Users/lilla/residenza127/venv/lib/python3.12/site-packages/django/contrib/sessions/locale/sw/LC_MESSAGES/django.po” is already compiled and up to date.
File “/Users/lilla/residenza127/venv/lib/python3.12/site-packages/django/contrib/sessions/locale/he/LC_MESSAGES/django.po” is already compiled and up to date.
File “/Users/lilla/residenza127/venv/lib/python3.12/site-packages/django/contrib/sessions/locale/lb/LC_MESSAGES/django.po” is already compiled and up to date.
File “/Users/lilla/residenza127/venv/lib/python3.12/site-packages/django/contrib/sessions/locale/ar/LC_MESSAGES/django.po” is already compiled and up to date.
File “/Users/lilla/residenza127/venv/lib/python3.12/site-packages/django/contrib/sessions/locale/en_AU/LC_MESSAGES/django.po” is already compiled and up to date.
File “/Users/lilla/residenza127/venv/lib/python3.12/site-packages/django/contrib/sessions/locale/lv/LC_MESSAGES/django.po” is already compiled and up to date.
File “/Users/lilla/residenza127/venv/lib/python3.12/site-packages/django/contrib/sessions/locale/dsb/LC_MESSAGES/django.po” is already compiled and up to date.
File “/Users/lilla/residenza127/venv/lib/python3.12/site-packages/django/contrib/sessions/locale/uk/LC_MESSAGES/django.po” is already compiled and up to date.
File “/Users/lilla/residenza127/venv/lib/python3.12/site-packages/django/contrib/sessions/locale/et/LC_MESSAGES/django.po” is already compiled and up to date.
File “/Users/lilla/residenza127/venv/lib/python3.12/site-packages/django/contrib/sessions/locale/nl/LC_MESSAGES/django.po” is already compiled and up to date.
File “/Users/lilla/residenza127/venv/lib/python3.12/site-packages/django/contrib/sessions/locale/ka/LC_MESSAGES/django.po” is already compiled and up to date.
File “/Users/lilla/residenza127/venv/lib/python3.12/site-packages/django/contrib/sessions/locale/ne/LC_MESSAGES/django.po” is already compiled and up to date.
File “/Users/lilla/residenza127/venv/lib/python3.12/site-packages/django/contrib/sessions/locale/ms/LC_MESSAGES/django.po” is already compiled and up to date.
File “/Users/lilla/residenza127/venv/lib/python3.12/site-packages/django/contrib/sessions/locale/sq/LC_MESSAGES/django.po” is already compiled and up to date.
File “/Users/lilla/residenza127/venv/lib/python3.12/site-packages/django/contrib/sessions/locale/es_MX/LC_MESSAGES/django.po” is already compiled and up to date.
File “/Users/lilla/residenza127/venv/lib/python3.12/site-packages/django/contrib/sessions/locale/en_GB/LC_MESSAGES/django.po” is already compiled and up to date.
File “/Users/lilla/residenza127/venv/lib/python3.12/site-packages/django/contrib/sessions/locale/tr/LC_MESSAGES/django.po” is already compiled and up to date.
File “/Users/lilla/residenza127/venv/lib/python3.12/site-packages/django/contrib/sessions/locale/km/LC_MESSAGES/django.po” is already compiled and up to date.
File “/Users/lilla/residenza127/venv/lib/python3.12/site-packages/django/contrib/sessions/locale/kn/LC_MESSAGES/django.po” is already compiled and up to date.
File “/Users/lilla/residenza127/venv/lib/python3.12/site-packages/django/contrib/sessions/locale/sl/LC_MESSAGES/django.po” is already compiled and up to date.
File “/Users/lilla/residenza127/venv/lib/python3.12/site-packages/django/contrib/sessions/locale/ast/LC_MESSAGES/django.po” is already compiled and up to date.
File “/Users/lilla/residenza127/venv/lib/python3.12/site-packages/django/contrib/sessions/locale/io/LC_MESSAGES/django.po” is already compiled and up to date.
File “/Users/lilla/residenza127/venv/lib/python3.12/site-packages/django/contrib/sessions/locale/af/LC_MESSAGES/django.po” is already compiled and up to date.
File “/Users/lilla/residenza127/venv/lib/python3.12/site-packages/django/contrib/sessions/locale/os/LC_MESSAGES/django.po” is already compiled and up to date.
File “/Users/lilla/residenza127/venv/lib/python3.12/site-packages/django/contrib/sessions/locale/ta/LC_MESSAGES/django.po” is already compiled and up to date.
File “/Users/lilla/residenza127/venv/lib/python3.12/site-packages/django/contrib/sessions/locale/ar_DZ/LC_MESSAGES/django.po” is already compiled and up to date.
File “/Users/lilla/residenza127/venv/lib/python3.12/site-packages/django/contrib/sessions/locale/lt/LC_MESSAGES/django.po” is already compiled and up to date.
File “/Users/lilla/residenza127/venv/lib/python3.12/site-packages/django/contrib/sessions/locale/fy/LC_MESSAGES/django.po” is already compiled and up to date.
File “/Users/lilla/residenza127/venv/lib/python3.12/site-packages/django/contrib/sessions/locale/mr/LC_MESSAGES/django.po” is already compiled and up to date.
File “/Users/lilla/residenza127/venv/lib/python3.12/site-packages/django/contrib/sessions/locale/cy/LC_MESSAGES/django.po” is already compiled and up to date.
File “/Users/lilla/residenza127/venv/lib/python3.12/site-packages/django/contrib/sessions/locale/mk/LC_MESSAGES/django.po” is already compiled and up to date.
File “/Users/lilla/residenza127/venv/lib/python3.12/site-packages/django/contrib/sessions/locale/nb/LC_MESSAGES/django.po” is already compiled and up to date.
File “/Users/lilla/residenza127/venv/lib/python3.12/site-packages/django/contrib/sessions/locale/en/LC_MESSAGES/django.po” is already compiled and up to date.
File “/Users/lilla/residenza127/venv/lib/python3.12/site-packages/django/contrib/sessions/locale/az/LC_MESSAGES/django.po” is already compiled and up to date.
File “/Users/lilla/residenza127/venv/lib/python3.12/site-packages/django/contrib/sessions/locale/udm/LC_MESSAGES/django.po” is already compiled and up to date.
File “/Users/lilla/residenza127/venv/lib/python3.12/site-packages/django/contrib/sessions/locale/is/LC_MESSAGES/django.po” is already compiled and up to date.
File “/Users/lilla/residenza127/venv/lib/python3.12/site-packages/django/contrib/sessions/locale/kk/LC_MESSAGES/django.po” is already compiled and up to date.
File “/Users/lilla/residenza127/venv/lib/python3.12/site-packages/django/contrib/sessions/locale/de/LC_MESSAGES/django.po” is already compiled and up to date.
File “/Users/lilla/residenza127/venv/lib/python3.12/site-packages/django/contrib/sessions/locale/ga/LC_MESSAGES/django.po” is already compiled and up to date.
File “/Users/lilla/residenza127/venv/lib/python3.12/site-packages/django/contrib/sessions/locale/pa/LC_MESSAGES/django.po” is already compiled and up to date.
File “/Users/lilla/residenza127/venv/lib/python3.12/site-packages/django/contrib/sessions/locale/tt/LC_MESSAGES/django.po” is already compiled and up to date.
File “/Users/lilla/residenza127/venv/lib/python3.12/site-packages/django/contrib/sessions/locale/hi/LC_MESSAGES/django.po” is already compiled and up to date.
File “/Users/lilla/residenza127/venv/lib/python3.12/site-packages/django/contrib/sessions/locale/te/LC_MESSAGES/django.po” is already compiled and up to date.
File “/Users/lilla/residenza127/venv/lib/python3.12/site-packages/django/contrib/contenttypes/locale/hsb/LC_MESSAGES/django.po” is already compiled and up to date.
File “/Users/lilla/residenza127/venv/lib/python3.12/site-packages/django/contrib/contenttypes/locale/hy/LC_MESSAGES/django.po” is already compiled and up to date.
File “/Users/lilla/residenza127/venv/lib/python3.12/site-packages/django/contrib/contenttypes/locale/gl/LC_MESSAGES/django.po” is already compiled and up to date.
File “/Users/lilla/residenza127/venv/lib/python3.12/site-packages/django/contrib/contenttypes/locale/cs/LC_MESSAGES/django.po” is already compiled and up to date.
File “/Users/lilla/residenza127/venv/lib/python3.12/site-packages/django/contrib/contenttypes/locale/pl/LC_MESSAGES/django.po” is already compiled and up to date.
File “/Users/lilla/residenza127/venv/lib/python3.12/site-packages/django/contrib/contenttypes/locale/ru/LC_MESSAGES/django.po” is already compiled and up to date.
File “/Users/lilla/residenza127/venv/lib/python3.12/site-packages/django/contrib/contenttypes/locale/da/LC_MESSAGES/django.po” is already compiled and up to date.
File “/Users/lilla/residenza127/venv/lib/python3.12/site-packages/django/contrib/contenttypes/locale/it/LC_MESSAGES/django.po” is already compiled and up to date.
File “/Users/lilla/residenza127/venv/lib/python3.12/site-packages/django/contrib/contenttypes/locale/ko/LC_MESSAGES/django.po” is already compiled and up to date.
File “/Users/lilla/residenza127/venv/lib/python3.12/site-packages/django/contrib/contenttypes/locale/bg/LC_MESSAGES/django.po” is already compiled and up to date.
File “/Users/lilla/residenza127/venv/lib/python3.12/site-packages/django/contrib/contenttypes/locale/zh_Hant/LC_MESSAGES/django.po” is already compiled and up to date.
File “/Users/lilla/residenza127/venv/lib/python3.12/site-packages/django/contrib/contenttypes/locale/ro/LC_MESSAGES/django.po” is already compiled and up to date.
File “/Users/lilla/residenza127/venv/lib/python3.12/site-packages/django/contrib/contenttypes/locale/pt/LC_MESSAGES/django.po” is already compiled and up to date.
File “/Users/lilla/residenza127/venv/lib/python3.12/site-packages/django/contrib/contenttypes/locale/zh_Hans/LC_MESSAGES/django.po” is already compiled and up to date.
File “/Users/lilla/residenza127/venv/lib/python3.12/site-packages/django/contrib/contenttypes/locale/gd/LC_MESSAGES/django.po” is already compiled and up to date.
File “/Users/lilla/residenza127/venv/lib/python3.12/site-packages/django/contrib/contenttypes/locale/pt_BR/LC_MESSAGES/django.po” is already compiled and up to date.
File “/Users/lilla/residenza127/venv/lib/python3.12/site-packages/django/contrib/contenttypes/locale/mn/LC_MESSAGES/django.po” is already compiled and up to date.
File “/Users/lilla/residenza127/venv/lib/python3.12/site-packages/django/contrib/contenttypes/locale/sv/LC_MESSAGES/django.po” is already compiled and up to date.
File “/Users/lilla/residenza127/venv/lib/python3.12/site-packages/django/contrib/contenttypes/locale/ug/LC_MESSAGES/django.po” is already compiled and up to date.
File “/Users/lilla/residenza127/venv/lib/python3.12/site-packages/django/contrib/contenttypes/locale/sk/LC_MESSAGES/django.po” is already compiled and up to date.
File “/Users/lilla/residenza127/venv/lib/python3.12/site-packages/django/contrib/contenttypes/locale/fr/LC_MESSAGES/django.po” is already compiled and up to date.
File “/Users/lilla/residenza127/venv/lib/python3.12/site-packages/django/contrib/contenttypes/locale/ml/LC_MESSAGES/django.po” is already compiled and up to date.
File “/Users/lilla/residenza127/venv/lib/python3.12/site-packages/django/contrib/contenttypes/locale/el/LC_MESSAGES/django.po” is already compiled and up to date.
File “/Users/lilla/residenza127/venv/lib/python3.12/site-packages/django/contrib/contenttypes/locale/hu/LC_MESSAGES/django.po” is already compiled and up to date.
File “/Users/lilla/residenza127/venv/lib/python3.12/site-packages/django/contrib/contenttypes/locale/hr/LC_MESSAGES/django.po” is already compiled and up to date.
File “/Users/lilla/residenza127/venv/lib/python3.12/site-packages/django/contrib/contenttypes/locale/sr_Latn/LC_MESSAGES/django.po” is already compiled and up to date.
File “/Users/lilla/residenza127/venv/lib/python3.12/site-packages/django/contrib/contenttypes/locale/ur/LC_MESSAGES/django.po” is already compiled and up to date.
File “/Users/lilla/residenza127/venv/lib/python3.12/site-packages/django/contrib/contenttypes/locale/fi/LC_MESSAGES/django.po” is already compiled and up to date.
File “/Users/lilla/residenza127/venv/lib/python3.12/site-packages/django/contrib/contenttypes/locale/es_VE/LC_MESSAGES/django.po” is already compiled and up to date.
File “/Users/lilla/residenza127/venv/lib/python3.12/site-packages/django/contrib/contenttypes/locale/ia/LC_MESSAGES/django.po” is already compiled and up to date.
File “/Users/lilla/residenza127/venv/lib/python3.12/site-packages/django/contrib/contenttypes/locale/ckb/LC_MESSAGES/django.po” is already compiled and up to date.
File “/Users/lilla/residenza127/venv/lib/python3.12/site-packages/django/contrib/contenttypes/locale/tg/LC_MESSAGES/django.po” is already compiled and up to date.
File “/Users/lilla/residenza127/venv/lib/python3.12/site-packages/django/contrib/contenttypes/locale/vi/LC_MESSAGES/django.po” is already compiled and up to date.
File “/Users/lilla/residenza127/venv/lib/python3.12/site-packages/django/contrib/contenttypes/locale/es_CO/LC_MESSAGES/django.po” is already compiled and up to date.
File “/Users/lilla/residenza127/venv/lib/python3.12/site-packages/django/contrib/contenttypes/locale/ja/LC_MESSAGES/django.po” is already compiled and up to date.
File “/Users/lilla/residenza127/venv/lib/python3.12/site-packages/django/contrib/contenttypes/locale/be/LC_MESSAGES/django.po” is already compiled and up to date.
File “/Users/lilla/residenza127/venv/lib/python3.12/site-packages/django/contrib/contenttypes/locale/br/LC_MESSAGES/django.po” is already compiled and up to date.
File “/Users/lilla/residenza127/venv/lib/python3.12/site-packages/django/contrib/contenttypes/locale/ca/LC_MESSAGES/django.po” is already compiled and up to date.
File “/Users/lilla/residenza127/venv/lib/python3.12/site-packages/django/contrib/contenttypes/locale/bn/LC_MESSAGES/django.po” is already compiled and up to date.
File “/Users/lilla/residenza127/venv/lib/python3.12/site-packages/django/contrib/contenttypes/locale/es/LC_MESSAGES/django.po” is already compiled and up to date.
File “/Users/lilla/residenza127/venv/lib/python3.12/site-packages/django/contrib/contenttypes/locale/nn/LC_MESSAGES/django.po” is already compiled and up to date.
File “/Users/lilla/residenza127/venv/lib/python3.12/site-packages/django/contrib/contenttypes/locale/bs/LC_MESSAGES/django.po” is already compiled and up to date.
File “/Users/lilla/residenza127/venv/lib/python3.12/site-packages/django/contrib/contenttypes/locale/eu/LC_MESSAGES/django.po” is already compiled and up to date.
File “/Users/lilla/residenza127/venv/lib/python3.12/site-packages/django/contrib/contenttypes/locale/th/LC_MESSAGES/django.po” is already compiled and up to date.
File “/Users/lilla/residenza127/venv/lib/python3.12/site-packages/django/contrib/contenttypes/locale/eo/LC_MESSAGES/django.po” is already compiled and up to date.
File “/Users/lilla/residenza127/venv/lib/python3.12/site-packages/django/contrib/contenttypes/locale/sr/LC_MESSAGES/django.po” is already compiled and up to date.
File “/Users/lilla/residenza127/venv/lib/python3.12/site-packages/django/contrib/contenttypes/locale/ky/LC_MESSAGES/django.po” is already compiled and up to date.
File “/Users/lilla/residenza127/venv/lib/python3.12/site-packages/django/contrib/contenttypes/locale/tk/LC_MESSAGES/django.po” is already compiled and up to date.
File “/Users/lilla/residenza127/venv/lib/python3.12/site-packages/django/contrib/contenttypes/locale/id/LC_MESSAGES/django.po” is already compiled and up to date.
File “/Users/lilla/residenza127/venv/lib/python3.12/site-packages/django/contrib/contenttypes/locale/es_AR/LC_MESSAGES/django.po” is already compiled and up to date.
File “/Users/lilla/residenza127/venv/lib/python3.12/site-packages/django/contrib/contenttypes/locale/my/LC_MESSAGES/django.po” is already compiled and up to date.
File “/Users/lilla/residenza127/venv/lib/python3.12/site-packages/django/contrib/contenttypes/locale/fa/LC_MESSAGES/django.po” is already compiled and up to date.
File “/Users/lilla/residenza127/venv/lib/python3.12/site-packages/django/contrib/contenttypes/locale/sw/LC_MESSAGES/django.po” is already compiled and up to date.
File “/Users/lilla/residenza127/venv/lib/python3.12/site-packages/django/contrib/contenttypes/locale/he/LC_MESSAGES/django.po” is already compiled and up to date.
File “/Users/lilla/residenza127/venv/lib/python3.12/site-packages/django/contrib/contenttypes/locale/lb/LC_MESSAGES/django.po” is already compiled and up to date.
File “/Users/lilla/residenza127/venv/lib/python3.12/site-packages/django/contrib/contenttypes/locale/ar/LC_MESSAGES/django.po” is already compiled and up to date.
File “/Users/lilla/residenza127/venv/lib/python3.12/site-packages/django/contrib/contenttypes/locale/en_AU/LC_MESSAGES/django.po” is already compiled and up to date.
File “/Users/lilla/residenza127/venv/lib/python3.12/site-packages/django/contrib/contenttypes/locale/lv/LC_MESSAGES/django.po” is already compiled and up to date.
File “/Users/lilla/residenza127/venv/lib/python3.12/site-packages/django/contrib/contenttypes/locale/dsb/LC_MESSAGES/django.po” is already compiled and up to date.
File “/Users/lilla/residenza127/venv/lib/python3.12/site-packages/django/contrib/contenttypes/locale/uk/LC_MESSAGES/django.po” is already compiled and up to date.
File “/Users/lilla/residenza127/venv/lib/python3.12/site-packages/django/contrib/contenttypes/locale/et/LC_MESSAGES/django.po” is already compiled and up to date.
File “/Users/lilla/residenza127/venv/lib/python3.12/site-packages/django/contrib/contenttypes/locale/nl/LC_MESSAGES/django.po” is already compiled and up to date.
File “/Users/lilla/residenza127/venv/lib/python3.12/site-packages/django/contrib/contenttypes/locale/ka/LC_MESSAGES/django.po” is already compiled and up to date.
File “/Users/lilla/residenza127/venv/lib/python3.12/site-packages/django/contrib/contenttypes/locale/ne/LC_MESSAGES/django.po” is already compiled and up to date.
File “/Users/lilla/residenza127/venv/lib/python3.12/site-packages/django/contrib/contenttypes/locale/ms/LC_MESSAGES/django.po” is already compiled and up to date.
File “/Users/lilla/residenza127/venv/lib/python3.12/site-packages/django/contrib/contenttypes/locale/sq/LC_MESSAGES/django.po” is already compiled and up to date.
File “/Users/lilla/residenza127/venv/lib/python3.12/site-packages/django/contrib/contenttypes/locale/es_MX/LC_MESSAGES/django.po” is already compiled and up to date.
File “/Users/lilla/residenza127/venv/lib/python3.12/site-packages/django/contrib/contenttypes/locale/en_GB/LC_MESSAGES/django.po” is already compiled and up to date.
File “/Users/lilla/residenza127/venv/lib/python3.12/site-packages/django/contrib/contenttypes/locale/tr/LC_MESSAGES/django.po” is already compiled and up to date.
File “/Users/lilla/residenza127/venv/lib/python3.12/site-packages/django/contrib/contenttypes/locale/km/LC_MESSAGES/django.po” is already compiled and up to date.
File “/Users/lilla/residenza127/venv/lib/python3.12/site-packages/django/contrib/contenttypes/locale/kn/LC_MESSAGES/django.po” is already compiled and up to date.
File “/Users/lilla/residenza127/venv/lib/python3.12/site-packages/django/contrib/contenttypes/locale/sl/LC_MESSAGES/django.po” is already compiled and up to date.
File “/Users/lilla/residenza127/venv/lib/python3.12/site-packages/django/contrib/contenttypes/locale/ast/LC_MESSAGES/django.po” is already compiled and up to date.
File “/Users/lilla/residenza127/venv/lib/python3.12/site-packages/django/contrib/contenttypes/locale/io/LC_MESSAGES/django.po” is already compiled and up to date.
File “/Users/lilla/residenza127/venv/lib/python3.12/site-packages/django/contrib/contenttypes/locale/af/LC_MESSAGES/django.po” is already compiled and up to date.
File “/Users/lilla/residenza127/venv/lib/python3.12/site-packages/django/contrib/contenttypes/locale/os/LC_MESSAGES/django.po” is already compiled and up to date.
File “/Users/lilla/residenza127/venv/lib/python3.12/site-packages/django/contrib/contenttypes/locale/ta/LC_MESSAGES/django.po” is already compiled and up to date.
File “/Users/lilla/residenza127/venv/lib/python3.12/site-packages/django/contrib/contenttypes/locale/ar_DZ/LC_MESSAGES/django.po” is already compiled and up to date.
File “/Users/lilla/residenza127/venv/lib/python3.12/site-packages/django/contrib/contenttypes/locale/lt/LC_MESSAGES/django.po” is already compiled and up to date.
File “/Users/lilla/residenza127/venv/lib/python3.12/site-packages/django/contrib/contenttypes/locale/fy/LC_MESSAGES/django.po” is already compiled and up to date.
File “/Users/lilla/residenza127/venv/lib/python3.12/site-packages/django/contrib/contenttypes/locale/mr/LC_MESSAGES/django.po” is already compiled and up to date.
File “/Users/lilla/residenza127/venv/lib/python3.12/site-packages/django/contrib/contenttypes/locale/cy/LC_MESSAGES/django.po” is already compiled and up to date.
File “/Users/lilla/residenza127/venv/lib/python3.12/site-packages/django/contrib/contenttypes/locale/mk/LC_MESSAGES/django.po” is already compiled and up to date.
File “/Users/lilla/residenza127/venv/lib/python3.12/site-packages/django/contrib/contenttypes/locale/nb/LC_MESSAGES/django.po” is already compiled and up to date.
File “/Users/lilla/residenza127/venv/lib/python3.12/site-packages/django/contrib/contenttypes/locale/en/LC_MESSAGES/django.po” is already compiled and up to date.
File “/Users/lilla/residenza127/venv/lib/python3.12/site-packages/django/contrib/contenttypes/locale/az/LC_MESSAGES/django.po” is already compiled and up to date.
File “/Users/lilla/residenza127/venv/lib/python3.12/site-packages/django/contrib/contenttypes/locale/udm/LC_MESSAGES/django.po” is already compiled and up to date.
File “/Users/lilla/residenza127/venv/lib/python3.12/site-packages/django/contrib/contenttypes/locale/is/LC_MESSAGES/django.po” is already compiled and up to date.
File “/Users/lilla/residenza127/venv/lib/python3.12/site-packages/django/contrib/contenttypes/locale/kk/LC_MESSAGES/django.po” is already compiled and up to date.
File “/Users/lilla/residenza127/venv/lib/python3.12/site-packages/django/contrib/contenttypes/locale/de/LC_MESSAGES/django.po” is already compiled and up to date.
File “/Users/lilla/residenza127/venv/lib/python3.12/site-packages/django/contrib/contenttypes/locale/ga/LC_MESSAGES/django.po” is already compiled and up to date.
File “/Users/lilla/residenza127/venv/lib/python3.12/site-packages/django/contrib/contenttypes/locale/pa/LC_MESSAGES/django.po” is already compiled and up to date.
File “/Users/lilla/residenza127/venv/lib/python3.12/site-packages/django/contrib/contenttypes/locale/tt/LC_MESSAGES/django.po” is already compiled and up to date.
File “/Users/lilla/residenza127/venv/lib/python3.12/site-packages/django/contrib/contenttypes/locale/hi/LC_MESSAGES/django.po” is already compiled and up to date.
File “/Users/lilla/residenza127/venv/lib/python3.12/site-packages/django/contrib/contenttypes/locale/te/LC_MESSAGES/django.po” is already compiled and up to date.
File “/Users/lilla/residenza127/venv/lib/python3.12/site-packages/django/contrib/admin/locale/hsb/LC_MESSAGES/djangojs.po” is already compiled and up to date.
File “/Users/lilla/residenza127/venv/lib/python3.12/site-packages/django/contrib/admin/locale/hsb/LC_MESSAGES/django.po” is already compiled and up to date.
File “/Users/lilla/residenza127/venv/lib/python3.12/site-packages/django/contrib/admin/locale/hy/LC_MESSAGES/djangojs.po” is already compiled and up to date.
File “/Users/lilla/residenza127/venv/lib/python3.12/site-packages/django/contrib/admin/locale/hy/LC_MESSAGES/django.po” is already compiled and up to date.
File “/Users/lilla/residenza127/venv/lib/python3.12/site-packages/django/contrib/admin/locale/gl/LC_MESSAGES/djangojs.po” is already compiled and up to date.
File “/Users/lilla/residenza127/venv/lib/python3.12/site-packages/django/contrib/admin/locale/gl/LC_MESSAGES/django.po” is already compiled and up to date.
File “/Users/lilla/residenza127/venv/lib/python3.12/site-packages/django/contrib/admin/locale/cs/LC_MESSAGES/djangojs.po” is already compiled and up to date.
File “/Users/lilla/residenza127/venv/lib/python3.12/site-packages/django/contrib/admin/locale/cs/LC_MESSAGES/django.po” is already compiled and up to date.
File “/Users/lilla/residenza127/venv/lib/python3.12/site-packages/django/contrib/admin/locale/pl/LC_MESSAGES/djangojs.po” is already compiled and up to date.
File “/Users/lilla/residenza127/venv/lib/python3.12/site-packages/django/contrib/admin/locale/pl/LC_MESSAGES/django.po” is already compiled and up to date.
File “/Users/lilla/residenza127/venv/lib/python3.12/site-packages/django/contrib/admin/locale/kab/LC_MESSAGES/djangojs.po” is already compiled and up to date.
File “/Users/lilla/residenza127/venv/lib/python3.12/site-packages/django/contrib/admin/locale/kab/LC_MESSAGES/django.po” is already compiled and up to date.
File “/Users/lilla/residenza127/venv/lib/python3.12/site-packages/django/contrib/admin/locale/ru/LC_MESSAGES/djangojs.po” is already compiled and up to date.
File “/Users/lilla/residenza127/venv/lib/python3.12/site-packages/django/contrib/admin/locale/ru/LC_MESSAGES/django.po” is already compiled and up to date.
File “/Users/lilla/residenza127/venv/lib/python3.12/site-packages/django/contrib/admin/locale/da/LC_MESSAGES/djangojs.po” is already compiled and up to date.
File “/Users/lilla/residenza127/venv/lib/python3.12/site-packages/django/contrib/admin/locale/da/LC_MESSAGES/django.po” is already compiled and up to date.
File “/Users/lilla/residenza127/venv/lib/python3.12/site-packages/django/contrib/admin/locale/it/LC_MESSAGES/djangojs.po” is already compiled and up to date.
File “/Users/lilla/residenza127/venv/lib/python3.12/site-packages/django/contrib/admin/locale/it/LC_MESSAGES/django.po” is already compiled and up to date.
File “/Users/lilla/residenza127/venv/lib/python3.12/site-packages/django/contrib/admin/locale/ko/LC_MESSAGES/djangojs.po” is already compiled and up to date.
File “/Users/lilla/residenza127/venv/lib/python3.12/site-packages/django/contrib/admin/locale/ko/LC_MESSAGES/django.po” is already compiled and up to date.
File “/Users/lilla/residenza127/venv/lib/python3.12/site-packages/django/contrib/admin/locale/bg/LC_MESSAGES/djangojs.po” is already compiled and up to date.
File “/Users/lilla/residenza127/venv/lib/python3.12/site-packages/django/contrib/admin/locale/bg/LC_MESSAGES/django.po” is already compiled and up to date.
File “/Users/lilla/residenza127/venv/lib/python3.12/site-packages/django/contrib/admin/locale/zh_Hant/LC_MESSAGES/djangojs.po” is already compiled and up to date.
File “/Users/lilla/residenza127/venv/lib/python3.12/site-packages/django/contrib/admin/locale/zh_Hant/LC_MESSAGES/django.po” is already compiled and up to date.
File “/Users/lilla/residenza127/venv/lib/python3.12/site-packages/django/contrib/admin/locale/ro/LC_MESSAGES/djangojs.po” is already compiled and up to date.
File “/Users/lilla/residenza127/venv/lib/python3.12/site-packages/django/contrib/admin/locale/ro/LC_MESSAGES/django.po” is already compiled and up to date.
File “/Users/lilla/residenza127/venv/lib/python3.12/site-packages/django/contrib/admin/locale/pt/LC_MESSAGES/djangojs.po” is already compiled and up to date.
File “/Users/lilla/residenza127/venv/lib/python3.12/site-packages/django/contrib/admin/locale/pt/LC_MESSAGES/django.po” is already compiled and up to date.
File “/Users/lilla/residenza127/venv/lib/python3.12/site-packages/django/contrib/admin/locale/am/LC_MESSAGES/django.po” is already compiled and up to date.
File “/Users/lilla/residenza127/venv/lib/python3.12/site-packages/django/contrib/admin/locale/zh_Hans/LC_MESSAGES/djangojs.po” is already compiled and up to date.
File “/Users/lilla/residenza127/venv/lib/python3.12/site-packages/django/contrib/admin/locale/zh_Hans/LC_MESSAGES/django.po” is already compiled and up to date.
File “/Users/lilla/residenza127/venv/lib/python3.12/site-packages/django/contrib/admin/locale/gd/LC_MESSAGES/djangojs.po” is already compiled and up to date.
File “/Users/lilla/residenza127/venv/lib/python3.12/site-packages/django/contrib/admin/locale/gd/LC_MESSAGES/django.po” is already compiled and up to date.
File “/Users/lilla/residenza127/venv/lib/python3.12/site-packages/django/contrib/admin/locale/pt_BR/LC_MESSAGES/djangojs.po” is already compiled and up to date.
File “/Users/lilla/residenza127/venv/lib/python3.12/site-packages/django/contrib/admin/locale/pt_BR/LC_MESSAGES/django.po” is already compiled and up to date.
File “/Users/lilla/residenza127/venv/lib/python3.12/site-packages/django/contrib/admin/locale/mn/LC_MESSAGES/djangojs.po” is already compiled and up to date.
File “/Users/lilla/residenza127/venv/lib/python3.12/site-packages/django/contrib/admin/locale/mn/LC_MESSAGES/django.po” is already compiled and up to date.
File “/Users/lilla/residenza127/venv/lib/python3.12/site-packages/django/contrib/admin/locale/sv/LC_MESSAGES/djangojs.po” is already compiled and up to date.
File “/Users/lilla/residenza127/venv/lib/python3.12/site-packages/django/contrib/admin/locale/sv/LC_MESSAGES/django.po” is already compiled and up to date.
File “/Users/lilla/residenza127/venv/lib/python3.12/site-packages/django/contrib/admin/locale/ug/LC_MESSAGES/djangojs.po” is already compiled and up to date.
File “/Users/lilla/residenza127/venv/lib/python3.12/site-packages/django/contrib/admin/locale/ug/LC_MESSAGES/django.po” is already compiled and up to date.
File “/Users/lilla/residenza127/venv/lib/python3.12/site-packages/django/contrib/admin/locale/sk/LC_MESSAGES/djangojs.po” is already compiled and up to date.
File “/Users/lilla/residenza127/venv/lib/python3.12/site-packages/django/contrib/admin/locale/sk/LC_MESSAGES/django.po” is already compiled and up to date.
File “/Users/lilla/residenza127/venv/lib/python3.12/site-packages/django/contrib/admin/locale/fr/LC_MESSAGES/djangojs.po” is already compiled and up to date.
File “/Users/lilla/residenza127/venv/lib/python3.12/site-packages/django/contrib/admin/locale/fr/LC_MESSAGES/django.po” is already compiled and up to date.
File “/Users/lilla/residenza127/venv/lib/python3.12/site-packages/django/contrib/admin/locale/ml/LC_MESSAGES/djangojs.po” is already compiled and up to date.
File “/Users/lilla/residenza127/venv/lib/python3.12/site-packages/django/contrib/admin/locale/ml/LC_MESSAGES/django.po” is already compiled and up to date.
File “/Users/lilla/residenza127/venv/lib/python3.12/site-packages/django/contrib/admin/locale/el/LC_MESSAGES/djangojs.po” is already compiled and up to date.
File “/Users/lilla/residenza127/venv/lib/python3.12/site-packages/django/contrib/admin/locale/el/LC_MESSAGES/django.po” is already compiled and up to date.
File “/Users/lilla/residenza127/venv/lib/python3.12/site-packages/django/contrib/admin/locale/hu/LC_MESSAGES/djangojs.po” is already compiled and up to date.
File “/Users/lilla/residenza127/venv/lib/python3.12/site-packages/django/contrib/admin/locale/hu/LC_MESSAGES/django.po” is already compiled and up to date.
File “/Users/lilla/residenza127/venv/lib/python3.12/site-packages/django/contrib/admin/locale/hr/LC_MESSAGES/djangojs.po” is already compiled and up to date.
File “/Users/lilla/residenza127/venv/lib/python3.12/site-packages/django/contrib/admin/locale/hr/LC_MESSAGES/django.po” is already compiled and up to date.
File “/Users/lilla/residenza127/venv/lib/python3.12/site-packages/django/contrib/admin/locale/sr_Latn/LC_MESSAGES/djangojs.po” is already compiled and up to date.
File “/Users/lilla/residenza127/venv/lib/python3.12/site-packages/django/contrib/admin/locale/sr_Latn/LC_MESSAGES/django.po” is already compiled and up to date.
File “/Users/lilla/residenza127/venv/lib/python3.12/site-packages/django/contrib/admin/locale/ur/LC_MESSAGES/djangojs.po” is already compiled and up to date.
File “/Users/lilla/residenza127/venv/lib/python3.12/site-packages/django/contrib/admin/locale/ur/LC_MESSAGES/django.po” is already compiled and up to date.
File “/Users/lilla/residenza127/venv/lib/python3.12/site-packages/django/contrib/admin/locale/fi/LC_MESSAGES/djangojs.po” is already compiled and up to date.
File “/Users/lilla/residenza127/venv/lib/python3.12/site-packages/django/contrib/admin/locale/fi/LC_MESSAGES/django.po” is already compiled and up to date.
File “/Users/lilla/residenza127/venv/lib/python3.12/site-packages/django/contrib/admin/locale/uz/LC_MESSAGES/djangojs.po” is already compiled and up to date.
File “/Users/lilla/residenza127/venv/lib/python3.12/site-packages/django/contrib/admin/locale/uz/LC_MESSAGES/django.po” is already compiled and up to date.
File “/Users/lilla/residenza127/venv/lib/python3.12/site-packages/django/contrib/admin/locale/es_VE/LC_MESSAGES/djangojs.po” is already compiled and up to date.
File “/Users/lilla/residenza127/venv/lib/python3.12/site-packages/django/contrib/admin/locale/es_VE/LC_MESSAGES/django.po” is already compiled and up to date.
File “/Users/lilla/residenza127/venv/lib/python3.12/site-packages/django/contrib/admin/locale/ia/LC_MESSAGES/djangojs.po” is already compiled and up to date.
File “/Users/lilla/residenza127/venv/lib/python3.12/site-packages/django/contrib/admin/locale/ia/LC_MESSAGES/django.po” is already compiled and up to date.
File “/Users/lilla/residenza127/venv/lib/python3.12/site-packages/django/contrib/admin/locale/ckb/LC_MESSAGES/djangojs.po” is already compiled and up to date.
File “/Users/lilla/residenza127/venv/lib/python3.12/site-packages/django/contrib/admin/locale/ckb/LC_MESSAGES/django.po” is already compiled and up to date.
File “/Users/lilla/residenza127/venv/lib/python3.12/site-packages/django/contrib/admin/locale/tg/LC_MESSAGES/djangojs.po” is already compiled and up to date.
File “/Users/lilla/residenza127/venv/lib/python3.12/site-packages/django/contrib/admin/locale/tg/LC_MESSAGES/django.po” is already compiled and up to date.
File “/Users/lilla/residenza127/venv/lib/python3.12/site-packages/django/contrib/admin/locale/vi/LC_MESSAGES/djangojs.po” is already compiled and up to date.
File “/Users/lilla/residenza127/venv/lib/python3.12/site-packages/django/contrib/admin/locale/vi/LC_MESSAGES/django.po” is already compiled and up to date.
File “/Users/lilla/residenza127/venv/lib/python3.12/site-packages/django/contrib/admin/locale/es_CO/LC_MESSAGES/djangojs.po” is already compiled and up to date.
File “/Users/lilla/residenza127/venv/lib/python3.12/site-packages/django/contrib/admin/locale/es_CO/LC_MESSAGES/django.po” is already compiled and up to date.
File “/Users/lilla/residenza127/venv/lib/python3.12/site-packages/django/contrib/admin/locale/ja/LC_MESSAGES/djangojs.po” is already compiled and up to date.
File “/Users/lilla/residenza127/venv/lib/python3.12/site-packages/django/contrib/admin/locale/ja/LC_MESSAGES/django.po” is already compiled and up to date.
File “/Users/lilla/residenza127/venv/lib/python3.12/site-packages/django/contrib/admin/locale/be/LC_MESSAGES/djangojs.po” is already compiled and up to date.
File “/Users/lilla/residenza127/venv/lib/python3.12/site-packages/django/contrib/admin/locale/be/LC_MESSAGES/django.po” is already compiled and up to date.
File “/Users/lilla/residenza127/venv/lib/python3.12/site-packages/django/contrib/admin/locale/br/LC_MESSAGES/djangojs.po” is already compiled and up to date.
File “/Users/lilla/residenza127/venv/lib/python3.12/site-packages/django/contrib/admin/locale/br/LC_MESSAGES/django.po” is already compiled and up to date.
File “/Users/lilla/residenza127/venv/lib/python3.12/site-packages/django/contrib/admin/locale/ca/LC_MESSAGES/djangojs.po” is already compiled and up to date.
File “/Users/lilla/residenza127/venv/lib/python3.12/site-packages/django/contrib/admin/locale/ca/LC_MESSAGES/django.po” is already compiled and up to date.
File “/Users/lilla/residenza127/venv/lib/python3.12/site-packages/django/contrib/admin/locale/bn/LC_MESSAGES/djangojs.po” is already compiled and up to date.
File “/Users/lilla/residenza127/venv/lib/python3.12/site-packages/django/contrib/admin/locale/bn/LC_MESSAGES/django.po” is already compiled and up to date.
File “/Users/lilla/residenza127/venv/lib/python3.12/site-packages/django/contrib/admin/locale/es/LC_MESSAGES/djangojs.po” is already compiled and up to date.
File “/Users/lilla/residenza127/venv/lib/python3.12/site-packages/django/contrib/admin/locale/es/LC_MESSAGES/django.po” is already compiled and up to date.
File “/Users/lilla/residenza127/venv/lib/python3.12/site-packages/django/contrib/admin/locale/nn/LC_MESSAGES/djangojs.po” is already compiled and up to date.
File “/Users/lilla/residenza127/venv/lib/python3.12/site-packages/django/contrib/admin/locale/nn/LC_MESSAGES/django.po” is already compiled and up to date.
File “/Users/lilla/residenza127/venv/lib/python3.12/site-packages/django/contrib/admin/locale/bs/LC_MESSAGES/djangojs.po” is already compiled and up to date.
File “/Users/lilla/residenza127/venv/lib/python3.12/site-packages/django/contrib/admin/locale/bs/LC_MESSAGES/django.po” is already compiled and up to date.
File “/Users/lilla/residenza127/venv/lib/python3.12/site-packages/django/contrib/admin/locale/eu/LC_MESSAGES/djangojs.po” is already compiled and up to date.
File “/Users/lilla/residenza127/venv/lib/python3.12/site-packages/django/contrib/admin/locale/eu/LC_MESSAGES/django.po” is already compiled and up to date.
File “/Users/lilla/residenza127/venv/lib/python3.12/site-packages/django/contrib/admin/locale/th/LC_MESSAGES/djangojs.po” is already compiled and up to date.
File “/Users/lilla/residenza127/venv/lib/python3.12/site-packages/django/contrib/admin/locale/th/LC_MESSAGES/django.po” is already compiled and up to date.
File “/Users/lilla/residenza127/venv/lib/python3.12/site-packages/django/contrib/admin/locale/eo/LC_MESSAGES/djangojs.po” is already compiled and up to date.
File “/Users/lilla/residenza127/venv/lib/python3.12/site-packages/django/contrib/admin/locale/eo/LC_MESSAGES/django.po” is already compiled and up to date.
File “/Users/lilla/residenza127/venv/lib/python3.12/site-packages/django/contrib/admin/locale/sr/LC_MESSAGES/djangojs.po” is already compiled and up to date.
File “/Users/lilla/residenza127/venv/lib/python3.12/site-packages/django/contrib/admin/locale/sr/LC_MESSAGES/django.po” is already compiled and up to date.
File “/Users/lilla/residenza127/venv/lib/python3.12/site-packages/django/contrib/admin/locale/ky/LC_MESSAGES/djangojs.po” is already compiled and up to date.
File “/Users/lilla/residenza127/venv/lib/python3.12/site-packages/django/contrib/admin/locale/ky/LC_MESSAGES/django.po” is already compiled and up to date.
File “/Users/lilla/residenza127/venv/lib/python3.12/site-packages/django/contrib/admin/locale/tk/LC_MESSAGES/django.po” is already compiled and up to date.
File “/Users/lilla/residenza127/venv/lib/python3.12/site-packages/django/contrib/admin/locale/id/LC_MESSAGES/djangojs.po” is already compiled and up to date.
File “/Users/lilla/residenza127/venv/lib/python3.12/site-packages/django/contrib/admin/locale/id/LC_MESSAGES/django.po” is already compiled and up to date.
File “/Users/lilla/residenza127/venv/lib/python3.12/site-packages/django/contrib/admin/locale/es_AR/LC_MESSAGES/djangojs.po” is already compiled and up to date.
File “/Users/lilla/residenza127/venv/lib/python3.12/site-packages/django/contrib/admin/locale/es_AR/LC_MESSAGES/django.po” is already compiled and up to date.
File “/Users/lilla/residenza127/venv/lib/python3.12/site-packages/django/contrib/admin/locale/my/LC_MESSAGES/djangojs.po” is already compiled and up to date.
File “/Users/lilla/residenza127/venv/lib/python3.12/site-packages/django/contrib/admin/locale/my/LC_MESSAGES/django.po” is already compiled and up to date.
File “/Users/lilla/residenza127/venv/lib/python3.12/site-packages/django/contrib/admin/locale/fa/LC_MESSAGES/djangojs.po” is already compiled and up to date.
File “/Users/lilla/residenza127/venv/lib/python3.12/site-packages/django/contrib/admin/locale/fa/LC_MESSAGES/django.po” is already compiled and up to date.
File “/Users/lilla/residenza127/venv/lib/python3.12/site-packages/django/contrib/admin/locale/sw/LC_MESSAGES/djangojs.po” is already compiled and up to date.
File “/Users/lilla/residenza127/venv/lib/python3.12/site-packages/django/contrib/admin/locale/sw/LC_MESSAGES/django.po” is already compiled and up to date.
File “/Users/lilla/residenza127/venv/lib/python3.12/site-packages/django/contrib/admin/locale/he/LC_MESSAGES/djangojs.po” is already compiled and up to date.
File “/Users/lilla/residenza127/venv/lib/python3.12/site-packages/django/contrib/admin/locale/he/LC_MESSAGES/django.po” is already compiled and up to date.
File “/Users/lilla/residenza127/venv/lib/python3.12/site-packages/django/contrib/admin/locale/lb/LC_MESSAGES/djangojs.po” is already compiled and up to date.
File “/Users/lilla/residenza127/venv/lib/python3.12/site-packages/django/contrib/admin/locale/lb/LC_MESSAGES/django.po” is already compiled and up to date.
File “/Users/lilla/residenza127/venv/lib/python3.12/site-packages/django/contrib/admin/locale/ar/LC_MESSAGES/djangojs.po” is already compiled and up to date.
File “/Users/lilla/residenza127/venv/lib/python3.12/site-packages/django/contrib/admin/locale/ar/LC_MESSAGES/django.po” is already compiled and up to date.
File “/Users/lilla/residenza127/venv/lib/python3.12/site-packages/django/contrib/admin/locale/en_AU/LC_MESSAGES/djangojs.po” is already compiled and up to date.
File “/Users/lilla/residenza127/venv/lib/python3.12/site-packages/django/contrib/admin/locale/en_AU/LC_MESSAGES/django.po” is already compiled and up to date.
File “/Users/lilla/residenza127/venv/lib/python3.12/site-packages/django/contrib/admin/locale/lv/LC_MESSAGES/djangojs.po” is already compiled and up to date.
File “/Users/lilla/residenza127/venv/lib/python3.12/site-packages/django/contrib/admin/locale/lv/LC_MESSAGES/django.po” is already compiled and up to date.
File “/Users/lilla/residenza127/venv/lib/python3.12/site-packages/django/contrib/admin/locale/dsb/LC_MESSAGES/djangojs.po” is already compiled and up to date.
File “/Users/lilla/residenza127/venv/lib/python3.12/site-packages/django/contrib/admin/locale/dsb/LC_MESSAGES/django.po” is already compiled and up to date.
File “/Users/lilla/residenza127/venv/lib/python3.12/site-packages/django/contrib/admin/locale/uk/LC_MESSAGES/djangojs.po” is already compiled and up to date.
File “/Users/lilla/residenza127/venv/lib/python3.12/site-packages/django/contrib/admin/locale/uk/LC_MESSAGES/django.po” is already compiled and up to date.
File “/Users/lilla/residenza127/venv/lib/python3.12/site-packages/django/contrib/admin/locale/et/LC_MESSAGES/djangojs.po” is already compiled and up to date.
File “/Users/lilla/residenza127/venv/lib/python3.12/site-packages/django/contrib/admin/locale/et/LC_MESSAGES/django.po” is already compiled and up to date.
File “/Users/lilla/residenza127/venv/lib/python3.12/site-packages/django/contrib/admin/locale/nl/LC_MESSAGES/djangojs.po” is already compiled and up to date.
File “/Users/lilla/residenza127/venv/lib/python3.12/site-packages/django/contrib/admin/locale/nl/LC_MESSAGES/django.po” is already compiled and up to date.
File “/Users/lilla/residenza127/venv/lib/python3.12/site-packages/django/contrib/admin/locale/ka/LC_MESSAGES/djangojs.po” is already compiled and up to date.
File “/Users/lilla/residenza127/venv/lib/python3.12/site-packages/django/contrib/admin/locale/ka/LC_MESSAGES/django.po” is already compiled and up to date.
File “/Users/lilla/residenza127/venv/lib/python3.12/site-packages/django/contrib/admin/locale/ne/LC_MESSAGES/djangojs.po” is already compiled and up to date.
File “/Users/lilla/residenza127/venv/lib/python3.12/site-packages/django/contrib/admin/locale/ne/LC_MESSAGES/django.po” is already compiled and up to date.
File “/Users/lilla/residenza127/venv/lib/python3.12/site-packages/django/contrib/admin/locale/ms/LC_MESSAGES/djangojs.po” is already compiled and up to date.
File “/Users/lilla/residenza127/venv/lib/python3.12/site-packages/django/contrib/admin/locale/ms/LC_MESSAGES/django.po” is already compiled and up to date.
File “/Users/lilla/residenza127/venv/lib/python3.12/site-packages/django/contrib/admin/locale/sq/LC_MESSAGES/djangojs.po” is already compiled and up to date.
File “/Users/lilla/residenza127/venv/lib/python3.12/site-packages/django/contrib/admin/locale/sq/LC_MESSAGES/django.po” is already compiled and up to date.
File “/Users/lilla/residenza127/venv/lib/python3.12/site-packages/django/contrib/admin/locale/es_MX/LC_MESSAGES/djangojs.po” is already compiled and up to date.
File “/Users/lilla/residenza127/venv/lib/python3.12/site-packages/django/contrib/admin/locale/es_MX/LC_MESSAGES/django.po” is already compiled and up to date.
File “/Users/lilla/residenza127/venv/lib/python3.12/site-packages/django/contrib/admin/locale/en_GB/LC_MESSAGES/djangojs.po” is already compiled and up to date.
File “/Users/lilla/residenza127/venv/lib/python3.12/site-packages/django/contrib/admin/locale/en_GB/LC_MESSAGES/django.po” is already compiled and up to date.
File “/Users/lilla/residenza127/venv/lib/python3.12/site-packages/django/contrib/admin/locale/tr/LC_MESSAGES/djangojs.po” is already compiled and up to date.
File “/Users/lilla/residenza127/venv/lib/python3.12/site-packages/django/contrib/admin/locale/tr/LC_MESSAGES/django.po” is already compiled and up to date.
File “/Users/lilla/residenza127/venv/lib/python3.12/site-packages/django/contrib/admin/locale/km/LC_MESSAGES/djangojs.po” is already compiled and up to date.
File “/Users/lilla/residenza127/venv/lib/python3.12/site-packages/django/contrib/admin/locale/km/LC_MESSAGES/django.po” is already compiled and up to date.
File “/Users/lilla/residenza127/venv/lib/python3.12/site-packages/django/contrib/admin/locale/kn/LC_MESSAGES/djangojs.po” is already compiled and up to date.
File “/Users/lilla/residenza127/venv/lib/python3.12/site-packages/django/contrib/admin/locale/kn/LC_MESSAGES/django.po” is already compiled and up to date.
File “/Users/lilla/residenza127/venv/lib/python3.12/site-packages/django/contrib/admin/locale/sl/LC_MESSAGES/djangojs.po” is already compiled and up to date.
File “/Users/lilla/residenza127/venv/lib/python3.12/site-packages/django/contrib/admin/locale/sl/LC_MESSAGES/django.po” is already compiled and up to date.
File “/Users/lilla/residenza127/venv/lib/python3.12/site-packages/django/contrib/admin/locale/ast/LC_MESSAGES/djangojs.po” is already compiled and up to date.
File “/Users/lilla/residenza127/venv/lib/python3.12/site-packages/django/contrib/admin/locale/ast/LC_MESSAGES/django.po” is already compiled and up to date.
File “/Users/lilla/residenza127/venv/lib/python3.12/site-packages/django/contrib/admin/locale/io/LC_MESSAGES/djangojs.po” is already compiled and up to date.
File “/Users/lilla/residenza127/venv/lib/python3.12/site-packages/django/contrib/admin/locale/io/LC_MESSAGES/django.po” is already compiled and up to date.
File “/Users/lilla/residenza127/venv/lib/python3.12/site-packages/django/contrib/admin/locale/af/LC_MESSAGES/djangojs.po” is already compiled and up to date.
File “/Users/lilla/residenza127/venv/lib/python3.12/site-packages/django/contrib/admin/locale/af/LC_MESSAGES/django.po” is already compiled and up to date.
File “/Users/lilla/residenza127/venv/lib/python3.12/site-packages/django/contrib/admin/locale/os/LC_MESSAGES/djangojs.po” is already compiled and up to date.
File “/Users/lilla/residenza127/venv/lib/python3.12/site-packages/django/contrib/admin/locale/os/LC_MESSAGES/django.po” is already compiled and up to date.
File “/Users/lilla/residenza127/venv/lib/python3.12/site-packages/django/contrib/admin/locale/ta/LC_MESSAGES/djangojs.po” is already compiled and up to date.
File “/Users/lilla/residenza127/venv/lib/python3.12/site-packages/django/contrib/admin/locale/ta/LC_MESSAGES/django.po” is already compiled and up to date.
File “/Users/lilla/residenza127/venv/lib/python3.12/site-packages/django/contrib/admin/locale/ar_DZ/LC_MESSAGES/djangojs.po” is already compiled and up to date.
File “/Users/lilla/residenza127/venv/lib/python3.12/site-packages/django/contrib/admin/locale/ar_DZ/LC_MESSAGES/django.po” is already compiled and up to date.
File “/Users/lilla/residenza127/venv/lib/python3.12/site-packages/django/contrib/admin/locale/lt/LC_MESSAGES/djangojs.po” is already compiled and up to date.
File “/Users/lilla/residenza127/venv/lib/python3.12/site-packages/django/contrib/admin/locale/lt/LC_MESSAGES/django.po” is already compiled and up to date.
File “/Users/lilla/residenza127/venv/lib/python3.12/site-packages/django/contrib/admin/locale/fy/LC_MESSAGES/djangojs.po” is already compiled and up to date.
File “/Users/lilla/residenza127/venv/lib/python3.12/site-packages/django/contrib/admin/locale/fy/LC_MESSAGES/django.po” is already compiled and up to date.
File “/Users/lilla/residenza127/venv/lib/python3.12/site-packages/django/contrib/admin/locale/mr/LC_MESSAGES/djangojs.po” is already compiled and up to date.
File “/Users/lilla/residenza127/venv/lib/python3.12/site-packages/django/contrib/admin/locale/mr/LC_MESSAGES/django.po” is already compiled and up to date.
File “/Users/lilla/residenza127/venv/lib/python3.12/site-packages/django/contrib/admin/locale/cy/LC_MESSAGES/djangojs.po” is already compiled and up to date.
File “/Users/lilla/residenza127/venv/lib/python3.12/site-packages/django/contrib/admin/locale/cy/LC_MESSAGES/django.po” is already compiled and up to date.
File “/Users/lilla/residenza127/venv/lib/python3.12/site-packages/django/contrib/admin/locale/mk/LC_MESSAGES/djangojs.po” is already compiled and up to date.
File “/Users/lilla/residenza127/venv/lib/python3.12/site-packages/django/contrib/admin/locale/mk/LC_MESSAGES/django.po” is already compiled and up to date.
File “/Users/lilla/residenza127/venv/lib/python3.12/site-packages/django/contrib/admin/locale/nb/LC_MESSAGES/djangojs.po” is already compiled and up to date.
File “/Users/lilla/residenza127/venv/lib/python3.12/site-packages/django/contrib/admin/locale/nb/LC_MESSAGES/django.po” is already compiled and up to date.
File “/Users/lilla/residenza127/venv/lib/python3.12/site-packages/django/contrib/admin/locale/en/LC_MESSAGES/djangojs.po” is already compiled and up to date.
File “/Users/lilla/residenza127/venv/lib/python3.12/site-packages/django/contrib/admin/locale/en/LC_MESSAGES/django.po” is already compiled and up to date.
File “/Users/lilla/residenza127/venv/lib/python3.12/site-packages/django/contrib/admin/locale/az/LC_MESSAGES/djangojs.po” is already compiled and up to date.
File “/Users/lilla/residenza127/venv/lib/python3.12/site-packages/django/contrib/admin/locale/az/LC_MESSAGES/django.po” is already compiled and up to date.
File “/Users/lilla/residenza127/venv/lib/python3.12/site-packages/django/contrib/admin/locale/udm/LC_MESSAGES/djangojs.po” is already compiled and up to date.
File “/Users/lilla/residenza127/venv/lib/python3.12/site-packages/django/contrib/admin/locale/udm/LC_MESSAGES/django.po” is already compiled and up to date.
File “/Users/lilla/residenza127/venv/lib/python3.12/site-packages/django/contrib/admin/locale/is/LC_MESSAGES/djangojs.po” is already compiled and up to date.
File “/Users/lilla/residenza127/venv/lib/python3.12/site-packages/django/contrib/admin/locale/is/LC_MESSAGES/django.po” is already compiled and up to date.
File “/Users/lilla/residenza127/venv/lib/python3.12/site-packages/django/contrib/admin/locale/kk/LC_MESSAGES/djangojs.po” is already compiled and up to date.
File “/Users/lilla/residenza127/venv/lib/python3.12/site-packages/django/contrib/admin/locale/kk/LC_MESSAGES/django.po” is already compiled and up to date.
File “/Users/lilla/residenza127/venv/lib/python3.12/site-packages/django/contrib/admin/locale/de/LC_MESSAGES/djangojs.po” is already compiled and up to date.
File “/Users/lilla/residenza127/venv/lib/python3.12/site-packages/django/contrib/admin/locale/de/LC_MESSAGES/django.po” is already compiled and up to date.
File “/Users/lilla/residenza127/venv/lib/python3.12/site-packages/django/contrib/admin/locale/ga/LC_MESSAGES/djangojs.po” is already compiled and up to date.
File “/Users/lilla/residenza127/venv/lib/python3.12/site-packages/django/contrib/admin/locale/ga/LC_MESSAGES/django.po” is already compiled and up to date.
File “/Users/lilla/residenza127/venv/lib/python3.12/site-packages/django/contrib/admin/locale/pa/LC_MESSAGES/djangojs.po” is already compiled and up to date.
File “/Users/lilla/residenza127/venv/lib/python3.12/site-packages/django/contrib/admin/locale/pa/LC_MESSAGES/django.po” is already compiled and up to date.
File “/Users/lilla/residenza127/venv/lib/python3.12/site-packages/django/contrib/admin/locale/tt/LC_MESSAGES/djangojs.po” is already compiled and up to date.
File “/Users/lilla/residenza127/venv/lib/python3.12/site-packages/django/contrib/admin/locale/tt/LC_MESSAGES/django.po” is already compiled and up to date.
File “/Users/lilla/residenza127/venv/lib/python3.12/site-packages/django/contrib/admin/locale/hi/LC_MESSAGES/djangojs.po” is already compiled and up to date.
File “/Users/lilla/residenza127/venv/lib/python3.12/site-packages/django/contrib/admin/locale/hi/LC_MESSAGES/django.po” is already compiled and up to date.
File “/Users/lilla/residenza127/venv/lib/python3.12/site-packages/django/contrib/admin/locale/te/LC_MESSAGES/djangojs.po” is already compiled and up to date.
File “/Users/lilla/residenza127/venv/lib/python3.12/site-packages/django/contrib/admin/locale/te/LC_MESSAGES/django.po” is already compiled and up to date.
File “/Users/lilla/residenza127/venv/lib/python3.12/site-packages/allauth/locale/cs/LC_MESSAGES/django.po” is already compiled and up to date.
File “/Users/lilla/residenza127/venv/lib/python3.12/site-packages/allauth/locale/pl/LC_MESSAGES/django.po” is already compiled and up to date.
File “/Users/lilla/residenza127/venv/lib/python3.12/site-packages/allauth/locale/ru/LC_MESSAGES/django.po” is already compiled and up to date.
File “/Users/lilla/residenza127/venv/lib/python3.12/site-packages/allauth/locale/da/LC_MESSAGES/django.po” is already compiled and up to date.
File “/Users/lilla/residenza127/venv/lib/python3.12/site-packages/allauth/locale/it/LC_MESSAGES/django.po” is already compiled and up to date.
File “/Users/lilla/residenza127/venv/lib/python3.12/site-packages/allauth/locale/ko/LC_MESSAGES/django.po” is already compiled and up to date.
File “/Users/lilla/residenza127/venv/lib/python3.12/site-packages/allauth/locale/bg/LC_MESSAGES/django.po” is already compiled and up to date.
File “/Users/lilla/residenza127/venv/lib/python3.12/site-packages/allauth/locale/zh_Hant/LC_MESSAGES/django.po” is already compiled and up to date.
File “/Users/lilla/residenza127/venv/lib/python3.12/site-packages/allauth/locale/ro/LC_MESSAGES/django.po” is already compiled and up to date.
File “/Users/lilla/residenza127/venv/lib/python3.12/site-packages/allauth/locale/zh_Hans/LC_MESSAGES/django.po” is already compiled and up to date.
File “/Users/lilla/residenza127/venv/lib/python3.12/site-packages/allauth/locale/pt_BR/LC_MESSAGES/django.po” is already compiled and up to date.
File “/Users/lilla/residenza127/venv/lib/python3.12/site-packages/allauth/locale/mn/LC_MESSAGES/django.po” is already compiled and up to date.
File “/Users/lilla/residenza127/venv/lib/python3.12/site-packages/allauth/locale/sv/LC_MESSAGES/django.po” is already compiled and up to date.
File “/Users/lilla/residenza127/venv/lib/python3.12/site-packages/allauth/locale/sk/LC_MESSAGES/django.po” is already compiled and up to date.
File “/Users/lilla/residenza127/venv/lib/python3.12/site-packages/allauth/locale/fr/LC_MESSAGES/django.po” is already compiled and up to date.
File “/Users/lilla/residenza127/venv/lib/python3.12/site-packages/allauth/locale/el/LC_MESSAGES/django.po” is already compiled and up to date.
File “/Users/lilla/residenza127/venv/lib/python3.12/site-packages/allauth/locale/hu/LC_MESSAGES/django.po” is already compiled and up to date.
File “/Users/lilla/residenza127/venv/lib/python3.12/site-packages/allauth/locale/hr/LC_MESSAGES/django.po” is already compiled and up to date.
File “/Users/lilla/residenza127/venv/lib/python3.12/site-packages/allauth/locale/sr_Latn/LC_MESSAGES/django.po” is already compiled and up to date.
File “/Users/lilla/residenza127/venv/lib/python3.12/site-packages/allauth/locale/fi/LC_MESSAGES/django.po” is already compiled and up to date.
File “/Users/lilla/residenza127/venv/lib/python3.12/site-packages/allauth/locale/uz/LC_MESSAGES/django.po” is already compiled and up to date.
File “/Users/lilla/residenza127/venv/lib/python3.12/site-packages/allauth/locale/ja/LC_MESSAGES/django.po” is already compiled and up to date.
File “/Users/lilla/residenza127/venv/lib/python3.12/site-packages/allauth/locale/ca/LC_MESSAGES/django.po” is already compiled and up to date.
File “/Users/lilla/residenza127/venv/lib/python3.12/site-packages/allauth/locale/pt_PT/LC_MESSAGES/django.po” is already compiled and up to date.
File “/Users/lilla/residenza127/venv/lib/python3.12/site-packages/allauth/locale/es/LC_MESSAGES/django.po” is already compiled and up to date.
File “/Users/lilla/residenza127/venv/lib/python3.12/site-packages/allauth/locale/eu/LC_MESSAGES/django.po” is already compiled and up to date.
File “/Users/lilla/residenza127/venv/lib/python3.12/site-packages/allauth/locale/th/LC_MESSAGES/django.po” is already compiled and up to date.
File “/Users/lilla/residenza127/venv/lib/python3.12/site-packages/allauth/locale/sr/LC_MESSAGES/django.po” is already compiled and up to date.
File “/Users/lilla/residenza127/venv/lib/python3.12/site-packages/allauth/locale/ky/LC_MESSAGES/django.po” is already compiled and up to date.
File “/Users/lilla/residenza127/venv/lib/python3.12/site-packages/allauth/locale/id/LC_MESSAGES/django.po” is already compiled and up to date.
File “/Users/lilla/residenza127/venv/lib/python3.12/site-packages/allauth/locale/fa/LC_MESSAGES/django.po” is already compiled and up to date.
File “/Users/lilla/residenza127/venv/lib/python3.12/site-packages/allauth/locale/he/LC_MESSAGES/django.po” is already compiled and up to date.
File “/Users/lilla/residenza127/venv/lib/python3.12/site-packages/allauth/locale/ar/LC_MESSAGES/django.po” is already compiled and up to date.
File “/Users/lilla/residenza127/venv/lib/python3.12/site-packages/allauth/locale/lv/LC_MESSAGES/django.po” is already compiled and up to date.
File “/Users/lilla/residenza127/venv/lib/python3.12/site-packages/allauth/locale/uk/LC_MESSAGES/django.po” is already compiled and up to date.
File “/Users/lilla/residenza127/venv/lib/python3.12/site-packages/allauth/locale/et/LC_MESSAGES/django.po” is already compiled and up to date.
File “/Users/lilla/residenza127/venv/lib/python3.12/site-packages/allauth/locale/nl/LC_MESSAGES/django.po” is already compiled and up to date.
File “/Users/lilla/residenza127/venv/lib/python3.12/site-packages/allauth/locale/ka/LC_MESSAGES/django.po” is already compiled and up to date.
File “/Users/lilla/residenza127/venv/lib/python3.12/site-packages/allauth/locale/tr/LC_MESSAGES/django.po” is already compiled and up to date.
File “/Users/lilla/residenza127/venv/lib/python3.12/site-packages/allauth/locale/sl/LC_MESSAGES/django.po” is already compiled and up to date.
File “/Users/lilla/residenza127/venv/lib/python3.12/site-packages/allauth/locale/lt/LC_MESSAGES/django.po” is already compiled and up to date.
File “/Users/lilla/residenza127/venv/lib/python3.12/site-packages/allauth/locale/nb/LC_MESSAGES/django.po” is already compiled and up to date.
File “/Users/lilla/residenza127/venv/lib/python3.12/site-packages/allauth/locale/en/LC_MESSAGES/django.po” is already compiled and up to date.
File “/Users/lilla/residenza127/venv/lib/python3.12/site-packages/allauth/locale/az/LC_MESSAGES/django.po” is already compiled and up to date.
File “/Users/lilla/residenza127/venv/lib/python3.12/site-packages/allauth/locale/de/LC_MESSAGES/django.po” is already compiled and up to date.
File “/Users/lilla/residenza127/venv/lib/python3.12/site-packages/phonenumber_field/locale/hy/LC_MESSAGES/django.po” is already compiled and up to date.
File “/Users/lilla/residenza127/venv/lib/python3.12/site-packages/phonenumber_field/locale/cs/LC_MESSAGES/django.po” is already compiled and up to date.
File “/Users/lilla/residenza127/venv/lib/python3.12/site-packages/phonenumber_field/locale/pl/LC_MESSAGES/django.po” is already compiled and up to date.
File “/Users/lilla/residenza127/venv/lib/python3.12/site-packages/phonenumber_field/locale/ru/LC_MESSAGES/django.po” is already compiled and up to date.
File “/Users/lilla/residenza127/venv/lib/python3.12/site-packages/phonenumber_field/locale/da/LC_MESSAGES/django.po” is already compiled and up to date.
File “/Users/lilla/residenza127/venv/lib/python3.12/site-packages/phonenumber_field/locale/it/LC_MESSAGES/django.po” is already compiled and up to date.
File “/Users/lilla/residenza127/venv/lib/python3.12/site-packages/phonenumber_field/locale/ko/LC_MESSAGES/django.po” is already compiled and up to date.
File “/Users/lilla/residenza127/venv/lib/python3.12/site-packages/phonenumber_field/locale/bg/LC_MESSAGES/django.po” is already compiled and up to date.
File “/Users/lilla/residenza127/venv/lib/python3.12/site-packages/phonenumber_field/locale/ro/LC_MESSAGES/django.po” is already compiled and up to date.
File “/Users/lilla/residenza127/venv/lib/python3.12/site-packages/phonenumber_field/locale/pt/LC_MESSAGES/django.po” is already compiled and up to date.
File “/Users/lilla/residenza127/venv/lib/python3.12/site-packages/phonenumber_field/locale/zh_Hans/LC_MESSAGES/django.po” is already compiled and up to date.
File “/Users/lilla/residenza127/venv/lib/python3.12/site-packages/phonenumber_field/locale/pt_BR/LC_MESSAGES/django.po” is already compiled and up to date.
File “/Users/lilla/residenza127/venv/lib/python3.12/site-packages/phonenumber_field/locale/sv/LC_MESSAGES/django.po” is already compiled and up to date.
File “/Users/lilla/residenza127/venv/lib/python3.12/site-packages/phonenumber_field/locale/sk/LC_MESSAGES/django.po” is already compiled and up to date.
File “/Users/lilla/residenza127/venv/lib/python3.12/site-packages/phonenumber_field/locale/fr/LC_MESSAGES/django.po” is already compiled and up to date.
File “/Users/lilla/residenza127/venv/lib/python3.12/site-packages/phonenumber_field/locale/fi/LC_MESSAGES/django.po” is already compiled and up to date.
File “/Users/lilla/residenza127/venv/lib/python3.12/site-packages/phonenumber_field/locale/bn/LC_MESSAGES/django.po” is already compiled and up to date.
File “/Users/lilla/residenza127/venv/lib/python3.12/site-packages/phonenumber_field/locale/es/LC_MESSAGES/django.po” is already compiled and up to date.
File “/Users/lilla/residenza127/venv/lib/python3.12/site-packages/phonenumber_field/locale/eo/LC_MESSAGES/django.po” is already compiled and up to date.
File “/Users/lilla/residenza127/venv/lib/python3.12/site-packages/phonenumber_field/locale/uk_UA/LC_MESSAGES/django.po” is already compiled and up to date.
File “/Users/lilla/residenza127/venv/lib/python3.12/site-packages/phonenumber_field/locale/id/LC_MESSAGES/django.po” is already compiled and up to date.
File “/Users/lilla/residenza127/venv/lib/python3.12/site-packages/phonenumber_field/locale/es_AR/LC_MESSAGES/django.po” is already compiled and up to date.
File “/Users/lilla/residenza127/venv/lib/python3.12/site-packages/phonenumber_field/locale/fa/LC_MESSAGES/django.po” is already compiled and up to date.
File “/Users/lilla/residenza127/venv/lib/python3.12/site-packages/phonenumber_field/locale/he/LC_MESSAGES/django.po” is already compiled and up to date.
File “/Users/lilla/residenza127/venv/lib/python3.12/site-packages/phonenumber_field/locale/ar/LC_MESSAGES/django.po” is already compiled and up to date.
File “/Users/lilla/residenza127/venv/lib/python3.12/site-packages/phonenumber_field/locale/uk/LC_MESSAGES/django.po” is already compiled and up to date.
File “/Users/lilla/residenza127/venv/lib/python3.12/site-packages/phonenumber_field/locale/nl/LC_MESSAGES/django.po” is already compiled and up to date.
File “/Users/lilla/residenza127/venv/lib/python3.12/site-packages/phonenumber_field/locale/tr/LC_MESSAGES/django.po” is already compiled and up to date.
File “/Users/lilla/residenza127/venv/lib/python3.12/site-packages/phonenumber_field/locale/lt/LC_MESSAGES/django.po” is already compiled and up to date.
File “/Users/lilla/residenza127/venv/lib/python3.12/site-packages/phonenumber_field/locale/nb/LC_MESSAGES/django.po” is already compiled and up to date.
File “/Users/lilla/residenza127/venv/lib/python3.12/site-packages/phonenumber_field/locale/az/LC_MESSAGES/django.po” is already compiled and up to date.
File “/Users/lilla/residenza127/venv/lib/python3.12/site-packages/phonenumber_field/locale/de/LC_MESSAGES/django.po” is already compiled and up to date.
